<?xml version="1.0"?>
<link_info>
   <banner>TMS320C2000 Linker PC v16.9.1.LTS</banner>
   <copyright>Copyright (c) 1996-2015 Texas Instruments Incorporated</copyright>
   <link_time>0x592d0e26</link_time>
   <link_errors>0x0</link_errors>
   <output_file>Wireless_System_Control.out</output_file>
   <entry_point>
      <name>code_start</name>
      <address>0x3f7ff6</address>
   </entry_point>
   <input_file_list>
      <input_file id="fl-4">
         <path>.\</path>
         <kind>object</kind>
         <file>F2806x_Adc.obj</file>
         <name>F2806x_Adc.obj</name>
      </input_file>
      <input_file id="fl-5">
         <path>.\</path>
         <kind>object</kind>
         <file>F2806x_CodeStartBranch.obj</file>
         <name>F2806x_CodeStartBranch.obj</name>
      </input_file>
      <input_file id="fl-6">
         <path>.\</path>
         <kind>object</kind>
         <file>F2806x_CpuTimers.obj</file>
         <name>F2806x_CpuTimers.obj</name>
      </input_file>
      <input_file id="fl-7">
         <path>.\</path>
         <kind>object</kind>
         <file>F2806x_DefaultIsr.obj</file>
         <name>F2806x_DefaultIsr.obj</name>
      </input_file>
      <input_file id="fl-8">
         <path>.\</path>
         <kind>object</kind>
         <file>F2806x_EPwm.obj</file>
         <name>F2806x_EPwm.obj</name>
      </input_file>
      <input_file id="fl-9">
         <path>.\</path>
         <kind>object</kind>
         <file>F2806x_GlobalVariableDefs.obj</file>
         <name>F2806x_GlobalVariableDefs.obj</name>
      </input_file>
      <input_file id="fl-a">
         <path>.\</path>
         <kind>object</kind>
         <file>F2806x_PieCtrl.obj</file>
         <name>F2806x_PieCtrl.obj</name>
      </input_file>
      <input_file id="fl-b">
         <path>.\</path>
         <kind>object</kind>
         <file>F2806x_PieVect.obj</file>
         <name>F2806x_PieVect.obj</name>
      </input_file>
      <input_file id="fl-c">
         <path>.\</path>
         <kind>object</kind>
         <file>F2806x_SysCtrl.obj</file>
         <name>F2806x_SysCtrl.obj</name>
      </input_file>
      <input_file id="fl-d">
         <path>.\</path>
         <kind>object</kind>
         <file>F2806x_usDelay.obj</file>
         <name>F2806x_usDelay.obj</name>
      </input_file>
      <input_file id="fl-e">
         <path>.\</path>
         <kind>object</kind>
         <file>Main.obj</file>
         <name>Main.obj</name>
      </input_file>
      <input_file id="fl-f">
         <path>.\app\</path>
         <kind>object</kind>
         <file>CoilCouplingEst.obj</file>
         <name>CoilCouplingEst.obj</name>
      </input_file>
      <input_file id="fl-10">
         <path>.\app\</path>
         <kind>object</kind>
         <file>Fan_Control.obj</file>
         <name>Fan_Control.obj</name>
      </input_file>
      <input_file id="fl-11">
         <path>.\app\DC-DC_Control\</path>
         <kind>object</kind>
         <file>DC-DC_Control.obj</file>
         <name>DC-DC_Control.obj</name>
      </input_file>
      <input_file id="fl-12">
         <path>.\app\INV_Control\</path>
         <kind>object</kind>
         <file>Inverter_Control.obj</file>
         <name>Inverter_Control.obj</name>
      </input_file>
      <input_file id="fl-13">
         <path>.\app\PFC_Control\</path>
         <kind>object</kind>
         <file>IO_Setting.obj</file>
         <name>IO_Setting.obj</name>
      </input_file>
      <input_file id="fl-14">
         <path>.\app\PFC_Control\</path>
         <kind>object</kind>
         <file>PFC_Control.obj</file>
         <name>PFC_Control.obj</name>
      </input_file>
      <input_file id="fl-15">
         <path>.\driverlib\inc\</path>
         <kind>object</kind>
         <file>adc.obj</file>
         <name>adc.obj</name>
      </input_file>
      <input_file id="fl-16">
         <path>.\driverlib\inc\</path>
         <kind>object</kind>
         <file>asysctl.obj</file>
         <name>asysctl.obj</name>
      </input_file>
      <input_file id="fl-17">
         <path>.\driverlib\inc\</path>
         <kind>object</kind>
         <file>can.obj</file>
         <name>can.obj</name>
      </input_file>
      <input_file id="fl-18">
         <path>.\driverlib\inc\</path>
         <kind>object</kind>
         <file>cla.obj</file>
         <name>cla.obj</name>
      </input_file>
      <input_file id="fl-19">
         <path>.\driverlib\inc\</path>
         <kind>object</kind>
         <file>cmpss.obj</file>
         <name>cmpss.obj</name>
      </input_file>
      <input_file id="fl-1a">
         <path>.\driverlib\inc\</path>
         <kind>object</kind>
         <file>cputimer.obj</file>
         <name>cputimer.obj</name>
      </input_file>
      <input_file id="fl-1b">
         <path>.\driverlib\inc\</path>
         <kind>object</kind>
         <file>dac.obj</file>
         <name>dac.obj</name>
      </input_file>
      <input_file id="fl-1c">
         <path>.\driverlib\inc\</path>
         <kind>object</kind>
         <file>dcsm.obj</file>
         <name>dcsm.obj</name>
      </input_file>
      <input_file id="fl-1d">
         <path>.\driverlib\inc\</path>
         <kind>object</kind>
         <file>dma.obj</file>
         <name>dma.obj</name>
      </input_file>
      <input_file id="fl-1e">
         <path>.\driverlib\inc\</path>
         <kind>object</kind>
         <file>ecap.obj</file>
         <name>ecap.obj</name>
      </input_file>
      <input_file id="fl-1f">
         <path>.\driverlib\inc\</path>
         <kind>object</kind>
         <file>emif.obj</file>
         <name>emif.obj</name>
      </input_file>
      <input_file id="fl-20">
         <path>.\driverlib\inc\</path>
         <kind>object</kind>
         <file>epwm.obj</file>
         <name>epwm.obj</name>
      </input_file>
      <input_file id="fl-21">
         <path>.\driverlib\inc\</path>
         <kind>object</kind>
         <file>eqep.obj</file>
         <name>eqep.obj</name>
      </input_file>
      <input_file id="fl-22">
         <path>.\driverlib\inc\</path>
         <kind>object</kind>
         <file>flash.obj</file>
         <name>flash.obj</name>
      </input_file>
      <input_file id="fl-23">
         <path>.\driverlib\inc\</path>
         <kind>object</kind>
         <file>gpio.obj</file>
         <name>gpio.obj</name>
      </input_file>
      <input_file id="fl-24">
         <path>.\driverlib\inc\</path>
         <kind>object</kind>
         <file>hrpwm.obj</file>
         <name>hrpwm.obj</name>
      </input_file>
      <input_file id="fl-25">
         <path>.\driverlib\inc\</path>
         <kind>object</kind>
         <file>i2c.obj</file>
         <name>i2c.obj</name>
      </input_file>
      <input_file id="fl-26">
         <path>.\driverlib\inc\</path>
         <kind>object</kind>
         <file>interrupt.obj</file>
         <name>interrupt.obj</name>
      </input_file>
      <input_file id="fl-27">
         <path>.\driverlib\inc\</path>
         <kind>object</kind>
         <file>mcbsp.obj</file>
         <name>mcbsp.obj</name>
      </input_file>
      <input_file id="fl-28">
         <path>.\driverlib\inc\</path>
         <kind>object</kind>
         <file>memcfg.obj</file>
         <name>memcfg.obj</name>
      </input_file>
      <input_file id="fl-29">
         <path>.\driverlib\inc\</path>
         <kind>object</kind>
         <file>sci.obj</file>
         <name>sci.obj</name>
      </input_file>
      <input_file id="fl-2a">
         <path>.\driverlib\inc\</path>
         <kind>object</kind>
         <file>sdfm.obj</file>
         <name>sdfm.obj</name>
      </input_file>
      <input_file id="fl-2b">
         <path>.\driverlib\inc\</path>
         <kind>object</kind>
         <file>spi.obj</file>
         <name>spi.obj</name>
      </input_file>
      <input_file id="fl-2c">
         <path>.\driverlib\inc\</path>
         <kind>object</kind>
         <file>sysctl.obj</file>
         <name>sysctl.obj</name>
      </input_file>
      <input_file id="fl-2d">
         <path>.\driverlib\inc\</path>
         <kind>object</kind>
         <file>version.obj</file>
         <name>version.obj</name>
      </input_file>
      <input_file id="fl-2e">
         <path>.\driverlib\inc\</path>
         <kind>object</kind>
         <file>xbar.obj</file>
         <name>xbar.obj</name>
      </input_file>
      <input_file id="fl-34">
         <path>C:\ti\c2000\C2000Ware_1_00_00_00\libraries\math\FPUfastRTS\c28\lib\</path>
         <kind>archive</kind>
         <file>rts2800_fpu32_fast_supplement.lib</file>
         <name>div_f32.obj</name>
      </input_file>
      <input_file id="fl-35">
         <path>C:\ti\ccs710\ccsv7\tools\compiler\ti-cgt-c2000_16.9.1.LTS\lib\</path>
         <kind>archive</kind>
         <file>rts2800_fpu32.lib</file>
         <name>boot28.obj</name>
      </input_file>
      <input_file id="fl-36">
         <path>C:\ti\ccs710\ccsv7\tools\compiler\ti-cgt-c2000_16.9.1.LTS\lib\</path>
         <kind>archive</kind>
         <file>rts2800_fpu32.lib</file>
         <name>args_main.obj</name>
      </input_file>
      <input_file id="fl-37">
         <path>C:\ti\ccs710\ccsv7\tools\compiler\ti-cgt-c2000_16.9.1.LTS\lib\</path>
         <kind>archive</kind>
         <file>rts2800_fpu32.lib</file>
         <name>startup.obj</name>
      </input_file>
      <input_file id="fl-38">
         <path>C:\ti\ccs710\ccsv7\tools\compiler\ti-cgt-c2000_16.9.1.LTS\lib\</path>
         <kind>archive</kind>
         <file>rts2800_fpu32.lib</file>
         <name>pre_init.obj</name>
      </input_file>
      <input_file id="fl-39">
         <path>C:\ti\ccs710\ccsv7\tools\compiler\ti-cgt-c2000_16.9.1.LTS\lib\</path>
         <kind>archive</kind>
         <file>rts2800_fpu32.lib</file>
         <name>cpy_tbl.obj</name>
      </input_file>
      <input_file id="fl-3a">
         <path>C:\ti\ccs710\ccsv7\tools\compiler\ti-cgt-c2000_16.9.1.LTS\lib\</path>
         <kind>archive</kind>
         <file>rts2800_fpu32.lib</file>
         <name>exit.obj</name>
      </input_file>
      <input_file id="fl-3b">
         <path>C:\ti\ccs710\ccsv7\tools\compiler\ti-cgt-c2000_16.9.1.LTS\lib\</path>
         <kind>archive</kind>
         <file>rts2800_fpu32.lib</file>
         <name>_lock.obj</name>
      </input_file>
      <input_file id="fl-3c">
         <path>C:\ti\ccs710\ccsv7\tools\compiler\ti-cgt-c2000_16.9.1.LTS\lib\</path>
         <kind>archive</kind>
         <file>rts2800_fpu32.lib</file>
         <name>memcpy.obj</name>
      </input_file>
      <input_file id="fl-3d">
         <path>C:\ti\c2000\C2000Ware_1_00_00_00\libraries\math\FPUfastRTS\c28\lib\</path>
         <kind>archive</kind>
         <file>rts2800_fpu32_fast_supplement.lib</file>
         <name>sqrt_f32.obj</name>
      </input_file>
   </input_file_list>
   <object_component_list>
      <object_component id="oc-e3">
         <name>.cinit</name>
         <load_address>0x3f4d7e</load_address>
         <run_address>0x3f4d7e</run_address>
         <size>0x7a</size>
         <input_file_ref idref="fl-14"/>
      </object_component>
      <object_component id="oc-d2">
         <name>.cinit</name>
         <load_address>0x3f4df8</load_address>
         <run_address>0x3f4df8</run_address>
         <size>0x2c</size>
         <input_file_ref idref="fl-11"/>
      </object_component>
      <object_component id="oc-180">
         <name>.cinit</name>
         <load_address>0x3f4e24</load_address>
         <run_address>0x3f4e24</run_address>
         <size>0xe</size>
         <input_file_ref idref="fl-3a"/>
      </object_component>
      <object_component id="oc-bf">
         <name>.cinit</name>
         <load_address>0x3f4e32</load_address>
         <run_address>0x3f4e32</run_address>
         <size>0x5</size>
         <input_file_ref idref="fl-e"/>
      </object_component>
      <object_component id="oc-19e">
         <name>.cinit:__lock</name>
         <load_address>0x3f4e37</load_address>
         <run_address>0x3f4e37</run_address>
         <size>0x5</size>
         <input_file_ref idref="fl-3b"/>
      </object_component>
      <object_component id="oc-1a5">
         <name>.cinit:__unlock</name>
         <load_address>0x3f4e3c</load_address>
         <run_address>0x3f4e3c</run_address>
         <size>0x5</size>
         <input_file_ref idref="fl-3b"/>
      </object_component>
      <object_component id="oc-65">
         <name>.text:retain</name>
         <load_address>0x3f4000</load_address>
         <run_address>0x3f4000</run_address>
         <size>0x39b</size>
         <input_file_ref idref="fl-7"/>
      </object_component>
      <object_component id="oc-19f">
         <name>.text</name>
         <load_address>0x3f439b</load_address>
         <run_address>0x3f439b</run_address>
         <size>0x284</size>
         <input_file_ref idref="fl-13"/>
      </object_component>
      <object_component id="oc-194">
         <name>.text</name>
         <load_address>0x3f461f</load_address>
         <run_address>0x3f461f</run_address>
         <size>0x1a1</size>
         <input_file_ref idref="fl-14"/>
      </object_component>
      <object_component id="oc-1a0">
         <name>.text</name>
         <load_address>0x3f47c0</load_address>
         <run_address>0x3f47c0</run_address>
         <size>0x18c</size>
         <input_file_ref idref="fl-c"/>
      </object_component>
      <object_component id="oc-195">
         <name>.text</name>
         <load_address>0x3f494c</load_address>
         <run_address>0x3f494c</run_address>
         <size>0xc4</size>
         <input_file_ref idref="fl-11"/>
      </object_component>
      <object_component id="oc-1a2">
         <name>.text</name>
         <load_address>0x3f4a10</load_address>
         <run_address>0x3f4a10</run_address>
         <size>0x76</size>
         <input_file_ref idref="fl-6"/>
      </object_component>
      <object_component id="oc-164">
         <name>.text</name>
         <load_address>0x3f4a86</load_address>
         <run_address>0x3f4a86</run_address>
         <size>0x56</size>
         <input_file_ref idref="fl-35"/>
      </object_component>
      <object_component id="oc-1a3">
         <name>.text</name>
         <load_address>0x3f4adc</load_address>
         <run_address>0x3f4adc</run_address>
         <size>0x44</size>
         <input_file_ref idref="fl-12"/>
      </object_component>
      <object_component id="oc-19a">
         <name>.text</name>
         <load_address>0x3f4b20</load_address>
         <run_address>0x3f4b20</run_address>
         <size>0x29</size>
         <input_file_ref idref="fl-3a"/>
      </object_component>
      <object_component id="oc-1a6">
         <name>.text</name>
         <load_address>0x3f4b49</load_address>
         <run_address>0x3f4b49</run_address>
         <size>0x28</size>
         <input_file_ref idref="fl-a"/>
      </object_component>
      <object_component id="oc-19c">
         <name>.text</name>
         <load_address>0x3f4b71</load_address>
         <run_address>0x3f4b71</run_address>
         <size>0x28</size>
         <input_file_ref idref="fl-e"/>
      </object_component>
      <object_component id="oc-1a7">
         <name>.text</name>
         <load_address>0x3f4b99</load_address>
         <run_address>0x3f4b99</run_address>
         <size>0x26</size>
         <input_file_ref idref="fl-b"/>
      </object_component>
      <object_component id="oc-197">
         <name>.text</name>
         <load_address>0x3f4bbf</load_address>
         <run_address>0x3f4bbf</run_address>
         <size>0x24</size>
         <input_file_ref idref="fl-39"/>
      </object_component>
      <object_component id="oc-190">
         <name>.text</name>
         <load_address>0x3f4be3</load_address>
         <run_address>0x3f4be3</run_address>
         <size>0x21</size>
         <input_file_ref idref="fl-3d"/>
      </object_component>
      <object_component id="oc-19b">
         <name>.text</name>
         <load_address>0x3f4c04</load_address>
         <run_address>0x3f4c04</run_address>
         <size>0x1e</size>
         <input_file_ref idref="fl-3c"/>
      </object_component>
      <object_component id="oc-199">
         <name>.text</name>
         <load_address>0x3f4c22</load_address>
         <run_address>0x3f4c22</run_address>
         <size>0x19</size>
         <input_file_ref idref="fl-36"/>
      </object_component>
      <object_component id="oc-160">
         <name>.text</name>
         <load_address>0x3f4c3b</load_address>
         <run_address>0x3f4c3b</run_address>
         <size>0x19</size>
         <input_file_ref idref="fl-34"/>
      </object_component>
      <object_component id="oc-c2">
         <name>.text:retain</name>
         <load_address>0x3f4c54</load_address>
         <run_address>0x3f4c54</run_address>
         <size>0x15</size>
         <input_file_ref idref="fl-e"/>
      </object_component>
      <object_component id="oc-1a4">
         <name>.text</name>
         <load_address>0x3f4c69</load_address>
         <run_address>0x3f4c69</run_address>
         <size>0x9</size>
         <input_file_ref idref="fl-3b"/>
      </object_component>
      <object_component id="oc-59">
         <name>.text</name>
         <load_address>0x3f4c72</load_address>
         <run_address>0x3f4c72</run_address>
         <size>0x8</size>
         <input_file_ref idref="fl-5"/>
      </object_component>
      <object_component id="oc-196">
         <name>.text</name>
         <load_address>0x3f4c7a</load_address>
         <run_address>0x3f4c7a</run_address>
         <size>0x2</size>
         <input_file_ref idref="fl-38"/>
      </object_component>
      <object_component id="oc-198">
         <name>.text</name>
         <load_address>0x3f4c7c</load_address>
         <run_address>0x3f4c7c</run_address>
         <size>0x1</size>
         <input_file_ref idref="fl-37"/>
      </object_component>
      <object_component id="oc-53">
         <name>codestart</name>
         <load_address>0x3f7ff6</load_address>
         <run_address>0x3f7ff6</run_address>
         <size>0x2</size>
         <input_file_ref idref="fl-5"/>
      </object_component>
      <object_component id="oc-151">
         <name>.TI.ramfunc</name>
         <load_address>0x3e8000</load_address>
         <run_address>0x8000</run_address>
         <size>0x4</size>
         <input_file_ref idref="fl-2c"/>
      </object_component>
      <object_component id="oc-165">
         <name>.stack</name>
         <uninitialized>true</uninitialized>
         <run_address>0x50</run_address>
         <size>0x0</size>
         <input_file_ref idref="fl-35"/>
      </object_component>
      <object_component id="oc-206">
         <name>.stack</name>
         <uninitialized>true</uninitialized>
         <run_address>0x50</run_address>
         <size>0x0</size>
      </object_component>
      <object_component id="oc-5f">
         <name>.ebss</name>
         <uninitialized>true</uninitialized>
         <run_address>0xa080</run_address>
         <size>0x18</size>
         <input_file_ref idref="fl-6"/>
      </object_component>
      <object_component id="oc-c0">
         <name>.ebss</name>
         <uninitialized>true</uninitialized>
         <run_address>0xa076</run_address>
         <size>0x4</size>
         <input_file_ref idref="fl-e"/>
      </object_component>
      <object_component id="oc-d3">
         <name>.ebss</name>
         <uninitialized>true</uninitialized>
         <run_address>0xa04e</run_address>
         <size>0x22</size>
         <input_file_ref idref="fl-11"/>
      </object_component>
      <object_component id="oc-e4">
         <name>.ebss</name>
         <uninitialized>true</uninitialized>
         <run_address>0xa000</run_address>
         <size>0x4e</size>
         <input_file_ref idref="fl-14"/>
      </object_component>
      <object_component id="oc-181">
         <name>.ebss</name>
         <uninitialized>true</uninitialized>
         <run_address>0xa070</run_address>
         <size>0x6</size>
         <input_file_ref idref="fl-3a"/>
      </object_component>
      <object_component id="oc-1a8">
         <name>.ebss:__unlock</name>
         <uninitialized>true</uninitialized>
         <run_address>0xa07c</run_address>
         <size>0x2</size>
         <input_file_ref idref="fl-3b"/>
      </object_component>
      <object_component id="oc-19d">
         <name>.ebss:__lock</name>
         <uninitialized>true</uninitialized>
         <run_address>0xa07a</run_address>
         <size>0x2</size>
         <input_file_ref idref="fl-3b"/>
      </object_component>
      <object_component id="oc-1a9">
         <name>.econst:_PieVectTableInit</name>
         <load_address>0x3f4c7e</load_address>
         <run_address>0x3f4c7e</run_address>
         <size>0x100</size>
         <input_file_ref idref="fl-b"/>
      </object_component>
      <object_component id="oc-166">
         <name>.reset</name>
         <load_address>0x3fffc0</load_address>
         <run_address>0x3fffc0</run_address>
         <size>0x2</size>
         <input_file_ref idref="fl-35"/>
      </object_component>
      <object_component id="oc-a6">
         <name>PieVectTableFile</name>
         <uninitialized>true</uninitialized>
         <run_address>0xd00</run_address>
         <size>0x100</size>
         <input_file_ref idref="fl-9"/>
      </object_component>
      <object_component id="oc-71">
         <name>EmuKeyVar</name>
         <uninitialized>true</uninitialized>
         <run_address>0xd00</run_address>
         <size>0x1</size>
         <input_file_ref idref="fl-9"/>
      </object_component>
      <object_component id="oc-72">
         <name>EmuBModeVar</name>
         <uninitialized>true</uninitialized>
         <run_address>0xd01</run_address>
         <size>0x1</size>
         <input_file_ref idref="fl-9"/>
      </object_component>
      <object_component id="oc-73">
         <name>FlashCallbackVar</name>
         <uninitialized>true</uninitialized>
         <run_address>0xd02</run_address>
         <size>0x2</size>
         <input_file_ref idref="fl-9"/>
      </object_component>
      <object_component id="oc-74">
         <name>FlashScalingVar</name>
         <uninitialized>true</uninitialized>
         <run_address>0xd04</run_address>
         <size>0x2</size>
         <input_file_ref idref="fl-9"/>
      </object_component>
      <object_component id="oc-76">
         <name>DevEmuRegsFile</name>
         <uninitialized>true</uninitialized>
         <run_address>0x880</run_address>
         <size>0x4</size>
         <input_file_ref idref="fl-9"/>
      </object_component>
      <object_component id="oc-75">
         <name>SysPwrCtrlRegsFile</name>
         <uninitialized>true</uninitialized>
         <run_address>0x985</run_address>
         <size>0x3</size>
         <input_file_ref idref="fl-9"/>
      </object_component>
      <object_component id="oc-77">
         <name>FlashRegsFile</name>
         <uninitialized>true</uninitialized>
         <run_address>0xa80</run_address>
         <size>0x8</size>
         <input_file_ref idref="fl-9"/>
      </object_component>
      <object_component id="oc-81">
         <name>CsmRegsFile</name>
         <uninitialized>true</uninitialized>
         <run_address>0xae0</run_address>
         <size>0x10</size>
         <input_file_ref idref="fl-9"/>
      </object_component>
      <object_component id="oc-7e">
         <name>AdcResultFile</name>
         <uninitialized>true</uninitialized>
         <run_address>0xb00</run_address>
         <size>0x10</size>
         <input_file_ref idref="fl-9"/>
      </object_component>
      <object_component id="oc-78">
         <name>CpuTimer0RegsFile</name>
         <uninitialized>true</uninitialized>
         <run_address>0xc00</run_address>
         <size>0x8</size>
         <input_file_ref idref="fl-9"/>
      </object_component>
      <object_component id="oc-7b">
         <name>CpuTimer1RegsFile</name>
         <uninitialized>true</uninitialized>
         <run_address>0xc08</run_address>
         <size>0x8</size>
         <input_file_ref idref="fl-9"/>
      </object_component>
      <object_component id="oc-79">
         <name>CpuTimer2RegsFile</name>
         <uninitialized>true</uninitialized>
         <run_address>0xc10</run_address>
         <size>0x8</size>
         <input_file_ref idref="fl-9"/>
      </object_component>
      <object_component id="oc-87">
         <name>PieCtrlRegsFile</name>
         <uninitialized>true</uninitialized>
         <run_address>0xce0</run_address>
         <size>0x1a</size>
         <input_file_ref idref="fl-9"/>
      </object_component>
      <object_component id="oc-9c">
         <name>Cla1RegsFile</name>
         <uninitialized>true</uninitialized>
         <run_address>0x1400</run_address>
         <size>0x40</size>
         <input_file_ref idref="fl-9"/>
      </object_component>
      <object_component id="oc-a5">
         <name>DmaRegsFile</name>
         <uninitialized>true</uninitialized>
         <run_address>0x1000</run_address>
         <size>0xe0</size>
         <input_file_ref idref="fl-9"/>
      </object_component>
      <object_component id="oc-96">
         <name>ECanaRegsFile</name>
         <uninitialized>true</uninitialized>
         <run_address>0x6000</run_address>
         <size>0x34</size>
         <input_file_ref idref="fl-9"/>
      </object_component>
      <object_component id="oc-9a">
         <name>ECanaLAMRegsFile</name>
         <uninitialized>true</uninitialized>
         <run_address>0x6040</run_address>
         <size>0x40</size>
         <input_file_ref idref="fl-9"/>
      </object_component>
      <object_component id="oc-a7">
         <name>ECanaMboxesFile</name>
         <uninitialized>true</uninitialized>
         <run_address>0x6100</run_address>
         <size>0x100</size>
         <input_file_ref idref="fl-9"/>
      </object_component>
      <object_component id="oc-9b">
         <name>ECanaMOTSRegsFile</name>
         <uninitialized>true</uninitialized>
         <run_address>0x6080</run_address>
         <size>0x40</size>
         <input_file_ref idref="fl-9"/>
      </object_component>
      <object_component id="oc-97">
         <name>ECanaMOTORegsFile</name>
         <uninitialized>true</uninitialized>
         <run_address>0x60c0</run_address>
         <size>0x40</size>
         <input_file_ref idref="fl-9"/>
      </object_component>
      <object_component id="oc-8f">
         <name>ECap1RegsFile</name>
         <uninitialized>true</uninitialized>
         <run_address>0x6a00</run_address>
         <size>0x20</size>
         <input_file_ref idref="fl-9"/>
      </object_component>
      <object_component id="oc-8e">
         <name>ECap2RegsFile</name>
         <uninitialized>true</uninitialized>
         <run_address>0x6a20</run_address>
         <size>0x20</size>
         <input_file_ref idref="fl-9"/>
      </object_component>
      <object_component id="oc-90">
         <name>ECap3RegsFile</name>
         <uninitialized>true</uninitialized>
         <run_address>0x6a40</run_address>
         <size>0x20</size>
         <input_file_ref idref="fl-9"/>
      </object_component>
      <object_component id="oc-93">
         <name>EQep1RegsFile</name>
         <uninitialized>true</uninitialized>
         <run_address>0x6b00</run_address>
         <size>0x22</size>
         <input_file_ref idref="fl-9"/>
      </object_component>
      <object_component id="oc-91">
         <name>EQep2RegsFile</name>
         <uninitialized>true</uninitialized>
         <run_address>0x6b40</run_address>
         <size>0x22</size>
         <input_file_ref idref="fl-9"/>
      </object_component>
      <object_component id="oc-9f">
         <name>GpioCtrlRegsFile</name>
         <uninitialized>true</uninitialized>
         <run_address>0x6f80</run_address>
         <size>0x40</size>
         <input_file_ref idref="fl-9"/>
      </object_component>
      <object_component id="oc-89">
         <name>GpioDataRegsFile</name>
         <uninitialized>true</uninitialized>
         <run_address>0x6fc0</run_address>
         <size>0x20</size>
         <input_file_ref idref="fl-9"/>
      </object_component>
      <object_component id="oc-88">
         <name>GpioIntRegsFile</name>
         <uninitialized>true</uninitialized>
         <run_address>0x6fe0</run_address>
         <size>0x20</size>
         <input_file_ref idref="fl-9"/>
      </object_component>
      <object_component id="oc-8c">
         <name>HRCap1RegsFile</name>
         <uninitialized>true</uninitialized>
         <run_address>0x6ac0</run_address>
         <size>0x20</size>
         <input_file_ref idref="fl-9"/>
      </object_component>
      <object_component id="oc-8d">
         <name>HRCap2RegsFile</name>
         <uninitialized>true</uninitialized>
         <run_address>0x6ae0</run_address>
         <size>0x20</size>
         <input_file_ref idref="fl-9"/>
      </object_component>
      <object_component id="oc-8a">
         <name>HRCap3RegsFile</name>
         <uninitialized>true</uninitialized>
         <run_address>0x6c80</run_address>
         <size>0x20</size>
         <input_file_ref idref="fl-9"/>
      </object_component>
      <object_component id="oc-8b">
         <name>HRCap4RegsFile</name>
         <uninitialized>true</uninitialized>
         <run_address>0x6ca0</run_address>
         <size>0x20</size>
         <input_file_ref idref="fl-9"/>
      </object_component>
      <object_component id="oc-95">
         <name>SysCtrlRegsFile</name>
         <uninitialized>true</uninitialized>
         <run_address>0x7010</run_address>
         <size>0x30</size>
         <input_file_ref idref="fl-9"/>
      </object_component>
      <object_component id="oc-7d">
         <name>SpiaRegsFile</name>
         <uninitialized>true</uninitialized>
         <run_address>0x7040</run_address>
         <size>0x10</size>
         <input_file_ref idref="fl-9"/>
      </object_component>
      <object_component id="oc-82">
         <name>SpibRegsFile</name>
         <uninitialized>true</uninitialized>
         <run_address>0x7740</run_address>
         <size>0x10</size>
         <input_file_ref idref="fl-9"/>
      </object_component>
      <object_component id="oc-7f">
         <name>SciaRegsFile</name>
         <uninitialized>true</uninitialized>
         <run_address>0x7050</run_address>
         <size>0x10</size>
         <input_file_ref idref="fl-9"/>
      </object_component>
      <object_component id="oc-7c">
         <name>ScibRegsFile</name>
         <uninitialized>true</uninitialized>
         <run_address>0x7750</run_address>
         <size>0x10</size>
         <input_file_ref idref="fl-9"/>
      </object_component>
      <object_component id="oc-80">
         <name>NmiIntruptRegsFile</name>
         <uninitialized>true</uninitialized>
         <run_address>0x7060</run_address>
         <size>0x10</size>
         <input_file_ref idref="fl-9"/>
      </object_component>
      <object_component id="oc-83">
         <name>XIntruptRegsFile</name>
         <uninitialized>true</uninitialized>
         <run_address>0x7070</run_address>
         <size>0x10</size>
         <input_file_ref idref="fl-9"/>
      </object_component>
      <object_component id="oc-a4">
         <name>AdcRegsFile</name>
         <uninitialized>true</uninitialized>
         <run_address>0x7100</run_address>
         <size>0x50</size>
         <input_file_ref idref="fl-9"/>
      </object_component>
      <object_component id="oc-92">
         <name>I2caRegsFile</name>
         <uninitialized>true</uninitialized>
         <run_address>0x7900</run_address>
         <size>0x22</size>
         <input_file_ref idref="fl-9"/>
      </object_component>
      <object_component id="oc-85">
         <name>Comp1RegsFile</name>
         <uninitialized>true</uninitialized>
         <run_address>0x6400</run_address>
         <size>0x14</size>
         <input_file_ref idref="fl-9"/>
      </object_component>
      <object_component id="oc-84">
         <name>Comp2RegsFile</name>
         <uninitialized>true</uninitialized>
         <run_address>0x6420</run_address>
         <size>0x14</size>
         <input_file_ref idref="fl-9"/>
      </object_component>
      <object_component id="oc-86">
         <name>Comp3RegsFile</name>
         <uninitialized>true</uninitialized>
         <run_address>0x6440</run_address>
         <size>0x14</size>
         <input_file_ref idref="fl-9"/>
      </object_component>
      <object_component id="oc-99">
         <name>EPwm1RegsFile</name>
         <uninitialized>true</uninitialized>
         <run_address>0x6800</run_address>
         <size>0x40</size>
         <input_file_ref idref="fl-9"/>
      </object_component>
      <object_component id="oc-98">
         <name>EPwm2RegsFile</name>
         <uninitialized>true</uninitialized>
         <run_address>0x6840</run_address>
         <size>0x40</size>
         <input_file_ref idref="fl-9"/>
      </object_component>
      <object_component id="oc-a3">
         <name>EPwm3RegsFile</name>
         <uninitialized>true</uninitialized>
         <run_address>0x6880</run_address>
         <size>0x40</size>
         <input_file_ref idref="fl-9"/>
      </object_component>
      <object_component id="oc-a1">
         <name>EPwm4RegsFile</name>
         <uninitialized>true</uninitialized>
         <run_address>0x68c0</run_address>
         <size>0x40</size>
         <input_file_ref idref="fl-9"/>
      </object_component>
      <object_component id="oc-a2">
         <name>EPwm5RegsFile</name>
         <uninitialized>true</uninitialized>
         <run_address>0x6900</run_address>
         <size>0x40</size>
         <input_file_ref idref="fl-9"/>
      </object_component>
      <object_component id="oc-9e">
         <name>EPwm6RegsFile</name>
         <uninitialized>true</uninitialized>
         <run_address>0x6940</run_address>
         <size>0x40</size>
         <input_file_ref idref="fl-9"/>
      </object_component>
      <object_component id="oc-9d">
         <name>EPwm7RegsFile</name>
         <uninitialized>true</uninitialized>
         <run_address>0x6980</run_address>
         <size>0x40</size>
         <input_file_ref idref="fl-9"/>
      </object_component>
      <object_component id="oc-a0">
         <name>EPwm8RegsFile</name>
         <uninitialized>true</uninitialized>
         <run_address>0x69c0</run_address>
         <size>0x40</size>
         <input_file_ref idref="fl-9"/>
      </object_component>
      <object_component id="oc-94">
         <name>McbspaRegsFile</name>
         <uninitialized>true</uninitialized>
         <run_address>0x5000</run_address>
         <size>0x24</size>
         <input_file_ref idref="fl-9"/>
      </object_component>
      <object_component id="oc-a8">
         <name>Usb0RegsFile</name>
         <uninitialized>true</uninitialized>
         <run_address>0x4000</run_address>
         <size>0x454</size>
         <input_file_ref idref="fl-9"/>
      </object_component>
      <object_component id="oc-7a">
         <name>CsmPwlFile</name>
         <uninitialized>true</uninitialized>
         <run_address>0x3f7ff8</run_address>
         <size>0x8</size>
         <input_file_ref idref="fl-9"/>
      </object_component>
      <object_component id="oc-70">
         <name>PartIdRegsFile</name>
         <uninitialized>true</uninitialized>
         <run_address>0x3d7e80</run_address>
         <size>0x1</size>
         <input_file_ref idref="fl-9"/>
      </object_component>
      <object_component id="oc-54">
         <name>.debug_info</name>
         <load_address>0x0</load_address>
         <run_address>0x0</run_address>
         <size>0x4996</size>
         <input_file_ref idref="fl-4"/>
      </object_component>
      <object_component id="oc-5a">
         <name>.debug_info</name>
         <load_address>0x4996</load_address>
         <run_address>0x4996</run_address>
         <size>0x214</size>
         <input_file_ref idref="fl-5"/>
      </object_component>
      <object_component id="oc-5e">
         <name>.debug_info</name>
         <load_address>0x4baa</load_address>
         <run_address>0x4baa</run_address>
         <size>0xb25</size>
         <input_file_ref idref="fl-6"/>
      </object_component>
      <object_component id="oc-64">
         <name>.debug_info</name>
         <load_address>0x56cf</load_address>
         <run_address>0x56cf</run_address>
         <size>0x53a4</size>
         <input_file_ref idref="fl-7"/>
      </object_component>
      <object_component id="oc-6a">
         <name>.debug_info</name>
         <load_address>0xaa73</load_address>
         <run_address>0xaa73</run_address>
         <size>0x190f</size>
         <input_file_ref idref="fl-8"/>
      </object_component>
      <object_component id="oc-6f">
         <name>.debug_info</name>
         <load_address>0xc382</load_address>
         <run_address>0xc382</run_address>
         <size>0x1b09d</size>
         <input_file_ref idref="fl-9"/>
      </object_component>
      <object_component id="oc-aa">
         <name>.debug_info</name>
         <load_address>0x2741f</load_address>
         <run_address>0x2741f</run_address>
         <size>0xcbf</size>
         <input_file_ref idref="fl-a"/>
      </object_component>
      <object_component id="oc-af">
         <name>.debug_info</name>
         <load_address>0x280de</load_address>
         <run_address>0x280de</run_address>
         <size>0x257c</size>
         <input_file_ref idref="fl-b"/>
      </object_component>
      <object_component id="oc-b4">
         <name>.debug_info</name>
         <load_address>0x2a65a</load_address>
         <run_address>0x2a65a</run_address>
         <size>0x2fb7</size>
         <input_file_ref idref="fl-c"/>
      </object_component>
      <object_component id="oc-ba">
         <name>.debug_info</name>
         <load_address>0x2d611</load_address>
         <run_address>0x2d611</run_address>
         <size>0x19d</size>
         <input_file_ref idref="fl-d"/>
      </object_component>
      <object_component id="oc-be">
         <name>.debug_info</name>
         <load_address>0x2d7ae</load_address>
         <run_address>0x2d7ae</run_address>
         <size>0x57ec</size>
         <input_file_ref idref="fl-e"/>
      </object_component>
      <object_component id="oc-c7">
         <name>.debug_info</name>
         <load_address>0x32f9a</load_address>
         <run_address>0x32f9a</run_address>
         <size>0x3ac</size>
         <input_file_ref idref="fl-f"/>
      </object_component>
      <object_component id="oc-cc">
         <name>.debug_info</name>
         <load_address>0x33346</load_address>
         <run_address>0x33346</run_address>
         <size>0x399</size>
         <input_file_ref idref="fl-10"/>
      </object_component>
      <object_component id="oc-d1">
         <name>.debug_info</name>
         <load_address>0x336df</load_address>
         <run_address>0x336df</run_address>
         <size>0xaed</size>
         <input_file_ref idref="fl-11"/>
      </object_component>
      <object_component id="oc-d8">
         <name>.debug_info</name>
         <load_address>0x341cc</load_address>
         <run_address>0x341cc</run_address>
         <size>0x39fc</size>
         <input_file_ref idref="fl-12"/>
      </object_component>
      <object_component id="oc-dd">
         <name>.debug_info</name>
         <load_address>0x37bc8</load_address>
         <run_address>0x37bc8</run_address>
         <size>0x8016</size>
         <input_file_ref idref="fl-13"/>
      </object_component>
      <object_component id="oc-e2">
         <name>.debug_info</name>
         <load_address>0x3fbde</load_address>
         <run_address>0x3fbde</run_address>
         <size>0xf72</size>
         <input_file_ref idref="fl-14"/>
      </object_component>
      <object_component id="oc-e9">
         <name>.debug_info</name>
         <load_address>0x40b50</load_address>
         <run_address>0x40b50</run_address>
         <size>0x436</size>
         <input_file_ref idref="fl-15"/>
      </object_component>
      <object_component id="oc-ee">
         <name>.debug_info</name>
         <load_address>0x40f86</load_address>
         <run_address>0x40f86</run_address>
         <size>0x1b7</size>
         <input_file_ref idref="fl-16"/>
      </object_component>
      <object_component id="oc-f0">
         <name>.debug_info</name>
         <load_address>0x4113d</load_address>
         <run_address>0x4113d</run_address>
         <size>0x582</size>
         <input_file_ref idref="fl-17"/>
      </object_component>
      <object_component id="oc-f5">
         <name>.debug_info</name>
         <load_address>0x416bf</load_address>
         <run_address>0x416bf</run_address>
         <size>0x9a5</size>
         <input_file_ref idref="fl-18"/>
      </object_component>
      <object_component id="oc-fa">
         <name>.debug_info</name>
         <load_address>0x42064</load_address>
         <run_address>0x42064</run_address>
         <size>0x3e7</size>
         <input_file_ref idref="fl-19"/>
      </object_component>
      <object_component id="oc-ff">
         <name>.debug_info</name>
         <load_address>0x4244b</load_address>
         <run_address>0x4244b</run_address>
         <size>0x44c</size>
         <input_file_ref idref="fl-1a"/>
      </object_component>
      <object_component id="oc-104">
         <name>.debug_info</name>
         <load_address>0x42897</load_address>
         <run_address>0x42897</run_address>
         <size>0x1b3</size>
         <input_file_ref idref="fl-1b"/>
      </object_component>
      <object_component id="oc-106">
         <name>.debug_info</name>
         <load_address>0x42a4a</load_address>
         <run_address>0x42a4a</run_address>
         <size>0x741</size>
         <input_file_ref idref="fl-1c"/>
      </object_component>
      <object_component id="oc-10b">
         <name>.debug_info</name>
         <load_address>0x4318b</load_address>
         <run_address>0x4318b</run_address>
         <size>0x9e0</size>
         <input_file_ref idref="fl-1d"/>
      </object_component>
      <object_component id="oc-110">
         <name>.debug_info</name>
         <load_address>0x43b6b</load_address>
         <run_address>0x43b6b</run_address>
         <size>0x41a</size>
         <input_file_ref idref="fl-1e"/>
      </object_component>
      <object_component id="oc-115">
         <name>.debug_info</name>
         <load_address>0x43f85</load_address>
         <run_address>0x43f85</run_address>
         <size>0x1b4</size>
         <input_file_ref idref="fl-1f"/>
      </object_component>
      <object_component id="oc-117">
         <name>.debug_info</name>
         <load_address>0x44139</load_address>
         <run_address>0x44139</run_address>
         <size>0x432</size>
         <input_file_ref idref="fl-20"/>
      </object_component>
      <object_component id="oc-11c">
         <name>.debug_info</name>
         <load_address>0x4456b</load_address>
         <run_address>0x4456b</run_address>
         <size>0x3be</size>
         <input_file_ref idref="fl-21"/>
      </object_component>
      <object_component id="oc-121">
         <name>.debug_info</name>
         <load_address>0x44929</load_address>
         <run_address>0x44929</run_address>
         <size>0x4ba</size>
         <input_file_ref idref="fl-22"/>
      </object_component>
      <object_component id="oc-126">
         <name>.debug_info</name>
         <load_address>0x44de3</load_address>
         <run_address>0x44de3</run_address>
         <size>0x67f</size>
         <input_file_ref idref="fl-23"/>
      </object_component>
      <object_component id="oc-12b">
         <name>.debug_info</name>
         <load_address>0x45462</load_address>
         <run_address>0x45462</run_address>
         <size>0x1b5</size>
         <input_file_ref idref="fl-24"/>
      </object_component>
      <object_component id="oc-12d">
         <name>.debug_info</name>
         <load_address>0x45617</load_address>
         <run_address>0x45617</run_address>
         <size>0x3ed</size>
         <input_file_ref idref="fl-25"/>
      </object_component>
      <object_component id="oc-132">
         <name>.debug_info</name>
         <load_address>0x45a04</load_address>
         <run_address>0x45a04</run_address>
         <size>0x44d</size>
         <input_file_ref idref="fl-26"/>
      </object_component>
      <object_component id="oc-137">
         <name>.debug_info</name>
         <load_address>0x45e51</load_address>
         <run_address>0x45e51</run_address>
         <size>0x1bad</size>
         <input_file_ref idref="fl-27"/>
      </object_component>
      <object_component id="oc-13c">
         <name>.debug_info</name>
         <load_address>0x479fe</load_address>
         <run_address>0x479fe</run_address>
         <size>0x4ba</size>
         <input_file_ref idref="fl-28"/>
      </object_component>
      <object_component id="oc-141">
         <name>.debug_info</name>
         <load_address>0x47eb8</load_address>
         <run_address>0x47eb8</run_address>
         <size>0x62d</size>
         <input_file_ref idref="fl-29"/>
      </object_component>
      <object_component id="oc-146">
         <name>.debug_info</name>
         <load_address>0x484e5</load_address>
         <run_address>0x484e5</run_address>
         <size>0x4ff</size>
         <input_file_ref idref="fl-2a"/>
      </object_component>
      <object_component id="oc-14b">
         <name>.debug_info</name>
         <load_address>0x489e4</load_address>
         <run_address>0x489e4</run_address>
         <size>0x480</size>
         <input_file_ref idref="fl-2b"/>
      </object_component>
      <object_component id="oc-150">
         <name>.debug_info</name>
         <load_address>0x48e64</load_address>
         <run_address>0x48e64</run_address>
         <size>0x522</size>
         <input_file_ref idref="fl-2c"/>
      </object_component>
      <object_component id="oc-156">
         <name>.debug_info</name>
         <load_address>0x49386</load_address>
         <run_address>0x49386</run_address>
         <size>0x3a1</size>
         <input_file_ref idref="fl-2d"/>
      </object_component>
      <object_component id="oc-15b">
         <name>.debug_info</name>
         <load_address>0x49727</load_address>
         <run_address>0x49727</run_address>
         <size>0x22c9</size>
         <input_file_ref idref="fl-2e"/>
      </object_component>
      <object_component id="oc-161">
         <name>.debug_info</name>
         <load_address>0x4b9f0</load_address>
         <run_address>0x4b9f0</run_address>
         <size>0x142</size>
         <input_file_ref idref="fl-34"/>
      </object_component>
      <object_component id="oc-167">
         <name>.debug_info</name>
         <load_address>0x4bb32</load_address>
         <run_address>0x4bb32</run_address>
         <size>0x16b</size>
         <input_file_ref idref="fl-35"/>
      </object_component>
      <object_component id="oc-16b">
         <name>.debug_info</name>
         <load_address>0x4bc9d</load_address>
         <run_address>0x4bc9d</run_address>
         <size>0x4ce</size>
         <input_file_ref idref="fl-36"/>
      </object_component>
      <object_component id="oc-170">
         <name>.debug_info</name>
         <load_address>0x4c16b</load_address>
         <run_address>0x4c16b</run_address>
         <size>0x3df</size>
         <input_file_ref idref="fl-37"/>
      </object_component>
      <object_component id="oc-175">
         <name>.debug_info</name>
         <load_address>0x4c54a</load_address>
         <run_address>0x4c54a</run_address>
         <size>0x3e2</size>
         <input_file_ref idref="fl-38"/>
      </object_component>
      <object_component id="oc-17a">
         <name>.debug_info</name>
         <load_address>0x4c92c</load_address>
         <run_address>0x4c92c</run_address>
         <size>0x5c1</size>
         <input_file_ref idref="fl-39"/>
      </object_component>
      <object_component id="oc-17f">
         <name>.debug_info</name>
         <load_address>0x4ceed</load_address>
         <run_address>0x4ceed</run_address>
         <size>0x5ab</size>
         <input_file_ref idref="fl-3a"/>
      </object_component>
      <object_component id="oc-186">
         <name>.debug_info</name>
         <load_address>0x4d498</load_address>
         <run_address>0x4d498</run_address>
         <size>0x501</size>
         <input_file_ref idref="fl-3b"/>
      </object_component>
      <object_component id="oc-18b">
         <name>.debug_info</name>
         <load_address>0x4d999</load_address>
         <run_address>0x4d999</run_address>
         <size>0x46f</size>
         <input_file_ref idref="fl-3c"/>
      </object_component>
      <object_component id="oc-191">
         <name>.debug_info</name>
         <load_address>0x4de08</load_address>
         <run_address>0x4de08</run_address>
         <size>0x144</size>
         <input_file_ref idref="fl-3d"/>
      </object_component>
      <object_component id="oc-207">
         <name>.debug_info</name>
         <load_address>0x4df4c</load_address>
         <run_address>0x4df4c</run_address>
         <size>0xd5</size>
      </object_component>
      <object_component id="oc-55">
         <name>.debug_frame</name>
         <load_address>0x0</load_address>
         <run_address>0x0</run_address>
         <size>0x2e</size>
         <input_file_ref idref="fl-4"/>
      </object_component>
      <object_component id="oc-60">
         <name>.debug_frame</name>
         <load_address>0x2e</load_address>
         <run_address>0x2e</run_address>
         <size>0x5e</size>
         <input_file_ref idref="fl-6"/>
      </object_component>
      <object_component id="oc-66">
         <name>.debug_frame</name>
         <load_address>0x8c</load_address>
         <run_address>0x8c</run_address>
         <size>0xd80</size>
         <input_file_ref idref="fl-7"/>
      </object_component>
      <object_component id="oc-6b">
         <name>.debug_frame</name>
         <load_address>0xe0c</load_address>
         <run_address>0xe0c</run_address>
         <size>0x2e</size>
         <input_file_ref idref="fl-8"/>
      </object_component>
      <object_component id="oc-ab">
         <name>.debug_frame</name>
         <load_address>0xe3a</load_address>
         <run_address>0xe3a</run_address>
         <size>0x58</size>
         <input_file_ref idref="fl-a"/>
      </object_component>
      <object_component id="oc-b0">
         <name>.debug_frame</name>
         <load_address>0xe92</load_address>
         <run_address>0xe92</run_address>
         <size>0x49</size>
         <input_file_ref idref="fl-b"/>
      </object_component>
      <object_component id="oc-b5">
         <name>.debug_frame</name>
         <load_address>0xedb</load_address>
         <run_address>0xedb</run_address>
         <size>0x13e</size>
         <input_file_ref idref="fl-c"/>
      </object_component>
      <object_component id="oc-c3">
         <name>.debug_frame</name>
         <load_address>0x1019</load_address>
         <run_address>0x1019</run_address>
         <size>0x102</size>
         <input_file_ref idref="fl-e"/>
      </object_component>
      <object_component id="oc-c8">
         <name>.debug_frame</name>
         <load_address>0x111b</load_address>
         <run_address>0x111b</run_address>
         <size>0x2e</size>
         <input_file_ref idref="fl-f"/>
      </object_component>
      <object_component id="oc-cd">
         <name>.debug_frame</name>
         <load_address>0x1149</load_address>
         <run_address>0x1149</run_address>
         <size>0x2e</size>
         <input_file_ref idref="fl-10"/>
      </object_component>
      <object_component id="oc-d4">
         <name>.debug_frame</name>
         <load_address>0x1177</load_address>
         <run_address>0x1177</run_address>
         <size>0x73</size>
         <input_file_ref idref="fl-11"/>
      </object_component>
      <object_component id="oc-d9">
         <name>.debug_frame</name>
         <load_address>0x11ea</load_address>
         <run_address>0x11ea</run_address>
         <size>0x5f</size>
         <input_file_ref idref="fl-12"/>
      </object_component>
      <object_component id="oc-de">
         <name>.debug_frame</name>
         <load_address>0x1249</load_address>
         <run_address>0x1249</run_address>
         <size>0x83</size>
         <input_file_ref idref="fl-13"/>
      </object_component>
      <object_component id="oc-e5">
         <name>.debug_frame</name>
         <load_address>0x12cc</load_address>
         <run_address>0x12cc</run_address>
         <size>0xa6</size>
         <input_file_ref idref="fl-14"/>
      </object_component>
      <object_component id="oc-ea">
         <name>.debug_frame</name>
         <load_address>0x1372</load_address>
         <run_address>0x1372</run_address>
         <size>0x2e</size>
         <input_file_ref idref="fl-15"/>
      </object_component>
      <object_component id="oc-f1">
         <name>.debug_frame</name>
         <load_address>0x13a0</load_address>
         <run_address>0x13a0</run_address>
         <size>0x2e</size>
         <input_file_ref idref="fl-17"/>
      </object_component>
      <object_component id="oc-f6">
         <name>.debug_frame</name>
         <load_address>0x13ce</load_address>
         <run_address>0x13ce</run_address>
         <size>0x2e</size>
         <input_file_ref idref="fl-18"/>
      </object_component>
      <object_component id="oc-fb">
         <name>.debug_frame</name>
         <load_address>0x13fc</load_address>
         <run_address>0x13fc</run_address>
         <size>0x2e</size>
         <input_file_ref idref="fl-19"/>
      </object_component>
      <object_component id="oc-100">
         <name>.debug_frame</name>
         <load_address>0x142a</load_address>
         <run_address>0x142a</run_address>
         <size>0x2e</size>
         <input_file_ref idref="fl-1a"/>
      </object_component>
      <object_component id="oc-107">
         <name>.debug_frame</name>
         <load_address>0x1458</load_address>
         <run_address>0x1458</run_address>
         <size>0x2e</size>
         <input_file_ref idref="fl-1c"/>
      </object_component>
      <object_component id="oc-10c">
         <name>.debug_frame</name>
         <load_address>0x1486</load_address>
         <run_address>0x1486</run_address>
         <size>0x2e</size>
         <input_file_ref idref="fl-1d"/>
      </object_component>
      <object_component id="oc-111">
         <name>.debug_frame</name>
         <load_address>0x14b4</load_address>
         <run_address>0x14b4</run_address>
         <size>0x2e</size>
         <input_file_ref idref="fl-1e"/>
      </object_component>
      <object_component id="oc-118">
         <name>.debug_frame</name>
         <load_address>0x14e2</load_address>
         <run_address>0x14e2</run_address>
         <size>0x2e</size>
         <input_file_ref idref="fl-20"/>
      </object_component>
      <object_component id="oc-11d">
         <name>.debug_frame</name>
         <load_address>0x1510</load_address>
         <run_address>0x1510</run_address>
         <size>0x2e</size>
         <input_file_ref idref="fl-21"/>
      </object_component>
      <object_component id="oc-122">
         <name>.debug_frame</name>
         <load_address>0x153e</load_address>
         <run_address>0x153e</run_address>
         <size>0x2e</size>
         <input_file_ref idref="fl-22"/>
      </object_component>
      <object_component id="oc-127">
         <name>.debug_frame</name>
         <load_address>0x156c</load_address>
         <run_address>0x156c</run_address>
         <size>0x2e</size>
         <input_file_ref idref="fl-23"/>
      </object_component>
      <object_component id="oc-12e">
         <name>.debug_frame</name>
         <load_address>0x159a</load_address>
         <run_address>0x159a</run_address>
         <size>0x2e</size>
         <input_file_ref idref="fl-25"/>
      </object_component>
      <object_component id="oc-133">
         <name>.debug_frame</name>
         <load_address>0x15c8</load_address>
         <run_address>0x15c8</run_address>
         <size>0x2e</size>
         <input_file_ref idref="fl-26"/>
      </object_component>
      <object_component id="oc-138">
         <name>.debug_frame</name>
         <load_address>0x15f6</load_address>
         <run_address>0x15f6</run_address>
         <size>0x2e</size>
         <input_file_ref idref="fl-27"/>
      </object_component>
      <object_component id="oc-13d">
         <name>.debug_frame</name>
         <load_address>0x1624</load_address>
         <run_address>0x1624</run_address>
         <size>0x2e</size>
         <input_file_ref idref="fl-28"/>
      </object_component>
      <object_component id="oc-142">
         <name>.debug_frame</name>
         <load_address>0x1652</load_address>
         <run_address>0x1652</run_address>
         <size>0x2e</size>
         <input_file_ref idref="fl-29"/>
      </object_component>
      <object_component id="oc-147">
         <name>.debug_frame</name>
         <load_address>0x1680</load_address>
         <run_address>0x1680</run_address>
         <size>0x2e</size>
         <input_file_ref idref="fl-2a"/>
      </object_component>
      <object_component id="oc-14c">
         <name>.debug_frame</name>
         <load_address>0x16ae</load_address>
         <run_address>0x16ae</run_address>
         <size>0x2e</size>
         <input_file_ref idref="fl-2b"/>
      </object_component>
      <object_component id="oc-152">
         <name>.debug_frame</name>
         <load_address>0x16dc</load_address>
         <run_address>0x16dc</run_address>
         <size>0x2e</size>
         <input_file_ref idref="fl-2c"/>
      </object_component>
      <object_component id="oc-157">
         <name>.debug_frame</name>
         <load_address>0x170a</load_address>
         <run_address>0x170a</run_address>
         <size>0x2e</size>
         <input_file_ref idref="fl-2d"/>
      </object_component>
      <object_component id="oc-15c">
         <name>.debug_frame</name>
         <load_address>0x1738</load_address>
         <run_address>0x1738</run_address>
         <size>0x2e</size>
         <input_file_ref idref="fl-2e"/>
      </object_component>
      <object_component id="oc-16c">
         <name>.debug_frame</name>
         <load_address>0x1766</load_address>
         <run_address>0x1766</run_address>
         <size>0x43</size>
         <input_file_ref idref="fl-36"/>
      </object_component>
      <object_component id="oc-171">
         <name>.debug_frame</name>
         <load_address>0x17a9</load_address>
         <run_address>0x17a9</run_address>
         <size>0x43</size>
         <input_file_ref idref="fl-37"/>
      </object_component>
      <object_component id="oc-176">
         <name>.debug_frame</name>
         <load_address>0x17ec</load_address>
         <run_address>0x17ec</run_address>
         <size>0x43</size>
         <input_file_ref idref="fl-38"/>
      </object_component>
      <object_component id="oc-17b">
         <name>.debug_frame</name>
         <load_address>0x182f</load_address>
         <run_address>0x182f</run_address>
         <size>0x64</size>
         <input_file_ref idref="fl-39"/>
      </object_component>
      <object_component id="oc-182">
         <name>.debug_frame</name>
         <load_address>0x1893</load_address>
         <run_address>0x1893</run_address>
         <size>0x61</size>
         <input_file_ref idref="fl-3a"/>
      </object_component>
      <object_component id="oc-187">
         <name>.debug_frame</name>
         <load_address>0x18f4</load_address>
         <run_address>0x18f4</run_address>
         <size>0x6d</size>
         <input_file_ref idref="fl-3b"/>
      </object_component>
      <object_component id="oc-18c">
         <name>.debug_frame</name>
         <load_address>0x1961</load_address>
         <run_address>0x1961</run_address>
         <size>0x43</size>
         <input_file_ref idref="fl-3c"/>
      </object_component>
      <object_component id="oc-56">
         <name>.debug_line</name>
         <load_address>0x0</load_address>
         <run_address>0x0</run_address>
         <size>0x30</size>
         <input_file_ref idref="fl-4"/>
      </object_component>
      <object_component id="oc-5b">
         <name>.debug_line</name>
         <load_address>0x30</load_address>
         <run_address>0x30</run_address>
         <size>0xa7</size>
         <input_file_ref idref="fl-5"/>
      </object_component>
      <object_component id="oc-61">
         <name>.debug_line</name>
         <load_address>0xd7</load_address>
         <run_address>0xd7</run_address>
         <size>0xd1</size>
         <input_file_ref idref="fl-6"/>
      </object_component>
      <object_component id="oc-67">
         <name>.debug_line</name>
         <load_address>0x1a8</load_address>
         <run_address>0x1a8</run_address>
         <size>0x8ba</size>
         <input_file_ref idref="fl-7"/>
      </object_component>
      <object_component id="oc-6c">
         <name>.debug_line</name>
         <load_address>0xa62</load_address>
         <run_address>0xa62</run_address>
         <size>0x73</size>
         <input_file_ref idref="fl-8"/>
      </object_component>
      <object_component id="oc-ac">
         <name>.debug_line</name>
         <load_address>0xad5</load_address>
         <run_address>0xad5</run_address>
         <size>0xc8</size>
         <input_file_ref idref="fl-a"/>
      </object_component>
      <object_component id="oc-b1">
         <name>.debug_line</name>
         <load_address>0xb9d</load_address>
         <run_address>0xb9d</run_address>
         <size>0xaa</size>
         <input_file_ref idref="fl-b"/>
      </object_component>
      <object_component id="oc-b6">
         <name>.debug_line</name>
         <load_address>0xc47</load_address>
         <run_address>0xc47</run_address>
         <size>0x256</size>
         <input_file_ref idref="fl-c"/>
      </object_component>
      <object_component id="oc-bb">
         <name>.debug_line</name>
         <load_address>0xe9d</load_address>
         <run_address>0xe9d</run_address>
         <size>0x8b</size>
         <input_file_ref idref="fl-d"/>
      </object_component>
      <object_component id="oc-c4">
         <name>.debug_line</name>
         <load_address>0xf28</load_address>
         <run_address>0xf28</run_address>
         <size>0xa4</size>
         <input_file_ref idref="fl-e"/>
      </object_component>
      <object_component id="oc-c9">
         <name>.debug_line</name>
         <load_address>0xfcc</load_address>
         <run_address>0xfcc</run_address>
         <size>0x39</size>
         <input_file_ref idref="fl-f"/>
      </object_component>
      <object_component id="oc-ce">
         <name>.debug_line</name>
         <load_address>0x1005</load_address>
         <run_address>0x1005</run_address>
         <size>0x35</size>
         <input_file_ref idref="fl-10"/>
      </object_component>
      <object_component id="oc-d5">
         <name>.debug_line</name>
         <load_address>0x103a</load_address>
         <run_address>0x103a</run_address>
         <size>0xb2</size>
         <input_file_ref idref="fl-11"/>
      </object_component>
      <object_component id="oc-da">
         <name>.debug_line</name>
         <load_address>0x10ec</load_address>
         <run_address>0x10ec</run_address>
         <size>0x7b</size>
         <input_file_ref idref="fl-12"/>
      </object_component>
      <object_component id="oc-df">
         <name>.debug_line</name>
         <load_address>0x1167</load_address>
         <run_address>0x1167</run_address>
         <size>0x18b</size>
         <input_file_ref idref="fl-13"/>
      </object_component>
      <object_component id="oc-e6">
         <name>.debug_line</name>
         <load_address>0x12f2</load_address>
         <run_address>0x12f2</run_address>
         <size>0x10c</size>
         <input_file_ref idref="fl-14"/>
      </object_component>
      <object_component id="oc-eb">
         <name>.debug_line</name>
         <load_address>0x13fe</load_address>
         <run_address>0x13fe</run_address>
         <size>0x37</size>
         <input_file_ref idref="fl-15"/>
      </object_component>
      <object_component id="oc-f2">
         <name>.debug_line</name>
         <load_address>0x1435</load_address>
         <run_address>0x1435</run_address>
         <size>0x51</size>
         <input_file_ref idref="fl-17"/>
      </object_component>
      <object_component id="oc-f7">
         <name>.debug_line</name>
         <load_address>0x1486</load_address>
         <run_address>0x1486</run_address>
         <size>0x37</size>
         <input_file_ref idref="fl-18"/>
      </object_component>
      <object_component id="oc-fc">
         <name>.debug_line</name>
         <load_address>0x14bd</load_address>
         <run_address>0x14bd</run_address>
         <size>0x39</size>
         <input_file_ref idref="fl-19"/>
      </object_component>
      <object_component id="oc-101">
         <name>.debug_line</name>
         <load_address>0x14f6</load_address>
         <run_address>0x14f6</run_address>
         <size>0x3c</size>
         <input_file_ref idref="fl-1a"/>
      </object_component>
      <object_component id="oc-108">
         <name>.debug_line</name>
         <load_address>0x1532</load_address>
         <run_address>0x1532</run_address>
         <size>0x53</size>
         <input_file_ref idref="fl-1c"/>
      </object_component>
      <object_component id="oc-10d">
         <name>.debug_line</name>
         <load_address>0x1585</load_address>
         <run_address>0x1585</run_address>
         <size>0x37</size>
         <input_file_ref idref="fl-1d"/>
      </object_component>
      <object_component id="oc-112">
         <name>.debug_line</name>
         <load_address>0x15bc</load_address>
         <run_address>0x15bc</run_address>
         <size>0x38</size>
         <input_file_ref idref="fl-1e"/>
      </object_component>
      <object_component id="oc-119">
         <name>.debug_line</name>
         <load_address>0x15f4</load_address>
         <run_address>0x15f4</run_address>
         <size>0x38</size>
         <input_file_ref idref="fl-20"/>
      </object_component>
      <object_component id="oc-11e">
         <name>.debug_line</name>
         <load_address>0x162c</load_address>
         <run_address>0x162c</run_address>
         <size>0x38</size>
         <input_file_ref idref="fl-21"/>
      </object_component>
      <object_component id="oc-123">
         <name>.debug_line</name>
         <load_address>0x1664</load_address>
         <run_address>0x1664</run_address>
         <size>0x55</size>
         <input_file_ref idref="fl-22"/>
      </object_component>
      <object_component id="oc-128">
         <name>.debug_line</name>
         <load_address>0x16b9</load_address>
         <run_address>0x16b9</run_address>
         <size>0x53</size>
         <input_file_ref idref="fl-23"/>
      </object_component>
      <object_component id="oc-12f">
         <name>.debug_line</name>
         <load_address>0x170c</load_address>
         <run_address>0x170c</run_address>
         <size>0x37</size>
         <input_file_ref idref="fl-25"/>
      </object_component>
      <object_component id="oc-134">
         <name>.debug_line</name>
         <load_address>0x1743</load_address>
         <run_address>0x1743</run_address>
         <size>0x5d</size>
         <input_file_ref idref="fl-26"/>
      </object_component>
      <object_component id="oc-139">
         <name>.debug_line</name>
         <load_address>0x17a0</load_address>
         <run_address>0x17a0</run_address>
         <size>0x55</size>
         <input_file_ref idref="fl-27"/>
      </object_component>
      <object_component id="oc-13e">
         <name>.debug_line</name>
         <load_address>0x17f5</load_address>
         <run_address>0x17f5</run_address>
         <size>0x3a</size>
         <input_file_ref idref="fl-28"/>
      </object_component>
      <object_component id="oc-143">
         <name>.debug_line</name>
         <load_address>0x182f</load_address>
         <run_address>0x182f</run_address>
         <size>0x51</size>
         <input_file_ref idref="fl-29"/>
      </object_component>
      <object_component id="oc-148">
         <name>.debug_line</name>
         <load_address>0x1880</load_address>
         <run_address>0x1880</run_address>
         <size>0x53</size>
         <input_file_ref idref="fl-2a"/>
      </object_component>
      <object_component id="oc-14d">
         <name>.debug_line</name>
         <load_address>0x18d3</load_address>
         <run_address>0x18d3</run_address>
         <size>0x37</size>
         <input_file_ref idref="fl-2b"/>
      </object_component>
      <object_component id="oc-153">
         <name>.debug_line</name>
         <load_address>0x190a</load_address>
         <run_address>0x190a</run_address>
         <size>0x57</size>
         <input_file_ref idref="fl-2c"/>
      </object_component>
      <object_component id="oc-158">
         <name>.debug_line</name>
         <load_address>0x1961</load_address>
         <run_address>0x1961</run_address>
         <size>0x3b</size>
         <input_file_ref idref="fl-2d"/>
      </object_component>
      <object_component id="oc-15d">
         <name>.debug_line</name>
         <load_address>0x199c</load_address>
         <run_address>0x199c</run_address>
         <size>0x38</size>
         <input_file_ref idref="fl-2e"/>
      </object_component>
      <object_component id="oc-162">
         <name>.debug_line</name>
         <load_address>0x19d4</load_address>
         <run_address>0x19d4</run_address>
         <size>0x7a</size>
         <input_file_ref idref="fl-34"/>
      </object_component>
      <object_component id="oc-168">
         <name>.debug_line</name>
         <load_address>0x1a4e</load_address>
         <run_address>0x1a4e</run_address>
         <size>0x7e</size>
         <input_file_ref idref="fl-35"/>
      </object_component>
      <object_component id="oc-16d">
         <name>.debug_line</name>
         <load_address>0x1acc</load_address>
         <run_address>0x1acc</run_address>
         <size>0x55</size>
         <input_file_ref idref="fl-36"/>
      </object_component>
      <object_component id="oc-172">
         <name>.debug_line</name>
         <load_address>0x1b21</load_address>
         <run_address>0x1b21</run_address>
         <size>0x3a</size>
         <input_file_ref idref="fl-37"/>
      </object_component>
      <object_component id="oc-177">
         <name>.debug_line</name>
         <load_address>0x1b5b</load_address>
         <run_address>0x1b5b</run_address>
         <size>0x3e</size>
         <input_file_ref idref="fl-38"/>
      </object_component>
      <object_component id="oc-17c">
         <name>.debug_line</name>
         <load_address>0x1b99</load_address>
         <run_address>0x1b99</run_address>
         <size>0x50</size>
         <input_file_ref idref="fl-39"/>
      </object_component>
      <object_component id="oc-183">
         <name>.debug_line</name>
         <load_address>0x1be9</load_address>
         <run_address>0x1be9</run_address>
         <size>0x65</size>
         <input_file_ref idref="fl-3a"/>
      </object_component>
      <object_component id="oc-188">
         <name>.debug_line</name>
         <load_address>0x1c4e</load_address>
         <run_address>0x1c4e</run_address>
         <size>0x5e</size>
         <input_file_ref idref="fl-3b"/>
      </object_component>
      <object_component id="oc-18d">
         <name>.debug_line</name>
         <load_address>0x1cac</load_address>
         <run_address>0x1cac</run_address>
         <size>0x62</size>
         <input_file_ref idref="fl-3c"/>
      </object_component>
      <object_component id="oc-192">
         <name>.debug_line</name>
         <load_address>0x1d0e</load_address>
         <run_address>0x1d0e</run_address>
         <size>0x80</size>
         <input_file_ref idref="fl-3d"/>
      </object_component>
      <object_component id="oc-57">
         <name>.debug_abbrev</name>
         <load_address>0x0</load_address>
         <run_address>0x0</run_address>
         <size>0x155</size>
         <input_file_ref idref="fl-4"/>
      </object_component>
      <object_component id="oc-5c">
         <name>.debug_abbrev</name>
         <load_address>0x155</load_address>
         <run_address>0x155</run_address>
         <size>0x21</size>
         <input_file_ref idref="fl-5"/>
      </object_component>
      <object_component id="oc-62">
         <name>.debug_abbrev</name>
         <load_address>0x176</load_address>
         <run_address>0x176</run_address>
         <size>0xfd</size>
         <input_file_ref idref="fl-6"/>
      </object_component>
      <object_component id="oc-68">
         <name>.debug_abbrev</name>
         <load_address>0x273</load_address>
         <run_address>0x273</run_address>
         <size>0xde</size>
         <input_file_ref idref="fl-7"/>
      </object_component>
      <object_component id="oc-6d">
         <name>.debug_abbrev</name>
         <load_address>0x351</load_address>
         <run_address>0x351</run_address>
         <size>0x138</size>
         <input_file_ref idref="fl-8"/>
      </object_component>
      <object_component id="oc-a9">
         <name>.debug_abbrev</name>
         <load_address>0x489</load_address>
         <run_address>0x489</run_address>
         <size>0xc4</size>
         <input_file_ref idref="fl-9"/>
      </object_component>
      <object_component id="oc-ad">
         <name>.debug_abbrev</name>
         <load_address>0x54d</load_address>
         <run_address>0x54d</run_address>
         <size>0xc8</size>
         <input_file_ref idref="fl-a"/>
      </object_component>
      <object_component id="oc-b2">
         <name>.debug_abbrev</name>
         <load_address>0x615</load_address>
         <run_address>0x615</run_address>
         <size>0x116</size>
         <input_file_ref idref="fl-b"/>
      </object_component>
      <object_component id="oc-b7">
         <name>.debug_abbrev</name>
         <load_address>0x72b</load_address>
         <run_address>0x72b</run_address>
         <size>0x1a3</size>
         <input_file_ref idref="fl-c"/>
      </object_component>
      <object_component id="oc-bc">
         <name>.debug_abbrev</name>
         <load_address>0x8ce</load_address>
         <run_address>0x8ce</run_address>
         <size>0x2f</size>
         <input_file_ref idref="fl-d"/>
      </object_component>
      <object_component id="oc-c5">
         <name>.debug_abbrev</name>
         <load_address>0x8fd</load_address>
         <run_address>0x8fd</run_address>
         <size>0x164</size>
         <input_file_ref idref="fl-e"/>
      </object_component>
      <object_component id="oc-ca">
         <name>.debug_abbrev</name>
         <load_address>0xa61</load_address>
         <run_address>0xa61</run_address>
         <size>0xa8</size>
         <input_file_ref idref="fl-f"/>
      </object_component>
      <object_component id="oc-cf">
         <name>.debug_abbrev</name>
         <load_address>0xb09</load_address>
         <run_address>0xb09</run_address>
         <size>0x9a</size>
         <input_file_ref idref="fl-10"/>
      </object_component>
      <object_component id="oc-d6">
         <name>.debug_abbrev</name>
         <load_address>0xba3</load_address>
         <run_address>0xba3</run_address>
         <size>0x10c</size>
         <input_file_ref idref="fl-11"/>
      </object_component>
      <object_component id="oc-db">
         <name>.debug_abbrev</name>
         <load_address>0xcaf</load_address>
         <run_address>0xcaf</run_address>
         <size>0x106</size>
         <input_file_ref idref="fl-12"/>
      </object_component>
      <object_component id="oc-e0">
         <name>.debug_abbrev</name>
         <load_address>0xdb5</load_address>
         <run_address>0xdb5</run_address>
         <size>0x178</size>
         <input_file_ref idref="fl-13"/>
      </object_component>
      <object_component id="oc-e7">
         <name>.debug_abbrev</name>
         <load_address>0xf2d</load_address>
         <run_address>0xf2d</run_address>
         <size>0x135</size>
         <input_file_ref idref="fl-14"/>
      </object_component>
      <object_component id="oc-ec">
         <name>.debug_abbrev</name>
         <load_address>0x1062</load_address>
         <run_address>0x1062</run_address>
         <size>0xaa</size>
         <input_file_ref idref="fl-15"/>
      </object_component>
      <object_component id="oc-ef">
         <name>.debug_abbrev</name>
         <load_address>0x110c</load_address>
         <run_address>0x110c</run_address>
         <size>0x21</size>
         <input_file_ref idref="fl-16"/>
      </object_component>
      <object_component id="oc-f3">
         <name>.debug_abbrev</name>
         <load_address>0x112d</load_address>
         <run_address>0x112d</run_address>
         <size>0x19d</size>
         <input_file_ref idref="fl-17"/>
      </object_component>
      <object_component id="oc-f8">
         <name>.debug_abbrev</name>
         <load_address>0x12ca</load_address>
         <run_address>0x12ca</run_address>
         <size>0xaa</size>
         <input_file_ref idref="fl-18"/>
      </object_component>
      <object_component id="oc-fd">
         <name>.debug_abbrev</name>
         <load_address>0x1374</load_address>
         <run_address>0x1374</run_address>
         <size>0x98</size>
         <input_file_ref idref="fl-19"/>
      </object_component>
      <object_component id="oc-102">
         <name>.debug_abbrev</name>
         <load_address>0x140c</load_address>
         <run_address>0x140c</run_address>
         <size>0xa5</size>
         <input_file_ref idref="fl-1a"/>
      </object_component>
      <object_component id="oc-105">
         <name>.debug_abbrev</name>
         <load_address>0x14b1</load_address>
         <run_address>0x14b1</run_address>
         <size>0x21</size>
         <input_file_ref idref="fl-1b"/>
      </object_component>
      <object_component id="oc-109">
         <name>.debug_abbrev</name>
         <load_address>0x14d2</load_address>
         <run_address>0x14d2</run_address>
         <size>0x163</size>
         <input_file_ref idref="fl-1c"/>
      </object_component>
      <object_component id="oc-10e">
         <name>.debug_abbrev</name>
         <load_address>0x1635</load_address>
         <run_address>0x1635</run_address>
         <size>0xc3</size>
         <input_file_ref idref="fl-1d"/>
      </object_component>
      <object_component id="oc-113">
         <name>.debug_abbrev</name>
         <load_address>0x16f8</load_address>
         <run_address>0x16f8</run_address>
         <size>0x9c</size>
         <input_file_ref idref="fl-1e"/>
      </object_component>
      <object_component id="oc-116">
         <name>.debug_abbrev</name>
         <load_address>0x1794</load_address>
         <run_address>0x1794</run_address>
         <size>0x21</size>
         <input_file_ref idref="fl-1f"/>
      </object_component>
      <object_component id="oc-11a">
         <name>.debug_abbrev</name>
         <load_address>0x17b5</load_address>
         <run_address>0x17b5</run_address>
         <size>0x9c</size>
         <input_file_ref idref="fl-20"/>
      </object_component>
      <object_component id="oc-11f">
         <name>.debug_abbrev</name>
         <load_address>0x1851</load_address>
         <run_address>0x1851</run_address>
         <size>0x8a</size>
         <input_file_ref idref="fl-21"/>
      </object_component>
      <object_component id="oc-124">
         <name>.debug_abbrev</name>
         <load_address>0x18db</load_address>
         <run_address>0x18db</run_address>
[...]
      </symbol>
      <symbol id="sm-259">
         <name>_ECanaMboxes</name>
         <value>0x6100</value>
         <object_component_ref idref="oc-a7"/>
      </symbol>
      <symbol id="sm-25a">
         <name>_ECap3Regs</name>
         <value>0x6a40</value>
         <object_component_ref idref="oc-90"/>
      </symbol>
      <symbol id="sm-25b">
         <name>_HRCap2Regs</name>
         <value>0x6ae0</value>
         <object_component_ref idref="oc-8d"/>
      </symbol>
      <symbol id="sm-25c">
         <name>_NmiIntruptRegs</name>
         <value>0x7060</value>
         <object_component_ref idref="oc-80"/>
      </symbol>
      <symbol id="sm-25d">
         <name>_ECanaMOTORegs</name>
         <value>0x60c0</value>
         <object_component_ref idref="oc-97"/>
      </symbol>
      <symbol id="sm-25e">
         <name>_Flash_CallbackPtr</name>
         <value>0xd02</value>
         <object_component_ref idref="oc-73"/>
      </symbol>
      <symbol id="sm-25f">
         <name>_EPwm3Regs</name>
         <value>0x6880</value>
         <object_component_ref idref="oc-a3"/>
      </symbol>
      <symbol id="sm-260">
         <name>_I2caRegs</name>
         <value>0x7900</value>
         <object_component_ref idref="oc-92"/>
      </symbol>
      <symbol id="sm-26c">
         <name>_InitPieCtrl</name>
         <value>0x3f4b49</value>
         <object_component_ref idref="oc-1a6"/>
      </symbol>
      <symbol id="sm-26d">
         <name>_EnableInterrupts</name>
         <value>0x3f4b68</value>
         <object_component_ref idref="oc-1a6"/>
      </symbol>
      <symbol id="sm-27d">
         <name>_PieVectTableInit</name>
         <value>0x3f4c7e</value>
         <object_component_ref idref="oc-1a9"/>
      </symbol>
      <symbol id="sm-27e">
         <name>_InitPieVectTable</name>
         <value>0x3f4b99</value>
         <object_component_ref idref="oc-1a7"/>
      </symbol>
      <symbol id="sm-297">
         <name>_InitPll</name>
         <value>0x3f47ec</value>
         <object_component_ref idref="oc-1a0"/>
      </symbol>
      <symbol id="sm-298">
         <name>_IntOsc1Sel</name>
         <value>0x3f48f6</value>
         <object_component_ref idref="oc-1a0"/>
      </symbol>
      <symbol id="sm-299">
         <name>_ExtOscSel</name>
         <value>0x3f4936</value>
         <object_component_ref idref="oc-1a0"/>
      </symbol>
      <symbol id="sm-29a">
         <name>_DisableDog</name>
         <value>0x3f47e4</value>
         <object_component_ref idref="oc-1a0"/>
      </symbol>
      <symbol id="sm-29b">
         <name>_InitPeripheralClocks</name>
         <value>0x3f486f</value>
         <object_component_ref idref="oc-1a0"/>
      </symbol>
      <symbol id="sm-29c">
         <name>_IntOsc2Sel</name>
         <value>0x3f4906</value>
         <object_component_ref idref="oc-1a0"/>
      </symbol>
      <symbol id="sm-29d">
         <name>_InitFlash</name>
         <value>0x8072</value>
         <object_component_ref idref="oc-1a1"/>
      </symbol>
      <symbol id="sm-29e">
         <name>_CsmUnlock</name>
         <value>0x3f48c5</value>
         <object_component_ref idref="oc-1a0"/>
      </symbol>
      <symbol id="sm-29f">
         <name>_InitPll2</name>
         <value>0x3f4841</value>
         <object_component_ref idref="oc-1a0"/>
      </symbol>
      <symbol id="sm-2a0">
         <name>_ServiceDog</name>
         <value>0x3f47da</value>
         <object_component_ref idref="oc-1a0"/>
      </symbol>
      <symbol id="sm-2a1">
         <name>_XtalOscSel</name>
         <value>0x3f491a</value>
         <object_component_ref idref="oc-1a0"/>
      </symbol>
      <symbol id="sm-2a2">
         <name>_InitSysCtrl</name>
         <value>0x3f47c0</value>
         <object_component_ref idref="oc-1a0"/>
      </symbol>
      <symbol id="sm-2ae">
         <name>_DSP28x_usDelay</name>
         <value>0x808d</value>
         <object_component_ref idref="oc-b9"/>
      </symbol>
      <symbol id="sm-2c3">
         <name>_main</name>
         <value>0x3f4b71</value>
         <object_component_ref idref="oc-19c"/>
      </symbol>
      <symbol id="sm-2c4">
         <name>_epwm7_isr</name>
         <value>0x805d</value>
         <object_component_ref idref="oc-c1"/>
      </symbol>
      <symbol id="sm-2c5">
         <name>_adc_isr</name>
         <value>0x8004</value>
         <object_component_ref idref="oc-c1"/>
      </symbol>
      <symbol id="sm-2c6">
         <name>_cpu_timer0_isr</name>
         <value>0x3f4c54</value>
         <object_component_ref idref="oc-c2"/>
      </symbol>
      <symbol id="sm-2c7">
         <name>_Test_mode</name>
         <value>0xa077</value>
         <object_component_ref idref="oc-c0"/>
      </symbol>
      <symbol id="sm-2c8">
         <name>_Operation_stage</name>
         <value>0xa076</value>
         <object_component_ref idref="oc-c0"/>
      </symbol>
      <symbol id="sm-2c9">
         <name>_DCDC_Vout_ref</name>
         <value>0xa078</value>
         <object_component_ref idref="oc-c0"/>
      </symbol>
      <symbol id="sm-2ef">
         <name>_DCDC_Voltage_Control</name>
         <value>0x3f4993</value>
         <object_component_ref idref="oc-195"/>
      </symbol>
      <symbol id="sm-2f0">
         <name>_DCDC_KpVdc</name>
         <value>0xa056</value>
         <object_component_ref idref="oc-d3"/>
      </symbol>
      <symbol id="sm-2f1">
         <name>_DCDC_ADC_result</name>
         <value>0x3f494c</value>
         <object_component_ref idref="oc-195"/>
      </symbol>
      <symbol id="sm-2f2">
         <name>_DCDC_Pwm</name>
         <value>0xa052</value>
         <object_component_ref idref="oc-d3"/>
      </symbol>
      <symbol id="sm-2f3">
         <name>_DCDC_Err_Vdc1</name>
         <value>0xa050</value>
         <object_component_ref idref="oc-d3"/>
      </symbol>
      <symbol id="sm-2f4">
         <name>_DCDC_Iout_offset</name>
         <value>0xa066</value>
         <object_component_ref idref="oc-d3"/>
      </symbol>
      <symbol id="sm-2f5">
         <name>_DCDC_Vin</name>
         <value>0xa05e</value>
         <object_component_ref idref="oc-d3"/>
      </symbol>
      <symbol id="sm-2f6">
         <name>_DCDC_KiVdc</name>
         <value>0xa05c</value>
         <object_component_ref idref="oc-d3"/>
      </symbol>
      <symbol id="sm-2f7">
         <name>_DCDC_Iout_ADC</name>
         <value>0xa062</value>
         <object_component_ref idref="oc-d3"/>
      </symbol>
      <symbol id="sm-2f8">
         <name>_DCDC_Iout</name>
         <value>0xa060</value>
         <object_component_ref idref="oc-d3"/>
      </symbol>
      <symbol id="sm-2f9">
         <name>_DCDC_Vout_offset</name>
         <value>0xa068</value>
         <object_component_ref idref="oc-d3"/>
      </symbol>
      <symbol id="sm-2fa">
         <name>_DCDC_Vout</name>
         <value>0xa06a</value>
         <object_component_ref idref="oc-d3"/>
      </symbol>
      <symbol id="sm-2fb">
         <name>_DCDC_Vout_ADC</name>
         <value>0xa064</value>
         <object_component_ref idref="oc-d3"/>
      </symbol>
      <symbol id="sm-2fc">
         <name>_DCDC_Ctrl_Limit</name>
         <value>0xa05a</value>
         <object_component_ref idref="oc-d3"/>
      </symbol>
      <symbol id="sm-2fd">
         <name>_DCDC_Vin_offset</name>
         <value>0xa06c</value>
         <object_component_ref idref="oc-d3"/>
      </symbol>
      <symbol id="sm-2fe">
         <name>_DCDC_PWM_Period</name>
         <value>0xa04e</value>
         <object_component_ref idref="oc-d3"/>
      </symbol>
      <symbol id="sm-2ff">
         <name>_DCDC_Init</name>
         <value>0x3f4992</value>
         <object_component_ref idref="oc-195"/>
      </symbol>
      <symbol id="sm-300">
         <name>_DCDC_VloopCtr</name>
         <value>0xa058</value>
         <object_component_ref idref="oc-d3"/>
      </symbol>
      <symbol id="sm-301">
         <name>_DCDC_Vin_ADC</name>
         <value>0xa06e</value>
         <object_component_ref idref="oc-d3"/>
      </symbol>
      <symbol id="sm-302">
         <name>_DCDC_Err_Vdc</name>
         <value>0xa054</value>
         <object_component_ref idref="oc-d3"/>
      </symbol>
      <symbol id="sm-30e">
         <name>_INV_PWM_Setting</name>
         <value>0x3f4adc</value>
         <object_component_ref idref="oc-1a3"/>
      </symbol>
      <symbol id="sm-30f">
         <name>_INV_Init</name>
         <value>0x3f4b1f</value>
         <object_component_ref idref="oc-1a3"/>
      </symbol>
      <symbol id="sm-31b">
         <name>_GPIO_init</name>
         <value>0x3f439b</value>
         <object_component_ref idref="oc-19f"/>
      </symbol>
      <symbol id="sm-31c">
         <name>_Interrupt_Setting</name>
         <value>0x3f45f6</value>
         <object_component_ref idref="oc-19f"/>
      </symbol>
      <symbol id="sm-31d">
         <name>_ADC_init</name>
         <value>0x3f442b</value>
         <object_component_ref idref="oc-19f"/>
      </symbol>
      <symbol id="sm-31e">
         <name>_EPWM_init</name>
         <value>0x3f44f5</value>
         <object_component_ref idref="oc-19f"/>
      </symbol>
      <symbol id="sm-335">
         <name>_OV_flag</name>
         <value>0xa005</value>
         <object_component_ref idref="oc-e4"/>
      </symbol>
      <symbol id="sm-336">
         <name>_Sum_Iac</name>
         <value>0xa024</value>
         <object_component_ref idref="oc-e4"/>
      </symbol>
      <symbol id="sm-337">
         <name>_PFC_DC_Voltage_Control</name>
         <value>0x3f46d8</value>
         <object_component_ref idref="oc-194"/>
      </symbol>
      <symbol id="sm-338">
         <name>_PFC_Vdc1</name>
         <value>0xa01c</value>
         <object_component_ref idref="oc-e4"/>
      </symbol>
      <symbol id="sm-339">
         <name>_KiIac</name>
         <value>0xa02c</value>
         <object_component_ref idref="oc-e4"/>
      </symbol>
      <symbol id="sm-33a">
         <name>_Ts</name>
         <value>0xa030</value>
         <object_component_ref idref="oc-e4"/>
      </symbol>
      <symbol id="sm-33b">
         <name>_Pin_avg</name>
         <value>0xa018</value>
         <object_component_ref idref="oc-e4"/>
      </symbol>
      <symbol id="sm-33c">
         <name>_PFC_Vac</name>
         <value>0xa04c</value>
         <object_component_ref idref="oc-e4"/>
      </symbol>
      <symbol id="sm-33d">
         <name>_Vac_offset</name>
         <value>0xa014</value>
         <object_component_ref idref="oc-e4"/>
      </symbol>
      <symbol id="sm-33e">
         <name>_PFC_KpVdc</name>
         <value>0xa026</value>
         <object_component_ref idref="oc-e4"/>
      </symbol>
      <symbol id="sm-33f">
         <name>_flag_NL_Vloop</name>
         <value>0xa007</value>
         <object_component_ref idref="oc-e4"/>
      </symbol>
      <symbol id="sm-340">
         <name>_init_boost</name>
         <value>0xa000</value>
         <object_component_ref idref="oc-e4"/>
      </symbol>
      <symbol id="sm-341">
         <name>_PFC_PWM_Period</name>
         <value>0xa003</value>
         <object_component_ref idref="oc-e4"/>
      </symbol>
      <symbol id="sm-342">
         <name>_PFC_Pwm</name>
         <value>0xa048</value>
         <object_component_ref idref="oc-e4"/>
      </symbol>
      <symbol id="sm-343">
         <name>_PFC_VloopCtr</name>
         <value>0xa03a</value>
         <object_component_ref idref="oc-e4"/>
      </symbol>
      <symbol id="sm-344">
         <name>_Soft_Start_Phase</name>
         <value>0xa006</value>
         <object_component_ref idref="oc-e4"/>
      </symbol>
      <symbol id="sm-345">
         <name>_PFC_Vdc</name>
         <value>0xa00e</value>
         <object_component_ref idref="oc-e4"/>
      </symbol>
      <symbol id="sm-346">
         <name>_Err_Vdc1</name>
         <value>0xa042</value>
         <object_component_ref idref="oc-e4"/>
      </symbol>
      <symbol id="sm-347">
         <name>_Is_ref</name>
         <value>0xa036</value>
         <object_component_ref idref="oc-e4"/>
      </symbol>
      <symbol id="sm-348">
         <name>_Vdc_offset</name>
         <value>0xa020</value>
         <object_component_ref idref="oc-e4"/>
      </symbol>
      <symbol id="sm-349">
         <name>_PFC_Vac_ADC</name>
         <value>0xa03c</value>
         <object_component_ref idref="oc-e4"/>
      </symbol>
      <symbol id="sm-34a">
         <name>_PFC_Vdc_ADC</name>
         <value>0xa03e</value>
         <object_component_ref idref="oc-e4"/>
      </symbol>
      <symbol id="sm-34b">
         <name>_Vac_peak</name>
         <value>0xa028</value>
         <object_component_ref idref="oc-e4"/>
      </symbol>
      <symbol id="sm-34c">
         <name>_PFC_ADC_result</name>
         <value>0x3f461f</value>
         <object_component_ref idref="oc-194"/>
      </symbol>
      <symbol id="sm-34d">
         <name>_RMS_Cnt</name>
         <value>0xa002</value>
         <object_component_ref idref="oc-e4"/>
      </symbol>
      <symbol id="sm-34e">
         <name>_start_flag</name>
         <value>0xa001</value>
         <object_component_ref idref="oc-e4"/>
      </symbol>
      <symbol id="sm-34f">
         <name>_PFC_KiVdc</name>
         <value>0xa02a</value>
         <object_component_ref idref="oc-e4"/>
      </symbol>
      <symbol id="sm-350">
         <name>_RMS_Calculation</name>
         <value>0x3f468b</value>
         <object_component_ref idref="oc-194"/>
      </symbol>
      <symbol id="sm-351">
         <name>_Vdc_LPF</name>
         <value>0xa016</value>
         <object_component_ref idref="oc-e4"/>
      </symbol>
      <symbol id="sm-352">
         <name>_Vac_RMS</name>
         <value>0xa00c</value>
         <object_component_ref idref="oc-e4"/>
      </symbol>
      <symbol id="sm-353">
         <name>_Err_Isa</name>
         <value>0xa046</value>
         <object_component_ref idref="oc-e4"/>
      </symbol>
      <symbol id="sm-354">
         <name>_Sum_Vac</name>
         <value>0xa01e</value>
         <object_component_ref idref="oc-e4"/>
      </symbol>
      <symbol id="sm-355">
         <name>_temp_zero</name>
         <value>0xa01a</value>
         <object_component_ref idref="oc-e4"/>
      </symbol>
      <symbol id="sm-356">
         <name>_PFC_Init</name>
         <value>0x3f46ce</value>
         <object_component_ref idref="oc-194"/>
      </symbol>
      <symbol id="sm-357">
         <name>_Err_Isa1</name>
         <value>0xa04a</value>
         <object_component_ref idref="oc-e4"/>
      </symbol>
      <symbol id="sm-358">
         <name>_Iac_ref</name>
         <value>0xa034</value>
         <object_component_ref idref="oc-e4"/>
      </symbol>
      <symbol id="sm-359">
         <name>_RMS_Cnt_Max_Invserve</name>
         <value>0xa022</value>
         <object_component_ref idref="oc-e4"/>
      </symbol>
      <symbol id="sm-35a">
         <name>_RMS_Cnt_Max</name>
         <value>0xa004</value>
         <object_component_ref idref="oc-e4"/>
      </symbol>
      <symbol id="sm-35b">
         <name>_PFC_Iac</name>
         <value>0xa010</value>
         <object_component_ref idref="oc-e4"/>
      </symbol>
      <symbol id="sm-35c">
         <name>_PFC_Ctrl_Limit</name>
         <value>0xa038</value>
         <object_component_ref idref="oc-e4"/>
      </symbol>
      <symbol id="sm-35d">
         <name>_PFC_Current_Control</name>
         <value>0x3f4721</value>
         <object_component_ref idref="oc-194"/>
      </symbol>
      <symbol id="sm-35e">
         <name>_PFC_Iac_ADC</name>
         <value>0xa040</value>
         <object_component_ref idref="oc-e4"/>
      </symbol>
      <symbol id="sm-35f">
         <name>_KpIac</name>
         <value>0xa02e</value>
         <object_component_ref idref="oc-e4"/>
      </symbol>
      <symbol id="sm-360">
         <name>_Iac_RMS</name>
         <value>0xa00a</value>
         <object_component_ref idref="oc-e4"/>
      </symbol>
      <symbol id="sm-361">
         <name>_pfc_on_flag</name>
         <value>0xa008</value>
         <object_component_ref idref="oc-e4"/>
      </symbol>
      <symbol id="sm-362">
         <name>_PFC_Vdc_ref</name>
         <value>0xa032</value>
         <object_component_ref idref="oc-e4"/>
      </symbol>
      <symbol id="sm-363">
         <name>_Err_Vdc</name>
         <value>0xa044</value>
         <object_component_ref idref="oc-e4"/>
      </symbol>
      <symbol id="sm-364">
         <name>_Iac_offset</name>
         <value>0xa012</value>
         <object_component_ref idref="oc-e4"/>
      </symbol>
      <symbol id="sm-427">
         <name>_SysCtl_delay</name>
         <value>0x8000</value>
         <object_component_ref idref="oc-151"/>
      </symbol>
      <symbol id="sm-441">
         <name>FS$$DIV</name>
         <value>0x3f4c3b</value>
         <object_component_ref idref="oc-160"/>
      </symbol>
      <symbol id="sm-45c">
         <name>_c_int00</name>
         <value>0x3f4a86</value>
         <object_component_ref idref="oc-164"/>
      </symbol>
      <symbol id="sm-45d">
         <name>__stack</name>
         <value>0x50</value>
         <object_component_ref idref="oc-165"/>
      </symbol>
      <symbol id="sm-46c">
         <name>__args_main</name>
         <value>0x3f4c22</value>
         <object_component_ref idref="oc-199"/>
      </symbol>
      <symbol id="sm-478">
         <name>__system_post_cinit</name>
         <value>0x3f4c7c</value>
         <object_component_ref idref="oc-198"/>
      </symbol>
      <symbol id="sm-484">
         <name>__system_pre_init</name>
         <value>0x3f4c7a</value>
         <object_component_ref idref="oc-196"/>
      </symbol>
      <symbol id="sm-493">
         <name>_copy_in</name>
         <value>0x3f4bbf</value>
         <object_component_ref idref="oc-197"/>
      </symbol>
      <symbol id="sm-4a7">
         <name>C$$EXIT</name>
         <value>0x3f4b20</value>
         <object_component_ref idref="oc-19a"/>
      </symbol>
      <symbol id="sm-4a8">
         <name>_exit</name>
         <value>0x3f4b22</value>
         <object_component_ref idref="oc-19a"/>
      </symbol>
      <symbol id="sm-4a9">
         <name>___TI_cleanup_ptr</name>
         <value>0xa072</value>
         <object_component_ref idref="oc-181"/>
      </symbol>
      <symbol id="sm-4aa">
         <name>___TI_enable_exit_profile_output</name>
         <value>0xa070</value>
         <object_component_ref idref="oc-181"/>
      </symbol>
      <symbol id="sm-4ab">
         <name>_abort</name>
         <value>0x3f4b20</value>
         <object_component_ref idref="oc-19a"/>
      </symbol>
      <symbol id="sm-4ac">
         <name>___TI_dtors_ptr</name>
         <value>0xa074</value>
         <object_component_ref idref="oc-181"/>
      </symbol>
      <symbol id="sm-4c0">
         <name>__unlock</name>
         <value>0xa07c</value>
         <object_component_ref idref="oc-1a8"/>
      </symbol>
      <symbol id="sm-4c1">
         <name>__lock</name>
         <value>0xa07a</value>
         <object_component_ref idref="oc-19d"/>
      </symbol>
      <symbol id="sm-4c2">
         <name>__register_lock</name>
         <value>0x3f4c6d</value>
         <object_component_ref idref="oc-1a4"/>
      </symbol>
      <symbol id="sm-4c3">
         <name>__nop</name>
         <value>0x3f4c71</value>
         <object_component_ref idref="oc-1a4"/>
      </symbol>
      <symbol id="sm-4c4">
         <name>__register_unlock</name>
         <value>0x3f4c69</value>
         <object_component_ref idref="oc-1a4"/>
      </symbol>
      <symbol id="sm-4d5">
         <name>_memcpy</name>
         <value>0x3f4c04</value>
         <object_component_ref idref="oc-19b"/>
      </symbol>
      <symbol id="sm-4dd">
         <name>_sqrt</name>
         <value>0x3f4be3</value>
         <object_component_ref idref="oc-190"/>
      </symbol>
   </symbol_table>
   <title>Link successful</title>
</link_info>
