<?xml version="1.0"?>
<link_info>
   <banner>TMS320C2000 Linker PC v16.9.1.LTS</banner>
   <copyright>Copyright (c) 1996-2015 Texas Instruments Incorporated</copyright>
   <link_time>0x592e6866</link_time>
   <link_errors>0x0</link_errors>
   <output_file>Wireless_System_Control.out</output_file>
   <entry_point>
      <name>code_start</name>
      <address>0x3f7ff6</address>
   </entry_point>
   <input_file_list>
      <input_file id="fl-4">
         <path>.\</path>
         <kind>object</kind>
         <file>F2806x_Adc.obj</file>
         <name>F2806x_Adc.obj</name>
      </input_file>
      <input_file id="fl-5">
         <path>.\</path>
         <kind>object</kind>
         <file>F2806x_CodeStartBranch.obj</file>
         <name>F2806x_CodeStartBranch.obj</name>
      </input_file>
      <input_file id="fl-6">
         <path>.\</path>
         <kind>object</kind>
         <file>F2806x_CpuTimers.obj</file>
         <name>F2806x_CpuTimers.obj</name>
      </input_file>
      <input_file id="fl-7">
         <path>.\</path>
         <kind>object</kind>
         <file>F2806x_DefaultIsr.obj</file>
         <name>F2806x_DefaultIsr.obj</name>
      </input_file>
      <input_file id="fl-8">
         <path>.\</path>
         <kind>object</kind>
         <file>F2806x_EPwm.obj</file>
         <name>F2806x_EPwm.obj</name>
      </input_file>
      <input_file id="fl-9">
         <path>.\</path>
         <kind>object</kind>
         <file>F2806x_GlobalVariableDefs.obj</file>
         <name>F2806x_GlobalVariableDefs.obj</name>
      </input_file>
      <input_file id="fl-a">
         <path>.\</path>
         <kind>object</kind>
         <file>F2806x_PieCtrl.obj</file>
         <name>F2806x_PieCtrl.obj</name>
      </input_file>
      <input_file id="fl-b">
         <path>.\</path>
         <kind>object</kind>
         <file>F2806x_PieVect.obj</file>
         <name>F2806x_PieVect.obj</name>
      </input_file>
      <input_file id="fl-c">
         <path>.\</path>
         <kind>object</kind>
         <file>F2806x_SysCtrl.obj</file>
         <name>F2806x_SysCtrl.obj</name>
      </input_file>
      <input_file id="fl-d">
         <path>.\</path>
         <kind>object</kind>
         <file>F2806x_usDelay.obj</file>
         <name>F2806x_usDelay.obj</name>
      </input_file>
      <input_file id="fl-e">
         <path>.\</path>
         <kind>object</kind>
         <file>Main.obj</file>
         <name>Main.obj</name>
      </input_file>
      <input_file id="fl-f">
         <path>.\app\</path>
         <kind>object</kind>
         <file>CoilCouplingEst.obj</file>
         <name>CoilCouplingEst.obj</name>
      </input_file>
      <input_file id="fl-10">
         <path>.\app\</path>
         <kind>object</kind>
         <file>Fan_Control.obj</file>
         <name>Fan_Control.obj</name>
      </input_file>
      <input_file id="fl-11">
         <path>.\app\DC-DC_Control\</path>
         <kind>object</kind>
         <file>DC-DC_Control.obj</file>
         <name>DC-DC_Control.obj</name>
      </input_file>
      <input_file id="fl-12">
         <path>.\app\INV_Control\</path>
         <kind>object</kind>
         <file>Inverter_Control.obj</file>
         <name>Inverter_Control.obj</name>
      </input_file>
      <input_file id="fl-13">
         <path>.\app\PFC_Control\</path>
         <kind>object</kind>
         <file>IO_Config.obj</file>
         <name>IO_Config.obj</name>
      </input_file>
      <input_file id="fl-14">
         <path>.\app\PFC_Control\</path>
         <kind>object</kind>
         <file>PFC_Control.obj</file>
         <name>PFC_Control.obj</name>
      </input_file>
      <input_file id="fl-1a">
         <path>C:\ti\c2000\C2000Ware_1_00_00_00\libraries\math\FPUfastRTS\c28\lib\</path>
         <kind>archive</kind>
         <file>rts2800_fpu32_fast_supplement.lib</file>
         <name>div_f32.obj</name>
      </input_file>
      <input_file id="fl-1b">
         <path>C:\ti\ccs710\ccsv7\tools\compiler\ti-cgt-c2000_16.9.1.LTS\lib\</path>
         <kind>archive</kind>
         <file>rts2800_fpu32.lib</file>
         <name>boot28.obj</name>
      </input_file>
      <input_file id="fl-1c">
         <path>C:\ti\ccs710\ccsv7\tools\compiler\ti-cgt-c2000_16.9.1.LTS\lib\</path>
         <kind>archive</kind>
         <file>rts2800_fpu32.lib</file>
         <name>args_main.obj</name>
      </input_file>
      <input_file id="fl-1d">
         <path>C:\ti\ccs710\ccsv7\tools\compiler\ti-cgt-c2000_16.9.1.LTS\lib\</path>
         <kind>archive</kind>
         <file>rts2800_fpu32.lib</file>
         <name>startup.obj</name>
      </input_file>
      <input_file id="fl-1e">
         <path>C:\ti\ccs710\ccsv7\tools\compiler\ti-cgt-c2000_16.9.1.LTS\lib\</path>
         <kind>archive</kind>
         <file>rts2800_fpu32.lib</file>
         <name>pre_init.obj</name>
      </input_file>
      <input_file id="fl-1f">
         <path>C:\ti\ccs710\ccsv7\tools\compiler\ti-cgt-c2000_16.9.1.LTS\lib\</path>
         <kind>archive</kind>
         <file>rts2800_fpu32.lib</file>
         <name>cpy_tbl.obj</name>
      </input_file>
      <input_file id="fl-20">
         <path>C:\ti\ccs710\ccsv7\tools\compiler\ti-cgt-c2000_16.9.1.LTS\lib\</path>
         <kind>archive</kind>
         <file>rts2800_fpu32.lib</file>
         <name>exit.obj</name>
      </input_file>
      <input_file id="fl-21">
         <path>C:\ti\ccs710\ccsv7\tools\compiler\ti-cgt-c2000_16.9.1.LTS\lib\</path>
         <kind>archive</kind>
         <file>rts2800_fpu32.lib</file>
         <name>_lock.obj</name>
      </input_file>
      <input_file id="fl-22">
         <path>C:\ti\ccs710\ccsv7\tools\compiler\ti-cgt-c2000_16.9.1.LTS\lib\</path>
         <kind>archive</kind>
         <file>rts2800_fpu32.lib</file>
         <name>memcpy.obj</name>
      </input_file>
      <input_file id="fl-23">
         <path>C:\ti\c2000\C2000Ware_1_00_00_00\libraries\math\FPUfastRTS\c28\lib\</path>
         <kind>archive</kind>
         <file>rts2800_fpu32_fast_supplement.lib</file>
         <name>sqrt_f32.obj</name>
      </input_file>
   </input_file_list>
   <object_component_list>
      <object_component id="oc-e3">
         <name>.cinit</name>
         <load_address>0x3f4fca</load_address>
         <run_address>0x3f4fca</run_address>
         <size>0x5b</size>
         <input_file_ref idref="fl-14"/>
      </object_component>
      <object_component id="oc-d2">
         <name>.cinit</name>
         <load_address>0x3f5025</load_address>
         <run_address>0x3f5025</run_address>
         <size>0x28</size>
         <input_file_ref idref="fl-11"/>
      </object_component>
      <object_component id="oc-bf">
         <name>.cinit</name>
         <load_address>0x3f504d</load_address>
         <run_address>0x3f504d</run_address>
         <size>0x20</size>
         <input_file_ref idref="fl-e"/>
      </object_component>
      <object_component id="oc-109">
         <name>.cinit</name>
         <load_address>0x3f506d</load_address>
         <run_address>0x3f506d</run_address>
         <size>0xe</size>
         <input_file_ref idref="fl-20"/>
      </object_component>
      <object_component id="oc-12e">
         <name>.cinit:__lock</name>
         <load_address>0x3f507b</load_address>
         <run_address>0x3f507b</run_address>
         <size>0x5</size>
         <input_file_ref idref="fl-21"/>
      </object_component>
      <object_component id="oc-132">
         <name>.cinit:__unlock</name>
         <load_address>0x3f5080</load_address>
         <run_address>0x3f5080</run_address>
         <size>0x5</size>
         <input_file_ref idref="fl-21"/>
      </object_component>
      <object_component id="oc-65">
         <name>.text:retain</name>
         <load_address>0x3f4000</load_address>
         <run_address>0x3f4000</run_address>
         <size>0x39b</size>
         <input_file_ref idref="fl-7"/>
      </object_component>
      <object_component id="oc-127">
         <name>.text</name>
         <load_address>0x3f439b</load_address>
         <run_address>0x3f439b</run_address>
         <size>0x28d</size>
         <input_file_ref idref="fl-13"/>
      </object_component>
      <object_component id="oc-11d">
         <name>.text</name>
         <load_address>0x3f4628</load_address>
         <run_address>0x3f4628</run_address>
         <size>0x1d6</size>
         <input_file_ref idref="fl-14"/>
      </object_component>
      <object_component id="oc-128">
         <name>.text</name>
         <load_address>0x3f47fe</load_address>
         <run_address>0x3f47fe</run_address>
         <size>0x18c</size>
         <input_file_ref idref="fl-c"/>
      </object_component>
      <object_component id="oc-120">
         <name>.text</name>
         <load_address>0x3f498a</load_address>
         <run_address>0x3f498a</run_address>
         <size>0xcf</size>
         <input_file_ref idref="fl-e"/>
      </object_component>
      <object_component id="oc-11e">
         <name>.text</name>
         <load_address>0x3f4a59</load_address>
         <run_address>0x3f4a59</run_address>
         <size>0xc3</size>
         <input_file_ref idref="fl-11"/>
      </object_component>
      <object_component id="oc-12b">
         <name>.text</name>
         <load_address>0x3f4b1c</load_address>
         <run_address>0x3f4b1c</run_address>
         <size>0xb2</size>
         <input_file_ref idref="fl-12"/>
      </object_component>
      <object_component id="oc-c2">
         <name>.text:retain</name>
         <load_address>0x3f4bce</load_address>
         <run_address>0x3f4bce</run_address>
         <size>0xa5</size>
         <input_file_ref idref="fl-e"/>
      </object_component>
      <object_component id="oc-12a">
         <name>.text</name>
         <load_address>0x3f4c73</load_address>
         <run_address>0x3f4c73</run_address>
         <size>0x76</size>
         <input_file_ref idref="fl-6"/>
      </object_component>
      <object_component id="oc-ed">
         <name>.text</name>
         <load_address>0x3f4ce9</load_address>
         <run_address>0x3f4ce9</run_address>
         <size>0x56</size>
         <input_file_ref idref="fl-1b"/>
      </object_component>
      <object_component id="oc-11f">
         <name>.text</name>
         <load_address>0x3f4d3f</load_address>
         <run_address>0x3f4d3f</run_address>
         <size>0x40</size>
         <input_file_ref idref="fl-f"/>
      </object_component>
      <object_component id="oc-121">
         <name>.text</name>
         <load_address>0x3f4d7f</load_address>
         <run_address>0x3f4d7f</run_address>
         <size>0x2b</size>
         <input_file_ref idref="fl-10"/>
      </object_component>
      <object_component id="oc-126">
         <name>.text</name>
         <load_address>0x3f4daa</load_address>
         <run_address>0x3f4daa</run_address>
         <size>0x29</size>
         <input_file_ref idref="fl-20"/>
      </object_component>
      <object_component id="oc-12f">
         <name>.text</name>
         <load_address>0x3f4dd3</load_address>
         <run_address>0x3f4dd3</run_address>
         <size>0x28</size>
         <input_file_ref idref="fl-a"/>
      </object_component>
      <object_component id="oc-130">
         <name>.text</name>
         <load_address>0x3f4dfb</load_address>
         <run_address>0x3f4dfb</run_address>
         <size>0x26</size>
         <input_file_ref idref="fl-b"/>
      </object_component>
      <object_component id="oc-123">
         <name>.text</name>
         <load_address>0x3f4e21</load_address>
         <run_address>0x3f4e21</run_address>
         <size>0x24</size>
         <input_file_ref idref="fl-1f"/>
      </object_component>
      <object_component id="oc-119">
         <name>.text</name>
         <load_address>0x3f4e45</load_address>
         <run_address>0x3f4e45</run_address>
         <size>0x21</size>
         <input_file_ref idref="fl-23"/>
      </object_component>
      <object_component id="oc-12c">
         <name>.text</name>
         <load_address>0x3f4e66</load_address>
         <run_address>0x3f4e66</run_address>
         <size>0x1e</size>
         <input_file_ref idref="fl-22"/>
      </object_component>
      <object_component id="oc-125">
         <name>.text</name>
         <load_address>0x3f4e84</load_address>
         <run_address>0x3f4e84</run_address>
         <size>0x19</size>
         <input_file_ref idref="fl-1c"/>
      </object_component>
      <object_component id="oc-e9">
         <name>.text</name>
         <load_address>0x3f4e9d</load_address>
         <run_address>0x3f4e9d</run_address>
         <size>0x19</size>
         <input_file_ref idref="fl-1a"/>
      </object_component>
      <object_component id="oc-131">
         <name>.text</name>
         <load_address>0x3f4eb6</load_address>
         <run_address>0x3f4eb6</run_address>
         <size>0x9</size>
         <input_file_ref idref="fl-21"/>
      </object_component>
      <object_component id="oc-59">
         <name>.text</name>
         <load_address>0x3f4ebf</load_address>
         <run_address>0x3f4ebf</run_address>
         <size>0x8</size>
         <input_file_ref idref="fl-5"/>
      </object_component>
      <object_component id="oc-122">
         <name>.text</name>
         <load_address>0x3f4ec7</load_address>
         <run_address>0x3f4ec7</run_address>
         <size>0x2</size>
         <input_file_ref idref="fl-1e"/>
      </object_component>
      <object_component id="oc-124">
         <name>.text</name>
         <load_address>0x3f4ec9</load_address>
         <run_address>0x3f4ec9</run_address>
         <size>0x1</size>
         <input_file_ref idref="fl-1d"/>
      </object_component>
      <object_component id="oc-53">
         <name>codestart</name>
         <load_address>0x3f7ff6</load_address>
         <run_address>0x3f7ff6</run_address>
         <size>0x2</size>
         <input_file_ref idref="fl-5"/>
      </object_component>
      <object_component id="oc-ee">
         <name>.stack</name>
         <uninitialized>true</uninitialized>
         <run_address>0x50</run_address>
         <size>0x0</size>
         <input_file_ref idref="fl-1b"/>
      </object_component>
      <object_component id="oc-191">
         <name>.stack</name>
         <uninitialized>true</uninitialized>
         <run_address>0x50</run_address>
         <size>0x0</size>
      </object_component>
      <object_component id="oc-5f">
         <name>.ebss</name>
         <uninitialized>true</uninitialized>
         <run_address>0xa064</run_address>
         <size>0x18</size>
         <input_file_ref idref="fl-6"/>
      </object_component>
      <object_component id="oc-c0">
         <name>.ebss</name>
         <uninitialized>true</uninitialized>
         <run_address>0xa080</run_address>
         <size>0x16</size>
         <input_file_ref idref="fl-e"/>
      </object_component>
      <object_component id="oc-d3">
         <name>.ebss</name>
         <uninitialized>true</uninitialized>
         <run_address>0xa042</run_address>
         <size>0x22</size>
         <input_file_ref idref="fl-11"/>
      </object_component>
      <object_component id="oc-e4">
         <name>.ebss</name>
         <uninitialized>true</uninitialized>
         <run_address>0xa000</run_address>
         <size>0x42</size>
         <input_file_ref idref="fl-14"/>
      </object_component>
      <object_component id="oc-10a">
         <name>.ebss</name>
         <uninitialized>true</uninitialized>
         <run_address>0xa096</run_address>
         <size>0x6</size>
         <input_file_ref idref="fl-20"/>
      </object_component>
      <object_component id="oc-134">
         <name>.ebss:__unlock</name>
         <uninitialized>true</uninitialized>
         <run_address>0xa07e</run_address>
         <size>0x2</size>
         <input_file_ref idref="fl-21"/>
      </object_component>
      <object_component id="oc-12d">
         <name>.ebss:__lock</name>
         <uninitialized>true</uninitialized>
         <run_address>0xa07c</run_address>
         <size>0x2</size>
         <input_file_ref idref="fl-21"/>
      </object_component>
      <object_component id="oc-133">
         <name>.econst:_PieVectTableInit</name>
         <load_address>0x3f4eca</load_address>
         <run_address>0x3f4eca</run_address>
         <size>0x100</size>
         <input_file_ref idref="fl-b"/>
      </object_component>
      <object_component id="oc-ef">
         <name>.reset</name>
         <load_address>0x3fffc0</load_address>
         <run_address>0x3fffc0</run_address>
         <size>0x2</size>
         <input_file_ref idref="fl-1b"/>
      </object_component>
      <object_component id="oc-a6">
         <name>PieVectTableFile</name>
         <uninitialized>true</uninitialized>
         <run_address>0xd00</run_address>
         <size>0x100</size>
         <input_file_ref idref="fl-9"/>
      </object_component>
      <object_component id="oc-71">
         <name>EmuKeyVar</name>
         <uninitialized>true</uninitialized>
         <run_address>0xd00</run_address>
         <size>0x1</size>
         <input_file_ref idref="fl-9"/>
      </object_component>
      <object_component id="oc-72">
         <name>EmuBModeVar</name>
         <uninitialized>true</uninitialized>
         <run_address>0xd01</run_address>
         <size>0x1</size>
         <input_file_ref idref="fl-9"/>
      </object_component>
      <object_component id="oc-73">
         <name>FlashCallbackVar</name>
         <uninitialized>true</uninitialized>
         <run_address>0xd02</run_address>
         <size>0x2</size>
         <input_file_ref idref="fl-9"/>
      </object_component>
      <object_component id="oc-74">
         <name>FlashScalingVar</name>
         <uninitialized>true</uninitialized>
         <run_address>0xd04</run_address>
         <size>0x2</size>
         <input_file_ref idref="fl-9"/>
      </object_component>
      <object_component id="oc-76">
         <name>DevEmuRegsFile</name>
         <uninitialized>true</uninitialized>
         <run_address>0x880</run_address>
         <size>0x4</size>
         <input_file_ref idref="fl-9"/>
      </object_component>
      <object_component id="oc-75">
         <name>SysPwrCtrlRegsFile</name>
         <uninitialized>true</uninitialized>
         <run_address>0x985</run_address>
         <size>0x3</size>
         <input_file_ref idref="fl-9"/>
      </object_component>
      <object_component id="oc-77">
         <name>FlashRegsFile</name>
         <uninitialized>true</uninitialized>
         <run_address>0xa80</run_address>
         <size>0x8</size>
         <input_file_ref idref="fl-9"/>
      </object_component>
      <object_component id="oc-81">
         <name>CsmRegsFile</name>
         <uninitialized>true</uninitialized>
         <run_address>0xae0</run_address>
         <size>0x10</size>
         <input_file_ref idref="fl-9"/>
      </object_component>
      <object_component id="oc-7e">
         <name>AdcResultFile</name>
         <uninitialized>true</uninitialized>
         <run_address>0xb00</run_address>
         <size>0x10</size>
         <input_file_ref idref="fl-9"/>
      </object_component>
      <object_component id="oc-78">
         <name>CpuTimer0RegsFile</name>
         <uninitialized>true</uninitialized>
         <run_address>0xc00</run_address>
         <size>0x8</size>
         <input_file_ref idref="fl-9"/>
      </object_component>
      <object_component id="oc-7b">
         <name>CpuTimer1RegsFile</name>
         <uninitialized>true</uninitialized>
         <run_address>0xc08</run_address>
         <size>0x8</size>
         <input_file_ref idref="fl-9"/>
      </object_component>
      <object_component id="oc-79">
         <name>CpuTimer2RegsFile</name>
         <uninitialized>true</uninitialized>
         <run_address>0xc10</run_address>
         <size>0x8</size>
         <input_file_ref idref="fl-9"/>
      </object_component>
      <object_component id="oc-87">
         <name>PieCtrlRegsFile</name>
         <uninitialized>true</uninitialized>
         <run_address>0xce0</run_address>
         <size>0x1a</size>
         <input_file_ref idref="fl-9"/>
      </object_component>
      <object_component id="oc-9c">
         <name>Cla1RegsFile</name>
         <uninitialized>true</uninitialized>
         <run_address>0x1400</run_address>
         <size>0x40</size>
         <input_file_ref idref="fl-9"/>
      </object_component>
      <object_component id="oc-a5">
         <name>DmaRegsFile</name>
         <uninitialized>true</uninitialized>
         <run_address>0x1000</run_address>
         <size>0xe0</size>
         <input_file_ref idref="fl-9"/>
      </object_component>
      <object_component id="oc-96">
         <name>ECanaRegsFile</name>
         <uninitialized>true</uninitialized>
         <run_address>0x6000</run_address>
         <size>0x34</size>
         <input_file_ref idref="fl-9"/>
      </object_component>
      <object_component id="oc-9a">
         <name>ECanaLAMRegsFile</name>
         <uninitialized>true</uninitialized>
         <run_address>0x6040</run_address>
         <size>0x40</size>
         <input_file_ref idref="fl-9"/>
      </object_component>
      <object_component id="oc-a7">
         <name>ECanaMboxesFile</name>
         <uninitialized>true</uninitialized>
         <run_address>0x6100</run_address>
         <size>0x100</size>
         <input_file_ref idref="fl-9"/>
      </object_component>
      <object_component id="oc-9b">
         <name>ECanaMOTSRegsFile</name>
         <uninitialized>true</uninitialized>
         <run_address>0x6080</run_address>
         <size>0x40</size>
         <input_file_ref idref="fl-9"/>
      </object_component>
      <object_component id="oc-97">
         <name>ECanaMOTORegsFile</name>
         <uninitialized>true</uninitialized>
         <run_address>0x60c0</run_address>
         <size>0x40</size>
         <input_file_ref idref="fl-9"/>
      </object_component>
      <object_component id="oc-8f">
         <name>ECap1RegsFile</name>
         <uninitialized>true</uninitialized>
         <run_address>0x6a00</run_address>
         <size>0x20</size>
         <input_file_ref idref="fl-9"/>
      </object_component>
      <object_component id="oc-8e">
         <name>ECap2RegsFile</name>
         <uninitialized>true</uninitialized>
         <run_address>0x6a20</run_address>
         <size>0x20</size>
         <input_file_ref idref="fl-9"/>
      </object_component>
      <object_component id="oc-90">
         <name>ECap3RegsFile</name>
         <uninitialized>true</uninitialized>
         <run_address>0x6a40</run_address>
         <size>0x20</size>
         <input_file_ref idref="fl-9"/>
      </object_component>
      <object_component id="oc-93">
         <name>EQep1RegsFile</name>
         <uninitialized>true</uninitialized>
         <run_address>0x6b00</run_address>
         <size>0x22</size>
         <input_file_ref idref="fl-9"/>
      </object_component>
      <object_component id="oc-91">
         <name>EQep2RegsFile</name>
         <uninitialized>true</uninitialized>
         <run_address>0x6b40</run_address>
         <size>0x22</size>
         <input_file_ref idref="fl-9"/>
      </object_component>
      <object_component id="oc-9f">
         <name>GpioCtrlRegsFile</name>
         <uninitialized>true</uninitialized>
         <run_address>0x6f80</run_address>
         <size>0x40</size>
         <input_file_ref idref="fl-9"/>
      </object_component>
      <object_component id="oc-89">
         <name>GpioDataRegsFile</name>
         <uninitialized>true</uninitialized>
         <run_address>0x6fc0</run_address>
         <size>0x20</size>
         <input_file_ref idref="fl-9"/>
      </object_component>
      <object_component id="oc-88">
         <name>GpioIntRegsFile</name>
         <uninitialized>true</uninitialized>
         <run_address>0x6fe0</run_address>
         <size>0x20</size>
         <input_file_ref idref="fl-9"/>
      </object_component>
      <object_component id="oc-8c">
         <name>HRCap1RegsFile</name>
         <uninitialized>true</uninitialized>
         <run_address>0x6ac0</run_address>
         <size>0x20</size>
         <input_file_ref idref="fl-9"/>
      </object_component>
      <object_component id="oc-8d">
         <name>HRCap2RegsFile</name>
         <uninitialized>true</uninitialized>
         <run_address>0x6ae0</run_address>
         <size>0x20</size>
         <input_file_ref idref="fl-9"/>
      </object_component>
      <object_component id="oc-8a">
         <name>HRCap3RegsFile</name>
         <uninitialized>true</uninitialized>
         <run_address>0x6c80</run_address>
         <size>0x20</size>
         <input_file_ref idref="fl-9"/>
      </object_component>
      <object_component id="oc-8b">
         <name>HRCap4RegsFile</name>
         <uninitialized>true</uninitialized>
         <run_address>0x6ca0</run_address>
         <size>0x20</size>
         <input_file_ref idref="fl-9"/>
      </object_component>
      <object_component id="oc-95">
         <name>SysCtrlRegsFile</name>
         <uninitialized>true</uninitialized>
         <run_address>0x7010</run_address>
         <size>0x30</size>
         <input_file_ref idref="fl-9"/>
      </object_component>
      <object_component id="oc-7d">
         <name>SpiaRegsFile</name>
         <uninitialized>true</uninitialized>
         <run_address>0x7040</run_address>
         <size>0x10</size>
         <input_file_ref idref="fl-9"/>
      </object_component>
      <object_component id="oc-82">
         <name>SpibRegsFile</name>
         <uninitialized>true</uninitialized>
         <run_address>0x7740</run_address>
         <size>0x10</size>
         <input_file_ref idref="fl-9"/>
      </object_component>
      <object_component id="oc-7f">
         <name>SciaRegsFile</name>
         <uninitialized>true</uninitialized>
         <run_address>0x7050</run_address>
         <size>0x10</size>
         <input_file_ref idref="fl-9"/>
      </object_component>
      <object_component id="oc-7c">
         <name>ScibRegsFile</name>
         <uninitialized>true</uninitialized>
         <run_address>0x7750</run_address>
         <size>0x10</size>
         <input_file_ref idref="fl-9"/>
      </object_component>
      <object_component id="oc-80">
         <name>NmiIntruptRegsFile</name>
         <uninitialized>true</uninitialized>
         <run_address>0x7060</run_address>
         <size>0x10</size>
         <input_file_ref idref="fl-9"/>
      </object_component>
      <object_component id="oc-83">
         <name>XIntruptRegsFile</name>
         <uninitialized>true</uninitialized>
         <run_address>0x7070</run_address>
         <size>0x10</size>
         <input_file_ref idref="fl-9"/>
      </object_component>
      <object_component id="oc-a4">
         <name>AdcRegsFile</name>
         <uninitialized>true</uninitialized>
         <run_address>0x7100</run_address>
         <size>0x50</size>
         <input_file_ref idref="fl-9"/>
      </object_component>
      <object_component id="oc-92">
         <name>I2caRegsFile</name>
         <uninitialized>true</uninitialized>
         <run_address>0x7900</run_address>
         <size>0x22</size>
         <input_file_ref idref="fl-9"/>
      </object_component>
      <object_component id="oc-85">
         <name>Comp1RegsFile</name>
         <uninitialized>true</uninitialized>
         <run_address>0x6400</run_address>
         <size>0x14</size>
         <input_file_ref idref="fl-9"/>
      </object_component>
      <object_component id="oc-84">
         <name>Comp2RegsFile</name>
         <uninitialized>true</uninitialized>
         <run_address>0x6420</run_address>
         <size>0x14</size>
         <input_file_ref idref="fl-9"/>
      </object_component>
      <object_component id="oc-86">
         <name>Comp3RegsFile</name>
         <uninitialized>true</uninitialized>
         <run_address>0x6440</run_address>
         <size>0x14</size>
         <input_file_ref idref="fl-9"/>
      </object_component>
      <object_component id="oc-99">
         <name>EPwm1RegsFile</name>
         <uninitialized>true</uninitialized>
         <run_address>0x6800</run_address>
         <size>0x40</size>
         <input_file_ref idref="fl-9"/>
      </object_component>
      <object_component id="oc-98">
         <name>EPwm2RegsFile</name>
         <uninitialized>true</uninitialized>
         <run_address>0x6840</run_address>
         <size>0x40</size>
         <input_file_ref idref="fl-9"/>
      </object_component>
      <object_component id="oc-a3">
         <name>EPwm3RegsFile</name>
         <uninitialized>true</uninitialized>
         <run_address>0x6880</run_address>
         <size>0x40</size>
         <input_file_ref idref="fl-9"/>
      </object_component>
      <object_component id="oc-a1">
         <name>EPwm4RegsFile</name>
         <uninitialized>true</uninitialized>
         <run_address>0x68c0</run_address>
         <size>0x40</size>
         <input_file_ref idref="fl-9"/>
      </object_component>
      <object_component id="oc-a2">
         <name>EPwm5RegsFile</name>
         <uninitialized>true</uninitialized>
         <run_address>0x6900</run_address>
         <size>0x40</size>
         <input_file_ref idref="fl-9"/>
      </object_component>
      <object_component id="oc-9e">
         <name>EPwm6RegsFile</name>
         <uninitialized>true</uninitialized>
         <run_address>0x6940</run_address>
         <size>0x40</size>
         <input_file_ref idref="fl-9"/>
      </object_component>
      <object_component id="oc-9d">
         <name>EPwm7RegsFile</name>
         <uninitialized>true</uninitialized>
         <run_address>0x6980</run_address>
         <size>0x40</size>
         <input_file_ref idref="fl-9"/>
      </object_component>
      <object_component id="oc-a0">
         <name>EPwm8RegsFile</name>
         <uninitialized>true</uninitialized>
         <run_address>0x69c0</run_address>
         <size>0x40</size>
         <input_file_ref idref="fl-9"/>
      </object_component>
      <object_component id="oc-94">
         <name>McbspaRegsFile</name>
         <uninitialized>true</uninitialized>
         <run_address>0x5000</run_address>
         <size>0x24</size>
         <input_file_ref idref="fl-9"/>
      </object_component>
      <object_component id="oc-a8">
         <name>Usb0RegsFile</name>
         <uninitialized>true</uninitialized>
         <run_address>0x4000</run_address>
         <size>0x454</size>
         <input_file_ref idref="fl-9"/>
      </object_component>
      <object_component id="oc-7a">
         <name>CsmPwlFile</name>
         <uninitialized>true</uninitialized>
         <run_address>0x3f7ff8</run_address>
         <size>0x8</size>
         <input_file_ref idref="fl-9"/>
      </object_component>
      <object_component id="oc-70">
         <name>PartIdRegsFile</name>
         <uninitialized>true</uninitialized>
         <run_address>0x3d7e80</run_address>
         <size>0x1</size>
         <input_file_ref idref="fl-9"/>
      </object_component>
      <object_component id="oc-54">
         <name>.debug_info</name>
         <load_address>0x0</load_address>
         <run_address>0x0</run_address>
         <size>0x4996</size>
         <input_file_ref idref="fl-4"/>
      </object_component>
      <object_component id="oc-5a">
         <name>.debug_info</name>
         <load_address>0x4996</load_address>
         <run_address>0x4996</run_address>
         <size>0x214</size>
         <input_file_ref idref="fl-5"/>
      </object_component>
      <object_component id="oc-5e">
         <name>.debug_info</name>
         <load_address>0x4baa</load_address>
         <run_address>0x4baa</run_address>
         <size>0xb25</size>
         <input_file_ref idref="fl-6"/>
      </object_component>
      <object_component id="oc-64">
         <name>.debug_info</name>
         <load_address>0x56cf</load_address>
         <run_address>0x56cf</run_address>
         <size>0x53a4</size>
         <input_file_ref idref="fl-7"/>
      </object_component>
      <object_component id="oc-6a">
         <name>.debug_info</name>
         <load_address>0xaa73</load_address>
         <run_address>0xaa73</run_address>
         <size>0x190f</size>
         <input_file_ref idref="fl-8"/>
      </object_component>
      <object_component id="oc-6f">
         <name>.debug_info</name>
         <load_address>0xc382</load_address>
         <run_address>0xc382</run_address>
         <size>0x1b09d</size>
         <input_file_ref idref="fl-9"/>
      </object_component>
      <object_component id="oc-aa">
         <name>.debug_info</name>
         <load_address>0x2741f</load_address>
         <run_address>0x2741f</run_address>
         <size>0xcbf</size>
         <input_file_ref idref="fl-a"/>
      </object_component>
      <object_component id="oc-af">
         <name>.debug_info</name>
         <load_address>0x280de</load_address>
         <run_address>0x280de</run_address>
         <size>0x257c</size>
         <input_file_ref idref="fl-b"/>
      </object_component>
      <object_component id="oc-b4">
         <name>.debug_info</name>
         <load_address>0x2a65a</load_address>
         <run_address>0x2a65a</run_address>
         <size>0x2fb7</size>
         <input_file_ref idref="fl-c"/>
      </object_component>
      <object_component id="oc-ba">
         <name>.debug_info</name>
         <load_address>0x2d611</load_address>
         <run_address>0x2d611</run_address>
         <size>0x19d</size>
         <input_file_ref idref="fl-d"/>
      </object_component>
      <object_component id="oc-be">
         <name>.debug_info</name>
         <load_address>0x2d7ae</load_address>
         <run_address>0x2d7ae</run_address>
         <size>0x5d88</size>
         <input_file_ref idref="fl-e"/>
      </object_component>
      <object_component id="oc-c7">
         <name>.debug_info</name>
         <load_address>0x33536</load_address>
         <run_address>0x33536</run_address>
         <size>0x64d</size>
         <input_file_ref idref="fl-f"/>
      </object_component>
      <object_component id="oc-cc">
         <name>.debug_info</name>
         <load_address>0x33b83</load_address>
         <run_address>0x33b83</run_address>
         <size>0x492</size>
         <input_file_ref idref="fl-10"/>
      </object_component>
      <object_component id="oc-d1">
         <name>.debug_info</name>
         <load_address>0x34015</load_address>
         <run_address>0x34015</run_address>
         <size>0x2ada</size>
         <input_file_ref idref="fl-11"/>
      </object_component>
      <object_component id="oc-d8">
         <name>.debug_info</name>
         <load_address>0x36aef</load_address>
         <run_address>0x36aef</run_address>
         <size>0x3ab2</size>
         <input_file_ref idref="fl-12"/>
      </object_component>
      <object_component id="oc-dd">
         <name>.debug_info</name>
         <load_address>0x3a5a1</load_address>
         <run_address>0x3a5a1</run_address>
         <size>0x802f</size>
         <input_file_ref idref="fl-13"/>
      </object_component>
      <object_component id="oc-e2">
         <name>.debug_info</name>
         <load_address>0x425d0</load_address>
         <run_address>0x425d0</run_address>
         <size>0x3a0c</size>
         <input_file_ref idref="fl-14"/>
      </object_component>
      <object_component id="oc-ea">
         <name>.debug_info</name>
         <load_address>0x45fdc</load_address>
         <run_address>0x45fdc</run_address>
         <size>0x142</size>
         <input_file_ref idref="fl-1a"/>
      </object_component>
      <object_component id="oc-f0">
         <name>.debug_info</name>
         <load_address>0x4611e</load_address>
         <run_address>0x4611e</run_address>
         <size>0x16b</size>
         <input_file_ref idref="fl-1b"/>
      </object_component>
      <object_component id="oc-f4">
         <name>.debug_info</name>
         <load_address>0x46289</load_address>
         <run_address>0x46289</run_address>
         <size>0x4ce</size>
         <input_file_ref idref="fl-1c"/>
      </object_component>
      <object_component id="oc-f9">
         <name>.debug_info</name>
         <load_address>0x46757</load_address>
         <run_address>0x46757</run_address>
         <size>0x3df</size>
         <input_file_ref idref="fl-1d"/>
      </object_component>
      <object_component id="oc-fe">
         <name>.debug_info</name>
         <load_address>0x46b36</load_address>
         <run_address>0x46b36</run_address>
         <size>0x3e2</size>
         <input_file_ref idref="fl-1e"/>
      </object_component>
      <object_component id="oc-103">
         <name>.debug_info</name>
         <load_address>0x46f18</load_address>
         <run_address>0x46f18</run_address>
         <size>0x5c1</size>
         <input_file_ref idref="fl-1f"/>
      </object_component>
      <object_component id="oc-108">
         <name>.debug_info</name>
         <load_address>0x474d9</load_address>
         <run_address>0x474d9</run_address>
         <size>0x5ab</size>
         <input_file_ref idref="fl-20"/>
      </object_component>
      <object_component id="oc-10f">
         <name>.debug_info</name>
         <load_address>0x47a84</load_address>
         <run_address>0x47a84</run_address>
         <size>0x501</size>
         <input_file_ref idref="fl-21"/>
      </object_component>
      <object_component id="oc-114">
         <name>.debug_info</name>
         <load_address>0x47f85</load_address>
         <run_address>0x47f85</run_address>
         <size>0x46f</size>
         <input_file_ref idref="fl-22"/>
      </object_component>
      <object_component id="oc-11a">
         <name>.debug_info</name>
         <load_address>0x483f4</load_address>
         <run_address>0x483f4</run_address>
         <size>0x144</size>
         <input_file_ref idref="fl-23"/>
      </object_component>
      <object_component id="oc-192">
         <name>.debug_info</name>
         <load_address>0x48538</load_address>
         <run_address>0x48538</run_address>
         <size>0xd5</size>
      </object_component>
      <object_component id="oc-55">
         <name>.debug_frame</name>
         <load_address>0x0</load_address>
         <run_address>0x0</run_address>
         <size>0x2e</size>
         <input_file_ref idref="fl-4"/>
      </object_component>
      <object_component id="oc-60">
         <name>.debug_frame</name>
         <load_address>0x2e</load_address>
         <run_address>0x2e</run_address>
         <size>0x5e</size>
         <input_file_ref idref="fl-6"/>
      </object_component>
      <object_component id="oc-66">
         <name>.debug_frame</name>
         <load_address>0x8c</load_address>
         <run_address>0x8c</run_address>
         <size>0xd80</size>
         <input_file_ref idref="fl-7"/>
      </object_component>
      <object_component id="oc-6b">
         <name>.debug_frame</name>
         <load_address>0xe0c</load_address>
         <run_address>0xe0c</run_address>
         <size>0x2e</size>
         <input_file_ref idref="fl-8"/>
      </object_component>
      <object_component id="oc-ab">
         <name>.debug_frame</name>
         <load_address>0xe3a</load_address>
         <run_address>0xe3a</run_address>
         <size>0x58</size>
         <input_file_ref idref="fl-a"/>
      </object_component>
      <object_component id="oc-b0">
         <name>.debug_frame</name>
         <load_address>0xe92</load_address>
         <run_address>0xe92</run_address>
         <size>0x49</size>
         <input_file_ref idref="fl-b"/>
      </object_component>
      <object_component id="oc-b5">
         <name>.debug_frame</name>
         <load_address>0xedb</load_address>
         <run_address>0xedb</run_address>
         <size>0x13e</size>
         <input_file_ref idref="fl-c"/>
      </object_component>
      <object_component id="oc-c3">
         <name>.debug_frame</name>
         <load_address>0x1019</load_address>
         <run_address>0x1019</run_address>
         <size>0x1d8</size>
         <input_file_ref idref="fl-e"/>
      </object_component>
      <object_component id="oc-c8">
         <name>.debug_frame</name>
         <load_address>0x11f1</load_address>
         <run_address>0x11f1</run_address>
         <size>0x64</size>
         <input_file_ref idref="fl-f"/>
      </object_component>
      <object_component id="oc-cd">
         <name>.debug_frame</name>
         <load_address>0x1255</load_address>
         <run_address>0x1255</run_address>
         <size>0x49</size>
         <input_file_ref idref="fl-10"/>
      </object_component>
      <object_component id="oc-d4">
         <name>.debug_frame</name>
         <load_address>0x129e</load_address>
         <run_address>0x129e</run_address>
         <size>0x75</size>
         <input_file_ref idref="fl-11"/>
      </object_component>
      <object_component id="oc-d9">
         <name>.debug_frame</name>
         <load_address>0x1313</load_address>
         <run_address>0x1313</run_address>
         <size>0x7b</size>
         <input_file_ref idref="fl-12"/>
      </object_component>
      <object_component id="oc-de">
         <name>.debug_frame</name>
         <load_address>0x138e</load_address>
         <run_address>0x138e</run_address>
         <size>0x83</size>
         <input_file_ref idref="fl-13"/>
      </object_component>
      <object_component id="oc-e5">
         <name>.debug_frame</name>
         <load_address>0x1411</load_address>
         <run_address>0x1411</run_address>
         <size>0xd6</size>
         <input_file_ref idref="fl-14"/>
      </object_component>
      <object_component id="oc-f5">
         <name>.debug_frame</name>
         <load_address>0x14e7</load_address>
         <run_address>0x14e7</run_address>
         <size>0x43</size>
         <input_file_ref idref="fl-1c"/>
      </object_component>
      <object_component id="oc-fa">
         <name>.debug_frame</name>
         <load_address>0x152a</load_address>
         <run_address>0x152a</run_address>
         <size>0x43</size>
         <input_file_ref idref="fl-1d"/>
      </object_component>
      <object_component id="oc-ff">
         <name>.debug_frame</name>
         <load_address>0x156d</load_address>
         <run_address>0x156d</run_address>
         <size>0x43</size>
         <input_file_ref idref="fl-1e"/>
      </object_component>
      <object_component id="oc-104">
         <name>.debug_frame</name>
         <load_address>0x15b0</load_address>
         <run_address>0x15b0</run_address>
         <size>0x64</size>
         <input_file_ref idref="fl-1f"/>
      </object_component>
      <object_component id="oc-10b">
         <name>.debug_frame</name>
         <load_address>0x1614</load_address>
         <run_address>0x1614</run_address>
         <size>0x61</size>
         <input_file_ref idref="fl-20"/>
      </object_component>
      <object_component id="oc-110">
         <name>.debug_frame</name>
         <load_address>0x1675</load_address>
         <run_address>0x1675</run_address>
         <size>0x6d</size>
         <input_file_ref idref="fl-21"/>
      </object_component>
      <object_component id="oc-115">
         <name>.debug_frame</name>
         <load_address>0x16e2</load_address>
         <run_address>0x16e2</run_address>
         <size>0x43</size>
         <input_file_ref idref="fl-22"/>
      </object_component>
      <object_component id="oc-56">
         <name>.debug_line</name>
         <load_address>0x0</load_address>
         <run_address>0x0</run_address>
         <size>0x30</size>
         <input_file_ref idref="fl-4"/>
      </object_component>
      <object_component id="oc-5b">
         <name>.debug_line</name>
         <load_address>0x30</load_address>
         <run_address>0x30</run_address>
         <size>0xa7</size>
         <input_file_ref idref="fl-5"/>
      </object_component>
      <object_component id="oc-61">
         <name>.debug_line</name>
         <load_address>0xd7</load_address>
         <run_address>0xd7</run_address>
         <size>0xd1</size>
         <input_file_ref idref="fl-6"/>
      </object_component>
      <object_component id="oc-67">
         <name>.debug_line</name>
         <load_address>0x1a8</load_address>
         <run_address>0x1a8</run_address>
         <size>0x8ba</size>
         <input_file_ref idref="fl-7"/>
      </object_component>
      <object_component id="oc-6c">
         <name>.debug_line</name>
         <load_address>0xa62</load_address>
         <run_address>0xa62</run_address>
         <size>0x73</size>
         <input_file_ref idref="fl-8"/>
      </object_component>
      <object_component id="oc-ac">
         <name>.debug_line</name>
         <load_address>0xad5</load_address>
         <run_address>0xad5</run_address>
         <size>0xc8</size>
         <input_file_ref idref="fl-a"/>
      </object_component>
      <object_component id="oc-b1">
         <name>.debug_line</name>
         <load_address>0xb9d</load_address>
         <run_address>0xb9d</run_address>
         <size>0xaa</size>
         <input_file_ref idref="fl-b"/>
      </object_component>
      <object_component id="oc-b6">
         <name>.debug_line</name>
         <load_address>0xc47</load_address>
         <run_address>0xc47</run_address>
         <size>0x256</size>
         <input_file_ref idref="fl-c"/>
      </object_component>
      <object_component id="oc-bb">
         <name>.debug_line</name>
         <load_address>0xe9d</load_address>
         <run_address>0xe9d</run_address>
         <size>0x8b</size>
         <input_file_ref idref="fl-d"/>
      </object_component>
      <object_component id="oc-c4">
         <name>.debug_line</name>
         <load_address>0xf28</load_address>
         <run_address>0xf28</run_address>
         <size>0x199</size>
         <input_file_ref idref="fl-e"/>
      </object_component>
      <object_component id="oc-c9">
         <name>.debug_line</name>
         <load_address>0x10c1</load_address>
         <run_address>0x10c1</run_address>
         <size>0x6e</size>
         <input_file_ref idref="fl-f"/>
      </object_component>
      <object_component id="oc-ce">
         <name>.debug_line</name>
         <load_address>0x112f</load_address>
         <run_address>0x112f</run_address>
         <size>0x55</size>
         <input_file_ref idref="fl-10"/>
      </object_component>
      <object_component id="oc-d5">
         <name>.debug_line</name>
         <load_address>0x1184</load_address>
         <run_address>0x1184</run_address>
         <size>0xb7</size>
         <input_file_ref idref="fl-11"/>
      </object_component>
      <object_component id="oc-da">
         <name>.debug_line</name>
         <load_address>0x123b</load_address>
         <run_address>0x123b</run_address>
         <size>0xdf</size>
         <input_file_ref idref="fl-12"/>
      </object_component>
      <object_component id="oc-df">
         <name>.debug_line</name>
         <load_address>0x131a</load_address>
         <run_address>0x131a</run_address>
         <size>0x182</size>
         <input_file_ref idref="fl-13"/>
      </object_component>
      <object_component id="oc-e6">
         <name>.debug_line</name>
         <load_address>0x149c</load_address>
         <run_address>0x149c</run_address>
         <size>0x157</size>
         <input_file_ref idref="fl-14"/>
      </object_component>
      <object_component id="oc-eb">
         <name>.debug_line</name>
         <load_address>0x15f3</load_address>
         <run_address>0x15f3</run_address>
         <size>0x7a</size>
         <input_file_ref idref="fl-1a"/>
      </object_component>
      <object_component id="oc-f1">
         <name>.debug_line</name>
         <load_address>0x166d</load_address>
         <run_address>0x166d</run_address>
         <size>0x7e</size>
         <input_file_ref idref="fl-1b"/>
      </object_component>
      <object_component id="oc-f6">
         <name>.debug_line</name>
         <load_address>0x16eb</load_address>
         <run_address>0x16eb</run_address>
         <size>0x55</size>
         <input_file_ref idref="fl-1c"/>
      </object_component>
      <object_component id="oc-fb">
         <name>.debug_line</name>
         <load_address>0x1740</load_address>
         <run_address>0x1740</run_address>
         <size>0x3a</size>
         <input_file_ref idref="fl-1d"/>
      </object_component>
      <object_component id="oc-100">
         <name>.debug_line</name>
         <load_address>0x177a</load_address>
         <run_address>0x177a</run_address>
         <size>0x3e</size>
         <input_file_ref idref="fl-1e"/>
      </object_component>
      <object_component id="oc-105">
         <name>.debug_line</name>
         <load_address>0x17b8</load_address>
         <run_address>0x17b8</run_address>
         <size>0x50</size>
         <input_file_ref idref="fl-1f"/>
      </object_component>
      <object_component id="oc-10c">
         <name>.debug_line</name>
         <load_address>0x1808</load_address>
         <run_address>0x1808</run_address>
         <size>0x65</size>
         <input_file_ref idref="fl-20"/>
      </object_component>
      <object_component id="oc-111">
         <name>.debug_line</name>
         <load_address>0x186d</load_address>
         <run_address>0x186d</run_address>
         <size>0x5e</size>
         <input_file_ref idref="fl-21"/>
      </object_component>
      <object_component id="oc-116">
         <name>.debug_line</name>
         <load_address>0x18cb</load_address>
         <run_address>0x18cb</run_address>
         <size>0x62</size>
         <input_file_ref idref="fl-22"/>
      </object_component>
      <object_component id="oc-11b">
         <name>.debug_line</name>
         <load_address>0x192d</load_address>
         <run_address>0x192d</run_address>
         <size>0x80</size>
         <input_file_ref idref="fl-23"/>
      </object_component>
      <object_component id="oc-57">
         <name>.debug_abbrev</name>
         <load_address>0x0</load_address>
         <run_address>0x0</run_address>
         <size>0x155</size>
         <input_file_ref idref="fl-4"/>
      </object_component>
      <object_component id="oc-5c">
         <name>.debug_abbrev</name>
         <load_address>0x155</load_address>
         <run_address>0x155</run_address>
         <size>0x21</size>
         <input_file_ref idref="fl-5"/>
      </object_component>
      <object_component id="oc-62">
         <name>.debug_abbrev</name>
         <load_address>0x176</load_address>
         <run_address>0x176</run_address>
         <size>0xfd</size>
         <input_file_ref idref="fl-6"/>
      </object_component>
      <object_component id="oc-68">
         <name>.debug_abbrev</name>
         <load_address>0x273</load_address>
         <run_address>0x273</run_address>
         <size>0xde</size>
         <input_file_ref idref="fl-7"/>
      </object_component>
      <object_component id="oc-6d">
         <name>.debug_abbrev</name>
         <load_address>0x351</load_address>
         <run_address>0x351</run_address>
         <size>0x138</size>
         <input_file_ref idref="fl-8"/>
      </object_component>
      <object_component id="oc-a9">
         <name>.debug_abbrev</name>
         <load_address>0x489</load_address>
         <run_address>0x489</run_address>
         <size>0xc4</size>
         <input_file_ref idref="fl-9"/>
      </object_component>
      <object_component id="oc-ad">
         <name>.debug_abbrev</name>
         <load_address>0x54d</load_address>
         <run_address>0x54d</run_address>
         <size>0xc8</size>
         <input_file_ref idref="fl-a"/>
      </object_component>
      <object_component id="oc-b2">
         <name>.debug_abbrev</name>
         <load_address>0x615</load_address>
         <run_address>0x615</run_address>
         <size>0x116</size>
         <input_file_ref idref="fl-b"/>
      </object_component>
      <object_component id="oc-b7">
         <name>.debug_abbrev</name>
         <load_address>0x72b</load_address>
         <run_address>0x72b</run_address>
         <size>0x1a3</size>
         <input_file_ref idref="fl-c"/>
      </object_component>
      <object_component id="oc-bc">
         <name>.debug_abbrev</name>
         <load_address>0x8ce</load_address>
         <run_address>0x8ce</run_address>
         <size>0x2f</size>
         <input_file_ref idref="fl-d"/>
      </object_component>
      <object_component id="oc-c5">
         <name>.debug_abbrev</name>
         <load_address>0x8fd</load_address>
         <run_address>0x8fd</run_address>
         <size>0x18e</size>
         <input_file_ref idref="fl-e"/>
      </object_component>
      <object_component id="oc-ca">
         <name>.debug_abbrev</name>
         <load_address>0xa8b</load_address>
         <run_address>0xa8b</run_address>
         <size>0xa8</size>
         <input_file_ref idref="fl-f"/>
      </object_component>
      <object_component id="oc-cf">
         <name>.debug_abbrev</name>
         <load_address>0xb33</load_address>
         <run_address>0xb33</run_address>
         <size>0x9a</size>
         <input_file_ref idref="fl-10"/>
      </object_component>
      <object_component id="oc-d6">
         <name>.debug_abbrev</name>
         <load_address>0xbcd</load_address>
         <run_address>0xbcd</run_address>
         <size>0x13f</size>
         <input_file_ref idref="fl-11"/>
      </object_component>
      <object_component id="oc-db">
         <name>.debug_abbrev</name>
         <load_address>0xd0c</load_address>
         <run_address>0xd0c</run_address>
         <size>0x121</size>
         <input_file_ref idref="fl-12"/>
      </object_component>
      <object_component id="oc-e0">
         <name>.debug_abbrev</name>
         <load_address>0xe2d</load_address>
         <run_address>0xe2d</run_address>
         <size>0x178</size>
         <input_file_ref idref="fl-13"/>
      </object_component>
      <object_component id="oc-e7">
         <name>.debug_abbrev</name>
         <load_address>0xfa5</load_address>
         <run_address>0xfa5</run_address>
         <size>0x13f</size>
         <input_file_ref idref="fl-14"/>
      </object_component>
      <object_component id="oc-ec">
         <name>.debug_abbrev</name>
         <load_address>0x10e4</load_address>
         <run_address>0x10e4</run_address>
         <size>0x2c</size>
         <input_file_ref idref="fl-1a"/>
      </object_component>
      <object_component id="oc-f2">
         <name>.debug_abbrev</name>
         <load_address>0x1110</load_address>
         <run_address>0x1110</run_address>
         <size>0x46</size>
         <input_file_ref idref="fl-1b"/>
      </object_component>
      <object_component id="oc-f7">
         <name>.debug_abbrev</name>
         <load_address>0x1156</load_address>
         <run_address>0x1156</run_address>
         <size>0xfe</size>
         <input_file_ref idref="fl-1c"/>
      </object_component>
      <object_component id="oc-fc">
         <name>.debug_abbrev</name>
         <load_address>0x1254</load_address>
         <run_address>0x1254</run_address>
         <size>0x66</size>
         <input_file_ref idref="fl-1d"/>
      </object_component>
      <object_component id="oc-101">
         <name>.debug_abbrev</name>
         <load_address>0x12ba</load_address>
         <run_address>0x12ba</run_address>
         <size>0x68</size>
         <input_file_ref idref="fl-1e"/>
      </object_component>
      <object_component id="oc-106">
         <name>.debug_abbrev</name>
         <load_address>0x1322</load_address>
         <run_address>0x1322</run_address>
         <size>0xfc</size>
         <input_file_ref idref="fl-1f"/>
      </object_component>
      <object_component id="oc-10d">
         <name>.debug_abbrev</name>
         <load_address>0x141e</load_address>
         <run_address>0x141e</run_address>
         <size>0x142</size>
         <input_file_ref idref="fl-20"/>
      </object_component>
      <object_component id="oc-112">
         <name>.debug_abbrev</name>
         <load_address>0x1560</load_address>
         <run_address>0x1560</run_address>
         <size>0xb2</size>
         <input_file_ref idref="fl-21"/>
      </object_component>
      <object_component id="oc-117">
         <name>.debug_abbrev</name>
         <load_address>0x1612</load_address>
         <run_address>0x1612</run_address>
         <size>0xa8</size>
         <input_file_ref idref="fl-22"/>
      </object_component>
      <object_component id="oc-11c">
         <name>.debug_abbrev</name>
         <load_address>0x16ba</load_address>
         <run_address>0x16ba</run_address>
         <size>0x2c</size>
         <input_file_ref idref="fl-23"/>
      </object_component>
      <object_component id="oc-193">
         <name>.debug_abbrev</name>
         <load_address>0x16e6</load_address>
         <run_address>0x16e6</run_address>
         <size>0xf</size>
      </object_component>
      <object_component id="oc-58">
         <name>.debug_aranges</name>
         <load_address>0x0</load_address>
         <run_address>0x0</run_address>
         <size>0x18</size>
         <input_file_ref idref="fl-4"/>
      </object_component>
      <object_component id="oc-5d">
         <name>.debug_aranges</name>
         <load_address>0x18</load_address>
         <run_address>0x18</run_address>
         <size>0x28</size>
         <input_file_ref idref="fl-5"/>
      </object_component>
      <object_component id="oc-63">
         <name>.debug_aranges</name>
         <load_address>0x40</load_address>
         <run_address>0x40</run_address>
         <size>0x28</size>
         <input_file_ref idref="fl-6"/>
      </object_component>
      <object_component id="oc-69">
         <name>.debug_aranges</name>
         <load_address>0x68</load_address>
         <run_address>0x68</run_address>
         <size>0x2f8</size>
         <input_file_ref idref="fl-7"/>
      </object_component>
      <object_component id="oc-6e">
         <name>.debug_aranges</name>
         <load_address>0x360</load_address>
         <run_address>0x360</run_address>
         <size>0x18</size>
         <input_file_ref idref="fl-8"/>
      </object_component>
      <object_component id="oc-ae">
         <name>.debug_aranges</name>
         <load_address>0x378</load_address>
         <run_address>0x378</run_address>
         <size>0x28</size>
         <input_file_ref idref="fl-a"/>
      </object_component>
      <object_component id="oc-b3">
         <name>.debug_aranges</name>
         <load_address>0x3a0</load_address>
         <run_address>0x3a0</run_address>
         <size>0x20</size>
         <input_file_ref idref="fl-b"/>
      </object_component>
      <object_component id="oc-b8">
         <name>.debug_aranges</name>
         <load_address>0x3c0</load_address>
         <run_address>0x3c0</run_address>
         <size>0x78</size>
         <input_file_ref idref="fl-c"/>
      </object_component>
      <object_component id="oc-bd">
         <name>.debug_aranges</name>
         <load_address>0x438</load_address>
         <run_address>0x438</run_address>
         <size>0x20</size>
         <input_file_ref idref="fl-d"/>
      </object_component>
      <object_component id="oc-c6">
         <name>.debug_aranges</name>
         <load_address>0x458</load_address>
         <run_address>0x458</run_address>
         <size>0x50</size>
         <input_file_ref idref="fl-e"/>
      </object_component>
      <object_component id="oc-cb">
         <name>.debug_aranges</name>
         <load_address>0x4a8</load_address>
         <run_address>0x4a8</run_address>
         <size>0x28</size>
         <input_file_ref idref="fl-f"/>
      </object_component>
      <object_component id="oc-d0">
         <name>.debug_aranges</name>
         <load_address>0x4d0</load_address>
         <run_address>0x4d0</run_address>
         <size>0x20</size>
         <input_file_ref idref="fl-10"/>
      </object_component>
      <object_component id="oc-d7">
         <name>.debug_aranges</name>
         <load_address>0x4f0</load_address>
         <run_address>0x4f0</run_address>
         <size>0x30</size>
         <input_file_ref idref="fl-11"/>
      </object_component>
      <object_component id="oc-dc">
         <name>.debug_aranges</name>
         <load_address>0x520</load_address>
         <run_address>0x520</run_address>
         <size>0x30</size>
         <input_file_ref idref="fl-12"/>
      </object_component>
      <object_component id="oc-e1">
         <name>.debug_aranges</name>
         <load_address>0x550</load_address>
         <run_address>0x550</run_address>
         <size>0x38</size>
         <input_file_ref idref="fl-13"/>
      </object_component>
      <object_component id="oc-e8">
         <name>.debug_aranges</name>
         <load_address>0x588</load_address>
         <run_address>0x588</run_address>
         <size>0x50</size>
         <input_file_ref idref="fl-14"/>
      </object_component>
      <object_component id="oc-f3">
         <name>.debug_aranges</name>
         <load_address>0x5d8</load_address>
         <run_address>0x5d8</run_address>
         <size>0x20</size>
         <input_file_ref idref="fl-1b"/>
      </object_component>
      <object_component id="oc-f8">
         <name>.debug_aranges</name>
         <load_address>0x5f8</load_address>
         <run_address>0x5f8</run_address>
         <size>0x20</size>
         <input_file_ref idref="fl-1c"/>
      </object_component>
      <object_component id="oc-fd">
         <name>.debug_aranges</name>
         <load_address>0x618</load_address>
         <run_address>0x618</run_address>
         <size>0x20</size>
         <input_file_ref idref="fl-1d"/>
      </object_component>
      <object_component id="oc-102">
         <name>.debug_aranges</name>
         <load_address>0x638</load_address>
         <run_address>0x638</run_address>
         <size>0x20</size>
         <input_file_ref idref="fl-1e"/>
      </object_component>
      <object_component id="oc-107">
         <name>.debug_aranges</name>
         <load_address>0x658</load_address>
         <run_address>0x658</run_address>
         <size>0x20</size>
         <input_file_ref idref="fl-1f"/>
      </object_component>
      <object_component id="oc-10e">
         <name>.debug_aranges</name>
         <load_address>0x678</load_address>
         <run_address>0x678</run_address>
         <size>0x28</size>
         <input_file_ref idref="fl-20"/>
      </object_component>
      <object_component id="oc-113">
         <name>.debug_aranges</name>
         <load_address>0x6a0</load_address>
         <run_address>0x6a0</run_address>
         <size>0x30</size>
         <input_file_ref idref="fl-21"/>
      </object_component>
      <object_component id="oc-118">
         <name>.debug_aranges</name>
         <load_address>0x6d0</load_address>
         <run_address>0x6d0</run_address>
         <size>0x20</size>
         <input_file_ref idref="fl-22"/>
      </object_component>
      <object_component id="oc-c1">
         <name>ramfuncs:retain</name>
         <load_address>0x8000</load_address>
         <run_address>0x8000</run_address>
         <size>0x9e</size>
         <input_file_ref idref="fl-e"/>
      </object_component>
      <object_component id="oc-129">
         <name>ramfuncs</name>
         <load_address>0x809e</load_address>
         <run_address>0x809e</run_address>
         <size>0x1b</size>
         <input_file_ref idref="fl-c"/>
      </object_component>
      <object_component id="oc-b9">
         <name>ramfuncs</name>
         <load_address>0x80b9</load_address>
         <run_address>0x80b9</run_address>
         <size>0x4</size>
         <input_file_ref idref="fl-d"/>
      </object_component>
   </object_component_list>
   <logical_group_list>
      <logical_group id="lg-2" display="no" color="cyan">
         <name>.cinit</name>
         <load_address>0x3f4fca</load_address>
         <run_address>0x3f4fca</run_address>
         <size>0xbd</size>
         <contents>
            <object_component_ref idref="oc-e3"/>
            <object_component_ref idref="oc-d2"/>
            <object_component_ref idref="oc-bf"/>
            <object_component_ref idref="oc-109"/>
            <object_component_ref idref="oc-12e"/>
            <object_component_ref idref="oc-132"/>
         </contents>
      </logical_group>
      <logical_group id="lg-3" display="no" color="cyan">
         <name>.pinit</name>
         <run_address>0x0</run_address>
         <size>0x0</size>
         <contents>
         </contents>
      </logical_group>
      <logical_group id="lg-4" display="no" color="cyan">
         <name>.text</name>
         <load_address>0x3f4000</load_address>
         <run_address>0x3f4000</run_address>
         <size>0xeca</size>
         <contents>
            <object_component_ref idref="oc-65"/>
            <object_component_ref idref="oc-127"/>
            <object_component_ref idref="oc-11d"/>
            <object_component_ref idref="oc-128"/>
            <object_component_ref idref="oc-120"/>
            <object_component_ref idref="oc-11e"/>
            <object_component_ref idref="oc-12b"/>
            <object_component_ref idref="oc-c2"/>
            <object_component_ref idref="oc-12a"/>
            <object_component_ref idref="oc-ed"/>
            <object_component_ref idref="oc-11f"/>
            <object_component_ref idref="oc-121"/>
            <object_component_ref idref="oc-126"/>
            <object_component_ref idref="oc-12f"/>
            <object_component_ref idref="oc-130"/>
            <object_component_ref idref="oc-123"/>
            <object_component_ref idref="oc-119"/>
            <object_component_ref idref="oc-12c"/>
            <object_component_ref idref="oc-125"/>
            <object_component_ref idref="oc-e9"/>
            <object_component_ref idref="oc-131"/>
            <object_component_ref idref="oc-59"/>
            <object_component_ref idref="oc-122"/>
            <object_component_ref idref="oc-124"/>
         </contents>
      </logical_group>
      <logical_group id="lg-5" display="no" color="cyan">
         <name>codestart</name>
         <load_address>0x3f7ff6</load_address>
         <run_address>0x3f7ff6</run_address>
         <size>0x2</size>
         <contents>
            <object_component_ref idref="oc-53"/>
         </contents>
      </logical_group>
      <logical_group id="lg-6" display="no" color="cyan">
         <name>.TI.ramfunc</name>
         <run_address>0x8000</run_address>
         <size>0x0</size>
         <contents>
         </contents>
      </logical_group>
      <logical_group id="lg-7" display="no" color="cyan">
         <name>csmpasswds</name>
         <run_address>0x0</run_address>
         <size>0x0</size>
         <contents>
         </contents>
      </logical_group>
      <logical_group id="lg-8" display="no" color="cyan">
         <name>csm_rsvd</name>
         <run_address>0x0</run_address>
         <size>0x0</size>
         <contents>
         </contents>
      </logical_group>
      <logical_group id="lg-9" display="no" color="cyan">
         <name>.stack</name>
         <run_address>0x50</run_address>
         <size>0x200</size>
         <contents>
            <object_component_ref idref="oc-ee"/>
            <object_component_ref idref="oc-191"/>
         </contents>
      </logical_group>
      <logical_group id="lg-a" display="no" color="cyan">
         <name>.ebss</name>
         <run_address>0xa000</run_address>
         <size>0x9c</size>
         <contents>
            <object_component_ref idref="oc-5f"/>
            <object_component_ref idref="oc-c0"/>
            <object_component_ref idref="oc-d3"/>
            <object_component_ref idref="oc-e4"/>
            <object_component_ref idref="oc-10a"/>
            <object_component_ref idref="oc-134"/>
            <object_component_ref idref="oc-12d"/>
         </contents>
      </logical_group>
      <logical_group id="lg-b" display="no" color="cyan">
         <name>.esysmem</name>
         <run_address>0x0</run_address>
         <size>0x0</size>
         <contents>
         </contents>
      </logical_group>
      <logical_group id="lg-c" display="no" color="cyan">
         <name>.econst</name>
         <load_address>0x3f4eca</load_address>
         <run_address>0x3f4eca</run_address>
         <size>0x100</size>
         <contents>
            <object_component_ref idref="oc-133"/>
         </contents>
      </logical_group>
      <logical_group id="lg-d" display="no" color="cyan">
         <name>.switch</name>
         <run_address>0x0</run_address>
         <size>0x0</size>
         <contents>
         </contents>
      </logical_group>
      <logical_group id="lg-e" display="no" color="cyan">
         <name>IQmath</name>
         <run_address>0x0</run_address>
         <size>0x0</size>
         <contents>
         </contents>
      </logical_group>
      <logical_group id="lg-f" display="no" color="cyan">
         <name>IQmathTables</name>
         <run_address>0x0</run_address>
         <size>0x0</size>
         <contents>
         </contents>
      </logical_group>
      <logical_group id="lg-10" display="no" color="cyan">
         <name>FPUmathTables</name>
         <run_address>0x0</run_address>
         <size>0x0</size>
         <contents>
         </contents>
      </logical_group>
      <logical_group id="lg-11" display="no" color="cyan">
         <name>DMARAML5</name>
         <run_address>0x0</run_address>
         <size>0x0</size>
         <contents>
         </contents>
      </logical_group>
      <logical_group id="lg-12" display="no" color="cyan">
         <name>DMARAML6</name>
         <run_address>0x0</run_address>
         <size>0x0</size>
         <contents>
         </contents>
      </logical_group>
      <logical_group id="lg-13" display="no" color="cyan">
         <name>DMARAML7</name>
         <run_address>0x0</run_address>
         <size>0x0</size>
         <contents>
         </contents>
      </logical_group>
      <logical_group id="lg-14" display="no" color="cyan">
         <name>DMARAML8</name>
         <run_address>0x0</run_address>
         <size>0x0</size>
         <contents>
         </contents>
      </logical_group>
      <logical_group id="lg-15" display="no" color="cyan">
         <name>.reset</name>
         <load_address>0x3fffc0</load_address>
         <run_address>0x3fffc0</run_address>
         <size>0x2</size>
         <contents>
            <object_component_ref idref="oc-ef"/>
         </contents>
      </logical_group>
      <logical_group id="lg-16" display="no" color="cyan">
         <name>vectors</name>
         <run_address>0x3fffc2</run_address>
         <size>0x0</size>
         <contents>
         </contents>
      </logical_group>
      <logical_group id="lg-18" display="no" color="cyan">
         <name>PieVectTableFile</name>
         <run_address>0xd00</run_address>
         <size>0x100</size>
         <contents>
            <object_component_ref idref="oc-a6"/>
         </contents>
      </logical_group>
      <logical_group id="lg-1a" display="no" color="cyan">
         <name>EmuKeyVar</name>
         <run_address>0xd00</run_address>
         <size>0x1</size>
         <contents>
            <object_component_ref idref="oc-71"/>
         </contents>
      </logical_group>
      <logical_group id="lg-1b" display="no" color="cyan">
         <name>EmuBModeVar</name>
         <run_address>0xd01</run_address>
         <size>0x1</size>
         <contents>
            <object_component_ref idref="oc-72"/>
         </contents>
      </logical_group>
      <logical_group id="lg-1c" display="no" color="cyan">
         <name>FlashCallbackVar</name>
         <run_address>0xd02</run_address>
         <size>0x2</size>
         <contents>
            <object_component_ref idref="oc-73"/>
         </contents>
      </logical_group>
      <logical_group id="lg-1d" display="no" color="cyan">
         <name>FlashScalingVar</name>
         <run_address>0xd04</run_address>
         <size>0x2</size>
         <contents>
            <object_component_ref idref="oc-74"/>
         </contents>
      </logical_group>
      <logical_group id="lg-19" display="no" color="cyan">
         <name>GROUP_2</name>
         <run_address>0xd00</run_address>
         <size>0x6</size>
         <contents>
            <logical_group_ref idref="lg-1a"/>
            <logical_group_ref idref="lg-1b"/>
            <logical_group_ref idref="lg-1c"/>
            <logical_group_ref idref="lg-1d"/>
         </contents>
      </logical_group>
      <overlay id="lg-17" display="no" color="cyan">
         <name>UNION_1</name>
         <run_address>0xd00</run_address>
         <size>0x100</size>
         <contents>
            <logical_group_ref idref="lg-18"/>
            <logical_group_ref idref="lg-19"/>
         </contents>
      </overlay>
      <logical_group id="lg-1e" display="no" color="cyan">
         <name>DevEmuRegsFile</name>
         <run_address>0x880</run_address>
         <size>0x4</size>
         <contents>
            <object_component_ref idref="oc-76"/>
         </contents>
      </logical_group>
      <logical_group id="lg-1f" display="no" color="cyan">
         <name>SysPwrCtrlRegsFile</name>
         <run_address>0x985</run_address>
         <size>0x3</size>
         <contents>
            <object_component_ref idref="oc-75"/>
         </contents>
      </logical_group>
      <logical_group id="lg-20" display="no" color="cyan">
         <name>FlashRegsFile</name>
         <run_address>0xa80</run_address>
         <size>0x8</size>
         <contents>
            <object_component_ref idref="oc-77"/>
         </contents>
      </logical_group>
      <logical_group id="lg-21" display="no" color="cyan">
         <name>CsmRegsFile</name>
         <run_address>0xae0</run_address>
         <size>0x10</size>
         <contents>
            <object_component_ref idref="oc-81"/>
         </contents>
      </logical_group>
      <logical_group id="lg-22" display="no" color="cyan">
         <name>AdcResultFile</name>
         <run_address>0xb00</run_address>
         <size>0x10</size>
         <contents>
            <object_component_ref idref="oc-7e"/>
         </contents>
      </logical_group>
      <logical_group id="lg-23" display="no" color="cyan">
         <name>CpuTimer0RegsFile</name>
         <run_address>0xc00</run_address>
         <size>0x8</size>
         <contents>
            <object_component_ref idref="oc-78"/>
         </contents>
      </logical_group>
      <logical_group id="lg-24" display="no" color="cyan">
         <name>CpuTimer1RegsFile</name>
         <run_address>0xc08</run_address>
         <size>0x8</size>
         <contents>
            <object_component_ref idref="oc-7b"/>
         </contents>
      </logical_group>
      <logical_group id="lg-25" display="no" color="cyan">
         <name>CpuTimer2RegsFile</name>
         <run_address>0xc10</run_address>
         <size>0x8</size>
         <contents>
            <object_component_ref idref="oc-79"/>
         </contents>
      </logical_group>
      <logical_group id="lg-26" display="no" color="cyan">
         <name>PieCtrlRegsFile</name>
         <run_address>0xce0</run_address>
         <size>0x1a</size>
         <contents>
            <object_component_ref idref="oc-87"/>
         </contents>
      </logical_group>
      <logical_group id="lg-27" display="no" color="cyan">
         <name>Cla1RegsFile</name>
         <run_address>0x1400</run_address>
         <size>0x40</size>
         <contents>
            <object_component_ref idref="oc-9c"/>
         </contents>
      </logical_group>
      <logical_group id="lg-28" display="no" color="cyan">
         <name>DmaRegsFile</name>
         <run_address>0x1000</run_address>
         <size>0xe0</size>
         <contents>
            <object_component_ref idref="oc-a5"/>
         </contents>
      </logical_group>
      <logical_group id="lg-29" display="no" color="cyan">
         <name>ECanaRegsFile</name>
         <run_address>0x6000</run_address>
         <size>0x34</size>
         <contents>
            <object_component_ref idref="oc-96"/>
         </contents>
      </logical_group>
      <logical_group id="lg-2a" display="no" color="cyan">
         <name>ECanaLAMRegsFile</name>
         <run_address>0x6040</run_address>
         <size>0x40</size>
         <contents>
            <object_component_ref idref="oc-9a"/>
         </contents>
      </logical_group>
      <logical_group id="lg-2b" display="no" color="cyan">
         <name>ECanaMboxesFile</name>
         <run_address>0x6100</run_address>
         <size>0x100</size>
         <contents>
            <object_component_ref idref="oc-a7"/>
         </contents>
      </logical_group>
      <logical_group id="lg-2c" display="no" color="cyan">
         <name>ECanaMOTSRegsFile</name>
         <run_address>0x6080</run_address>
         <size>0x40</size>
         <contents>
            <object_component_ref idref="oc-9b"/>
         </contents>
      </logical_group>
      <logical_group id="lg-2d" display="no" color="cyan">
         <name>ECanaMOTORegsFile</name>
         <run_address>0x60c0</run_address>
         <size>0x40</size>
         <contents>
            <object_component_ref idref="oc-97"/>
         </contents>
      </logical_group>
      <logical_group id="lg-2e" display="no" color="cyan">
         <name>ECap1RegsFile</name>
         <run_address>0x6a00</run_address>
         <size>0x20</size>
         <contents>
            <object_component_ref idref="oc-8f"/>
         </contents>
      </logical_group>
      <logical_group id="lg-2f" display="no" color="cyan">
         <name>ECap2RegsFile</name>
         <run_address>0x6a20</run_address>
         <size>0x20</size>
         <contents>
            <object_component_ref idref="oc-8e"/>
         </contents>
      </logical_group>
      <logical_group id="lg-30" display="no" color="cyan">
         <name>ECap3RegsFile</name>
         <run_address>0x6a40</run_address>
         <size>0x20</size>
         <contents>
            <object_component_ref idref="oc-90"/>
         </contents>
      </logical_group>
      <logical_group id="lg-31" display="no" color="cyan">
         <name>EQep1RegsFile</name>
         <run_address>0x6b00</run_address>
         <size>0x22</size>
         <contents>
            <object_component_ref idref="oc-93"/>
         </contents>
      </logical_group>
      <logical_group id="lg-32" display="no" color="cyan">
         <name>EQep2RegsFile</name>
         <run_address>0x6b40</run_address>
         <size>0x22</size>
         <contents>
            <object_component_ref idref="oc-91"/>
         </contents>
      </logical_group>
      <logical_group id="lg-33" display="no" color="cyan">
         <name>GpioCtrlRegsFile</name>
         <run_address>0x6f80</run_address>
         <size>0x40</size>
         <contents>
            <object_component_ref idref="oc-9f"/>
         </contents>
      </logical_group>
      <logical_group id="lg-34" display="no" color="cyan">
         <name>GpioDataRegsFile</name>
         <run_address>0x6fc0</run_address>
         <size>0x20</size>
         <contents>
            <object_component_ref idref="oc-89"/>
         </contents>
      </logical_group>
      <logical_group id="lg-35" display="no" color="cyan">
         <name>GpioIntRegsFile</name>
         <run_address>0x6fe0</run_address>
         <size>0x20</size>
         <contents>
            <object_component_ref idref="oc-88"/>
         </contents>
      </logical_group>
      <logical_group id="lg-36" display="no" color="cyan">
         <name>HRCap1RegsFile</name>
         <run_address>0x6ac0</run_address>
         <size>0x20</size>
         <contents>
            <object_component_ref idref="oc-8c"/>
         </contents>
      </logical_group>
[...]
      <symbol id="sm-27d">
         <name>_PieVectTableInit</name>
         <value>0x3f4eca</value>
         <object_component_ref idref="oc-133"/>
      </symbol>
      <symbol id="sm-27e">
         <name>_InitPieVectTable</name>
         <value>0x3f4dfb</value>
         <object_component_ref idref="oc-130"/>
      </symbol>
      <symbol id="sm-297">
         <name>_InitPll</name>
         <value>0x3f482a</value>
         <object_component_ref idref="oc-128"/>
      </symbol>
      <symbol id="sm-298">
         <name>_IntOsc1Sel</name>
         <value>0x3f4934</value>
         <object_component_ref idref="oc-128"/>
      </symbol>
      <symbol id="sm-299">
         <name>_ExtOscSel</name>
         <value>0x3f4974</value>
         <object_component_ref idref="oc-128"/>
      </symbol>
      <symbol id="sm-29a">
         <name>_DisableDog</name>
         <value>0x3f4822</value>
         <object_component_ref idref="oc-128"/>
      </symbol>
      <symbol id="sm-29b">
         <name>_InitPeripheralClocks</name>
         <value>0x3f48ad</value>
         <object_component_ref idref="oc-128"/>
      </symbol>
      <symbol id="sm-29c">
         <name>_IntOsc2Sel</name>
         <value>0x3f4944</value>
         <object_component_ref idref="oc-128"/>
      </symbol>
      <symbol id="sm-29d">
         <name>_InitFlash</name>
         <value>0x809e</value>
         <object_component_ref idref="oc-129"/>
      </symbol>
      <symbol id="sm-29e">
         <name>_CsmUnlock</name>
         <value>0x3f4903</value>
         <object_component_ref idref="oc-128"/>
      </symbol>
      <symbol id="sm-29f">
         <name>_InitPll2</name>
         <value>0x3f487f</value>
         <object_component_ref idref="oc-128"/>
      </symbol>
      <symbol id="sm-2a0">
         <name>_ServiceDog</name>
         <value>0x3f4818</value>
         <object_component_ref idref="oc-128"/>
      </symbol>
      <symbol id="sm-2a1">
         <name>_XtalOscSel</name>
         <value>0x3f4958</value>
         <object_component_ref idref="oc-128"/>
      </symbol>
      <symbol id="sm-2a2">
         <name>_InitSysCtrl</name>
         <value>0x3f47fe</value>
         <object_component_ref idref="oc-128"/>
      </symbol>
      <symbol id="sm-2ae">
         <name>_DSP28x_usDelay</name>
         <value>0x80b9</value>
         <object_component_ref idref="oc-b9"/>
      </symbol>
      <symbol id="sm-2d5">
         <name>_main</name>
         <value>0x3f498a</value>
         <object_component_ref idref="oc-120"/>
      </symbol>
      <symbol id="sm-2d6">
         <name>_epwm7_isr</name>
         <value>0x8089</value>
         <object_component_ref idref="oc-c1"/>
      </symbol>
      <symbol id="sm-2d7">
         <name>_adc_isr</name>
         <value>0x8000</value>
         <object_component_ref idref="oc-c1"/>
      </symbol>
      <symbol id="sm-2d8">
         <name>_Ts</name>
         <value>0xa094</value>
         <object_component_ref idref="oc-c0"/>
      </symbol>
      <symbol id="sm-2d9">
         <name>_cpu_timer1_isr</name>
         <value>0x3f4bce</value>
         <object_component_ref idref="oc-c2"/>
      </symbol>
      <symbol id="sm-2da">
         <name>_cpu_timer0_isr</name>
         <value>0x3f4c33</value>
         <object_component_ref idref="oc-c2"/>
      </symbol>
      <symbol id="sm-2db">
         <name>_PFC_Vdc_ref_target</name>
         <value>0xa08a</value>
         <object_component_ref idref="oc-c0"/>
      </symbol>
      <symbol id="sm-2dc">
         <name>_est_k_flag</name>
         <value>0xa080</value>
         <object_component_ref idref="oc-c0"/>
      </symbol>
      <symbol id="sm-2dd">
         <name>_INV_Voltage_Range</name>
         <value>0xa081</value>
         <object_component_ref idref="oc-c0"/>
      </symbol>
      <symbol id="sm-2de">
         <name>_DCDC_Vout_ref_target</name>
         <value>0xa088</value>
         <object_component_ref idref="oc-c0"/>
      </symbol>
      <symbol id="sm-2df">
         <name>_Protection</name>
         <value>0x3f4a58</value>
         <object_component_ref idref="oc-120"/>
      </symbol>
      <symbol id="sm-2e0">
         <name>_Reference_Gen</name>
         <value>0x3f49c1</value>
         <object_component_ref idref="oc-120"/>
      </symbol>
      <symbol id="sm-2e1">
         <name>_DCDC_Vout_ref</name>
         <value>0xa086</value>
         <object_component_ref idref="oc-c0"/>
      </symbol>
      <symbol id="sm-2e2">
         <name>_k_est</name>
         <value>0xa08e</value>
         <object_component_ref idref="oc-c0"/>
      </symbol>
      <symbol id="sm-2e3">
         <name>_input_power_status</name>
         <value>0xa082</value>
         <object_component_ref idref="oc-c0"/>
      </symbol>
      <symbol id="sm-2e4">
         <name>_Vinv_equi_ref</name>
         <value>0xa084</value>
         <object_component_ref idref="oc-c0"/>
      </symbol>
      <symbol id="sm-2e5">
         <name>_est_k_cnt</name>
         <value>0xa083</value>
         <object_component_ref idref="oc-c0"/>
      </symbol>
      <symbol id="sm-2e6">
         <name>_Irec</name>
         <value>0xa08c</value>
         <object_component_ref idref="oc-c0"/>
      </symbol>
      <symbol id="sm-2e7">
         <name>_PMax</name>
         <value>0xa090</value>
         <object_component_ref idref="oc-c0"/>
      </symbol>
      <symbol id="sm-2e8">
         <name>_PFC_Vdc_ref</name>
         <value>0xa092</value>
         <object_component_ref idref="oc-c0"/>
      </symbol>
      <symbol id="sm-2f4">
         <name>_k_estimate</name>
         <value>0x3f4d3f</value>
         <object_component_ref idref="oc-11f"/>
      </symbol>
      <symbol id="sm-2f5">
         <name>_Vinv_ref</name>
         <value>0x3f4d69</value>
         <object_component_ref idref="oc-11f"/>
      </symbol>
      <symbol id="sm-302">
         <name>_Fan_PWM</name>
         <value>0x3f4d7f</value>
         <object_component_ref idref="oc-121"/>
      </symbol>
      <symbol id="sm-316">
         <name>_DCDC_Voltage_Control</name>
         <value>0x3f4aa6</value>
         <object_component_ref idref="oc-11e"/>
      </symbol>
      <symbol id="sm-317">
         <name>_DCDC_KpVdc</name>
         <value>0xa05c</value>
         <object_component_ref idref="oc-d3"/>
      </symbol>
      <symbol id="sm-318">
         <name>_DCDC_ADC_result</name>
         <value>0x3f4a59</value>
         <object_component_ref idref="oc-11e"/>
      </symbol>
      <symbol id="sm-319">
         <name>_DCDC_Pwm</name>
         <value>0xa046</value>
         <object_component_ref idref="oc-d3"/>
      </symbol>
      <symbol id="sm-31a">
         <name>_DCDC_Err_Vdc1</name>
         <value>0xa044</value>
         <object_component_ref idref="oc-d3"/>
      </symbol>
      <symbol id="sm-31b">
         <name>_DCDC_Iout_offset</name>
         <value>0xa060</value>
         <object_component_ref idref="oc-d3"/>
      </symbol>
      <symbol id="sm-31c">
         <name>_DCDC_Vin</name>
         <value>0xa050</value>
         <object_component_ref idref="oc-d3"/>
      </symbol>
      <symbol id="sm-31d">
         <name>_DCDC_KiVdc</name>
         <value>0xa04c</value>
         <object_component_ref idref="oc-d3"/>
      </symbol>
      <symbol id="sm-31e">
         <name>_DCDC_operation_flag</name>
         <value>0xa042</value>
         <object_component_ref idref="oc-d3"/>
      </symbol>
      <symbol id="sm-31f">
         <name>_DCDC_Iout_ADC</name>
         <value>0xa05a</value>
         <object_component_ref idref="oc-d3"/>
      </symbol>
      <symbol id="sm-320">
         <name>_DCDC_Iout</name>
         <value>0xa052</value>
         <object_component_ref idref="oc-d3"/>
      </symbol>
      <symbol id="sm-321">
         <name>_DCDC_Vout_offset</name>
         <value>0xa062</value>
         <object_component_ref idref="oc-d3"/>
      </symbol>
      <symbol id="sm-322">
         <name>_DCDC_Vout</name>
         <value>0xa04e</value>
         <object_component_ref idref="oc-d3"/>
      </symbol>
      <symbol id="sm-323">
         <name>_DCDC_Vout_ADC</name>
         <value>0xa054</value>
         <object_component_ref idref="oc-d3"/>
      </symbol>
      <symbol id="sm-324">
         <name>_DCDC_Ctrl_Limit</name>
         <value>0xa05e</value>
         <object_component_ref idref="oc-d3"/>
      </symbol>
      <symbol id="sm-325">
         <name>_DCDC_Vin_offset</name>
         <value>0xa056</value>
         <object_component_ref idref="oc-d3"/>
      </symbol>
      <symbol id="sm-326">
         <name>_DCDC_Init</name>
         <value>0x3f4a9f</value>
         <object_component_ref idref="oc-11e"/>
      </symbol>
      <symbol id="sm-327">
         <name>_DCDC_VloopCtr</name>
         <value>0xa04a</value>
         <object_component_ref idref="oc-d3"/>
      </symbol>
      <symbol id="sm-328">
         <name>_DCDC_Vin_ADC</name>
         <value>0xa058</value>
         <object_component_ref idref="oc-d3"/>
      </symbol>
      <symbol id="sm-329">
         <name>_DCDC_Err_Vdc</name>
         <value>0xa048</value>
         <object_component_ref idref="oc-d3"/>
      </symbol>
      <symbol id="sm-33f">
         <name>_Range_Selection</name>
         <value>0x3f4b62</value>
         <object_component_ref idref="oc-12b"/>
      </symbol>
      <symbol id="sm-340">
         <name>_INV_Init</name>
         <value>0x3f4b1c</value>
         <object_component_ref idref="oc-12b"/>
      </symbol>
      <symbol id="sm-341">
         <name>_INV_PWM_Set</name>
         <value>0x3f4b1d</value>
         <object_component_ref idref="oc-12b"/>
      </symbol>
      <symbol id="sm-34d">
         <name>_GPIO_init</name>
         <value>0x3f439b</value>
         <object_component_ref idref="oc-127"/>
      </symbol>
      <symbol id="sm-34e">
         <name>_Interrupt_Setting</name>
         <value>0x3f45f6</value>
         <object_component_ref idref="oc-127"/>
      </symbol>
      <symbol id="sm-34f">
         <name>_ADC_init</name>
         <value>0x3f442b</value>
         <object_component_ref idref="oc-127"/>
      </symbol>
      <symbol id="sm-350">
         <name>_EPWM_init</name>
         <value>0x3f44f5</value>
         <object_component_ref idref="oc-127"/>
      </symbol>
      <symbol id="sm-369">
         <name>_PFC_1st_start_up</name>
         <value>0xa003</value>
         <object_component_ref idref="oc-e4"/>
      </symbol>
      <symbol id="sm-36a">
         <name>_PFC_operation_flag</name>
         <value>0xa002</value>
         <object_component_ref idref="oc-e4"/>
      </symbol>
      <symbol id="sm-36b">
         <name>_Sum_Iac</name>
         <value>0xa012</value>
         <object_component_ref idref="oc-e4"/>
      </symbol>
      <symbol id="sm-36c">
         <name>_PFC_DC_Voltage_Control</name>
         <value>0x3f472f</value>
         <object_component_ref idref="oc-11d"/>
      </symbol>
      <symbol id="sm-36d">
         <name>_PFC_Vdc1</name>
         <value>0xa01c</value>
         <object_component_ref idref="oc-e4"/>
      </symbol>
      <symbol id="sm-36e">
         <name>_KiIac</name>
         <value>0xa040</value>
         <object_component_ref idref="oc-e4"/>
      </symbol>
      <symbol id="sm-36f">
         <name>_Pin_avg</name>
         <value>0xa01a</value>
         <object_component_ref idref="oc-e4"/>
      </symbol>
      <symbol id="sm-370">
         <name>_PFC_Vac</name>
         <value>0xa004</value>
         <object_component_ref idref="oc-e4"/>
      </symbol>
      <symbol id="sm-371">
         <name>_Vac_offset</name>
         <value>0xa022</value>
         <object_component_ref idref="oc-e4"/>
      </symbol>
      <symbol id="sm-372">
         <name>_PFC_KpVdc</name>
         <value>0xa038</value>
         <object_component_ref idref="oc-e4"/>
      </symbol>
      <symbol id="sm-373">
         <name>_PFC_Pwm</name>
         <value>0xa00c</value>
         <object_component_ref idref="oc-e4"/>
      </symbol>
      <symbol id="sm-374">
         <name>_PFC_VloopCtr</name>
         <value>0xa00a</value>
         <object_component_ref idref="oc-e4"/>
      </symbol>
      <symbol id="sm-375">
         <name>_PFC_Vdc</name>
         <value>0xa01e</value>
         <object_component_ref idref="oc-e4"/>
      </symbol>
      <symbol id="sm-376">
         <name>_Err_Vdc1</name>
         <value>0xa02e</value>
         <object_component_ref idref="oc-e4"/>
      </symbol>
      <symbol id="sm-377">
         <name>_Is_ref</name>
         <value>0xa020</value>
         <object_component_ref idref="oc-e4"/>
      </symbol>
      <symbol id="sm-378">
         <name>_Vdc_offset</name>
         <value>0xa026</value>
         <object_component_ref idref="oc-e4"/>
      </symbol>
      <symbol id="sm-379">
         <name>_PFC_Vac_ADC</name>
         <value>0xa02c</value>
         <object_component_ref idref="oc-e4"/>
      </symbol>
      <symbol id="sm-37a">
         <name>_PFC_Vdc_ADC</name>
         <value>0xa024</value>
         <object_component_ref idref="oc-e4"/>
      </symbol>
      <symbol id="sm-37b">
         <name>_Vac_peak</name>
         <value>0xa02a</value>
         <object_component_ref idref="oc-e4"/>
      </symbol>
      <symbol id="sm-37c">
         <name>_PFC_ADC_result</name>
         <value>0x3f4628</value>
         <object_component_ref idref="oc-11d"/>
      </symbol>
      <symbol id="sm-37d">
         <name>_RMS_Cnt</name>
         <value>0xa001</value>
         <object_component_ref idref="oc-e4"/>
      </symbol>
      <symbol id="sm-37e">
         <name>_PFC_KiVdc</name>
         <value>0xa03e</value>
         <object_component_ref idref="oc-e4"/>
      </symbol>
      <symbol id="sm-37f">
         <name>_RMS_Calculation</name>
         <value>0x3f468e</value>
         <object_component_ref idref="oc-11d"/>
      </symbol>
      <symbol id="sm-380">
         <name>_Vdc_LPF</name>
         <value>0xa018</value>
         <object_component_ref idref="oc-e4"/>
      </symbol>
      <symbol id="sm-381">
         <name>_Vac_RMS</name>
         <value>0xa016</value>
         <object_component_ref idref="oc-e4"/>
      </symbol>
      <symbol id="sm-382">
         <name>_Err_Isa</name>
         <value>0xa034</value>
         <object_component_ref idref="oc-e4"/>
      </symbol>
      <symbol id="sm-383">
         <name>_Sum_Vac</name>
         <value>0xa00e</value>
         <object_component_ref idref="oc-e4"/>
      </symbol>
      <symbol id="sm-384">
         <name>_PFC_Init</name>
         <value>0x3f46cf</value>
         <object_component_ref idref="oc-11d"/>
      </symbol>
      <symbol id="sm-385">
         <name>_Votage_Ramp</name>
         <value>0x3f46fd</value>
         <object_component_ref idref="oc-11d"/>
      </symbol>
      <symbol id="sm-386">
         <name>_Err_Isa1</name>
         <value>0xa032</value>
         <object_component_ref idref="oc-e4"/>
      </symbol>
      <symbol id="sm-387">
         <name>_Iac_ref</name>
         <value>0xa036</value>
         <object_component_ref idref="oc-e4"/>
      </symbol>
      <symbol id="sm-388">
         <name>_RMS_Cnt_Max_Invserve</name>
         <value>0xa006</value>
         <object_component_ref idref="oc-e4"/>
      </symbol>
      <symbol id="sm-389">
         <name>_RMS_Cnt_Max</name>
         <value>0xa000</value>
         <object_component_ref idref="oc-e4"/>
      </symbol>
      <symbol id="sm-38a">
         <name>_PFC_Iac</name>
         <value>0xa008</value>
         <object_component_ref idref="oc-e4"/>
      </symbol>
      <symbol id="sm-38b">
         <name>_Turn_off_PFC</name>
         <value>0x3f46e6</value>
         <object_component_ref idref="oc-11d"/>
      </symbol>
      <symbol id="sm-38c">
         <name>_PFC_Ctrl_Limit</name>
         <value>0xa010</value>
         <object_component_ref idref="oc-e4"/>
      </symbol>
      <symbol id="sm-38d">
         <name>_PFC_Current_Control</name>
         <value>0x3f4776</value>
         <object_component_ref idref="oc-11d"/>
      </symbol>
      <symbol id="sm-38e">
         <name>_PFC_Iac_ADC</name>
         <value>0xa03a</value>
         <object_component_ref idref="oc-e4"/>
      </symbol>
      <symbol id="sm-38f">
         <name>_KpIac</name>
         <value>0xa03c</value>
         <object_component_ref idref="oc-e4"/>
      </symbol>
      <symbol id="sm-390">
         <name>_Iac_RMS</name>
         <value>0xa014</value>
         <object_component_ref idref="oc-e4"/>
      </symbol>
      <symbol id="sm-391">
         <name>_Err_Vdc</name>
         <value>0xa030</value>
         <object_component_ref idref="oc-e4"/>
      </symbol>
      <symbol id="sm-392">
         <name>_Iac_offset</name>
         <value>0xa028</value>
         <object_component_ref idref="oc-e4"/>
      </symbol>
      <symbol id="sm-39a">
         <name>FS$$DIV</name>
         <value>0x3f4e9d</value>
         <object_component_ref idref="oc-e9"/>
      </symbol>
      <symbol id="sm-3b5">
         <name>_c_int00</name>
         <value>0x3f4ce9</value>
         <object_component_ref idref="oc-ed"/>
      </symbol>
      <symbol id="sm-3b6">
         <name>__stack</name>
         <value>0x50</value>
         <object_component_ref idref="oc-ee"/>
      </symbol>
      <symbol id="sm-3c5">
         <name>__args_main</name>
         <value>0x3f4e84</value>
         <object_component_ref idref="oc-125"/>
      </symbol>
      <symbol id="sm-3d1">
         <name>__system_post_cinit</name>
         <value>0x3f4ec9</value>
         <object_component_ref idref="oc-124"/>
      </symbol>
      <symbol id="sm-3dd">
         <name>__system_pre_init</name>
         <value>0x3f4ec7</value>
         <object_component_ref idref="oc-122"/>
      </symbol>
      <symbol id="sm-3ec">
         <name>_copy_in</name>
         <value>0x3f4e21</value>
         <object_component_ref idref="oc-123"/>
      </symbol>
      <symbol id="sm-400">
         <name>C$$EXIT</name>
         <value>0x3f4daa</value>
         <object_component_ref idref="oc-126"/>
      </symbol>
      <symbol id="sm-401">
         <name>_exit</name>
         <value>0x3f4dac</value>
         <object_component_ref idref="oc-126"/>
      </symbol>
      <symbol id="sm-402">
         <name>___TI_cleanup_ptr</name>
         <value>0xa098</value>
         <object_component_ref idref="oc-10a"/>
      </symbol>
      <symbol id="sm-403">
         <name>___TI_enable_exit_profile_output</name>
         <value>0xa096</value>
         <object_component_ref idref="oc-10a"/>
      </symbol>
      <symbol id="sm-404">
         <name>_abort</name>
         <value>0x3f4daa</value>
         <object_component_ref idref="oc-126"/>
      </symbol>
      <symbol id="sm-405">
         <name>___TI_dtors_ptr</name>
         <value>0xa09a</value>
         <object_component_ref idref="oc-10a"/>
      </symbol>
      <symbol id="sm-419">
         <name>__unlock</name>
         <value>0xa07e</value>
         <object_component_ref idref="oc-134"/>
      </symbol>
      <symbol id="sm-41a">
         <name>__lock</name>
         <value>0xa07c</value>
         <object_component_ref idref="oc-12d"/>
      </symbol>
      <symbol id="sm-41b">
         <name>__register_lock</name>
         <value>0x3f4eba</value>
         <object_component_ref idref="oc-131"/>
      </symbol>
      <symbol id="sm-41c">
         <name>__nop</name>
         <value>0x3f4ebe</value>
         <object_component_ref idref="oc-131"/>
      </symbol>
      <symbol id="sm-41d">
         <name>__register_unlock</name>
         <value>0x3f4eb6</value>
         <object_component_ref idref="oc-131"/>
      </symbol>
      <symbol id="sm-42e">
         <name>_memcpy</name>
         <value>0x3f4e66</value>
         <object_component_ref idref="oc-12c"/>
      </symbol>
      <symbol id="sm-436">
         <name>_sqrt</name>
         <value>0x3f4e45</value>
         <object_component_ref idref="oc-119"/>
      </symbol>
   </symbol_table>
   <title>Link successful</title>
</link_info>
