******************************************************************************
             TMS320C2000 Linker PC v16.9.1                     
******************************************************************************
>> Linked Wed May 24 13:42:45 2017

OUTPUT FILE NAME:   <Wireless_System_Control.out>
ENTRY POINT SYMBOL: "code_start"  address: 003f7ff6


MEMORY CONFIGURATION

         name            origin    length      used     unused   attr    fill
----------------------  --------  ---------  --------  --------  ----  --------
PAGE 0:
  RAML0                 00008000   00000800  00000071  0000078f  RWIX
  RAML1                 00008800   00000400  00000000  00000400  RWIX
  OTP                   003d7800   00000400  00000000  00000400  RWIX
  FLASHH                003d8000   00004000  00000000  00004000  RWIX
  FLASHG                003dc000   00004000  00000000  00004000  RWIX
  FLASHF                003e0000   00004000  00000000  00004000  RWIX
  FLASHE                003e4000   00004000  00000000  00004000  RWIX
  FLASHD                003e8000   00004000  00000004  00003ffc  RWIX
  FLASHC                003ec000   00004000  00000000  00004000  RWIX
  FLASHA                003f4000   00003f80  00000cdc  000032a4  RWIX
  CSM_RSVD              003f7f80   00000076  00000000  00000076  RWIX
  BEGIN                 003f7ff6   00000002  00000002  00000000  RWIX
  CSM_PWL_P0            003f7ff8   00000008  00000000  00000008  RWIX
  FPUTABLES             003fd860   000006a0  00000000  000006a0  RWIX
  IQTABLES              003fdf00   00000b50  00000000  00000b50  RWIX
  IQTABLES2             003fea50   0000008c  00000000  0000008c  RWIX
  IQTABLES3             003feadc   000000aa  00000000  000000aa  RWIX
  ROM                   003ff3b0   00000c10  00000000  00000c10  RWIX
  RESET                 003fffc0   00000002  00000000  00000002  RWIX
  VECTORS               003fffc2   0000003e  00000000  0000003e  RWIX

PAGE 1:
  BOOT_RSVD             00000000   00000050  00000000  00000050  RWIX
  RAMM0                 00000050   000003b0  00000200  000001b0  RWIX
  RAMM1                 00000400   00000400  00000000  00000400  RWIX
  DEV_EMU               00000880   00000105  00000004  00000101  RWIX
  SYS_PWR_CTL           00000985   00000003  00000003  00000000  RWIX
  FLASH_REGS            00000a80   00000060  00000008  00000058  RWIX
  CSM                   00000ae0   00000020  00000010  00000010  RWIX
  ADC_RESULT            00000b00   00000020  00000010  00000010  RWIX
  CPU_TIMER0            00000c00   00000008  00000008  00000000  RWIX
  CPU_TIMER1            00000c08   00000008  00000008  00000000  RWIX
  CPU_TIMER2            00000c10   00000008  00000008  00000000  RWIX
  PIE_CTRL              00000ce0   00000020  0000001a  00000006  RWIX
  PIE_VECT              00000d00   00000100  00000100  00000000  RWIX
  DMA                   00001000   00000200  000000e0  00000120  RWIX
  CLA1                  00001400   00000080  00000040  00000040  RWIX
  USB0                  00004000   00001000  00000454  00000bac  RWIX
  McBSPA                00005000   00000040  00000024  0000001c  RWIX
  ECANA                 00006000   00000040  00000034  0000000c  RWIX
  ECANA_LAM             00006040   00000040  00000040  00000000  RWIX
  ECANA_MOTS            00006080   00000040  00000040  00000000  RWIX
  ECANA_MOTO            000060c0   00000040  00000040  00000000  RWIX
  ECANA_MBOX            00006100   00000100  00000100  00000000  RWIX
  COMP1                 00006400   00000020  00000014  0000000c  RWIX
  COMP2                 00006420   00000020  00000014  0000000c  RWIX
  COMP3                 00006440   00000020  00000014  0000000c  RWIX
  EPWM1                 00006800   00000040  00000040  00000000  RWIX
  EPWM2                 00006840   00000040  00000040  00000000  RWIX
  EPWM3                 00006880   00000040  00000040  00000000  RWIX
  EPWM4                 000068c0   00000040  00000040  00000000  RWIX
  EPWM5                 00006900   00000040  00000040  00000000  RWIX
  EPWM6                 00006940   00000040  00000040  00000000  RWIX
  EPWM7                 00006980   00000040  00000040  00000000  RWIX
  EPWM8                 000069c0   00000040  00000040  00000000  RWIX
  ECAP1                 00006a00   00000020  00000020  00000000  RWIX
  ECAP2                 00006a20   00000020  00000020  00000000  RWIX
  ECAP3                 00006a40   00000020  00000020  00000000  RWIX
  HRCAP1                00006ac0   00000020  00000020  00000000  RWIX
  HRCAP2                00006ae0   00000020  00000020  00000000  RWIX
  EQEP1                 00006b00   00000040  00000022  0000001e  RWIX
  EQEP2                 00006b40   00000040  00000022  0000001e  RWIX
  HRCAP3                00006c80   00000020  00000020  00000000  RWIX
  HRCAP4                00006ca0   00000020  00000020  00000000  RWIX
  GPIOCTRL              00006f80   00000040  00000040  00000000  RWIX
  GPIODAT               00006fc0   00000020  00000020  00000000  RWIX
  GPIOINT               00006fe0   00000020  00000020  00000000  RWIX
  SYSTEM                00007010   00000030  00000030  00000000  RWIX
  SPIA                  00007040   00000010  00000010  00000000  RWIX
  SCIA                  00007050   00000010  00000010  00000000  RWIX
  NMIINTRUPT            00007060   00000010  00000010  00000000  RWIX
  XINTRUPT              00007070   00000010  00000010  00000000  RWIX
  ADC                   00007100   00000080  00000050  00000030  RWIX
  SPIB                  00007740   00000010  00000010  00000000  RWIX
  SCIB                  00007750   00000010  00000010  00000000  RWIX
  I2CA                  00007900   00000040  00000022  0000001e  RWIX
  RAML2                 00008c00   00000400  00000000  00000400  RWIX
  RAML3                 00009000   00001000  00000000  00001000  RWIX
  RAML4                 0000a000   00002000  000000d2  00001f2e  RWIX
  RAML5                 0000c000   00002000  00000000  00002000  RWIX
  RAML6                 0000e000   00002000  00000000  00002000  RWIX
  RAML7                 00010000   00002000  00000000  00002000  RWIX
  RAML8                 00012000   00002000  00000000  00002000  RWIX
  USB_RAM               00040000   00000800  00000000  00000800  RWIX
  PARTID                003d7e80   00000001  00000001  00000000  RWIX
  FLASHB                003f0000   00004000  00000000  00004000  RWIX
  CSM_PWL               003f7ff8   00000008  00000008  00000000  RWIX


SECTION ALLOCATION MAP

 output                                  attributes/
section   page    origin      length       input sections
--------  ----  ----------  ----------   ----------------
ramfuncs   0    00008004    0000006d     
                  00008004    0000004e     Main.obj (ramfuncs:retain)
                  00008052    0000001b     F2806x_SysCtrl.obj (ramfuncs)
                  0000806d    00000004     F2806x_usDelay.obj (ramfuncs)

.TI.ramfunc 
*          0    003e8000    00000004     RUN ADDR = 00008000
                  003e8000    00000004     sysctl.obj (.TI.ramfunc)

.text      0    003f4000    00000b58     
                  003f4000    0000039b     F2806x_DefaultIsr.obj (.text:retain)
                  003f439b    00000284     IO_Setting.obj (.text)
                  003f461f    0000018f     PFC_Control1.obj (.text)
                  003f47ae    0000018c     F2806x_SysCtrl.obj (.text)
                  003f493a    00000076     F2806x_CpuTimers.obj (.text)
                  003f49b0    00000056     rts2800_fpu32.lib : boot28.obj (.text)
                  003f4a06    00000034     Main.obj (.text:retain)
                  003f4a3a    00000029     rts2800_fpu32.lib : exit.obj (.text)
                  003f4a63    00000028     F2806x_PieCtrl.obj (.text)
                  003f4a8b    00000026     F2806x_PieVect.obj (.text)
                  003f4ab1    00000024     rts2800_fpu32.lib : cpy_tbl.obj (.text)
                  003f4ad5    0000001f     Main.obj (.text)
                  003f4af4    0000001e     rts2800_fpu32.lib : memcpy.obj (.text)
                  003f4b12    00000019                       : args_main.obj (.text)
                  003f4b2b    00000019     rts2800_fpu32_fast_supplement.lib : div_f32.obj (.text)
                  003f4b44    00000009     rts2800_fpu32.lib : _lock.obj (.text)
                  003f4b4d    00000008     F2806x_CodeStartBranch.obj (.text)
                  003f4b55    00000002     rts2800_fpu32.lib : pre_init.obj (.text)
                  003f4b57    00000001                       : startup.obj (.text)

.econst    0    003f4b58    00000100     
                  003f4b58    00000100     F2806x_PieVect.obj (.econst:_PieVectTableInit)

.cinit     0    003f4c58    00000084     
                  003f4c58    00000066     PFC_Control1.obj (.cinit)
                  003f4cbe    0000000e     rts2800_fpu32.lib : exit.obj (.cinit)
                  003f4ccc    00000005                       : _lock.obj (.cinit:__lock)
                  003f4cd1    00000005                       : _lock.obj (.cinit:__unlock)
                  003f4cd6    00000004     Main.obj (.cinit)
                  003f4cda    00000002     --HOLE-- [fill = 0]

.pinit     0    003f4000    00000000     UNINITIALIZED

codestart 
*          0    003f7ff6    00000002     
                  003f7ff6    00000002     F2806x_CodeStartBranch.obj (codestart)

.stack     1    00000050    00000200     UNINITIALIZED
                  00000050    00000200     --HOLE--

DevEmuRegsFile 
*          1    00000880    00000004     UNINITIALIZED
                  00000880    00000004     F2806x_GlobalVariableDefs.obj (DevEmuRegsFile)

SysPwrCtrlRegsFile 
*          1    00000985    00000003     UNINITIALIZED
                  00000985    00000003     F2806x_GlobalVariableDefs.obj (SysPwrCtrlRegsFile)

FlashRegsFile 
*          1    00000a80    00000008     UNINITIALIZED
                  00000a80    00000008     F2806x_GlobalVariableDefs.obj (FlashRegsFile)

CsmRegsFile 
*          1    00000ae0    00000010     UNINITIALIZED
                  00000ae0    00000010     F2806x_GlobalVariableDefs.obj (CsmRegsFile)

AdcResultFile 
*          1    00000b00    00000010     UNINITIALIZED
                  00000b00    00000010     F2806x_GlobalVariableDefs.obj (AdcResultFile)

CpuTimer0RegsFile 
*          1    00000c00    00000008     UNINITIALIZED
                  00000c00    00000008     F2806x_GlobalVariableDefs.obj (CpuTimer0RegsFile)

CpuTimer1RegsFile 
*          1    00000c08    00000008     UNINITIALIZED
                  00000c08    00000008     F2806x_GlobalVariableDefs.obj (CpuTimer1RegsFile)

CpuTimer2RegsFile 
*          1    00000c10    00000008     UNINITIALIZED
                  00000c10    00000008     F2806x_GlobalVariableDefs.obj (CpuTimer2RegsFile)

PieCtrlRegsFile 
*          1    00000ce0    0000001a     UNINITIALIZED
                  00000ce0    0000001a     F2806x_GlobalVariableDefs.obj (PieCtrlRegsFile)

PieVectTableFile 
*          1    00000d00    00000100     UNINITIALIZED
                  00000d00    00000100     F2806x_GlobalVariableDefs.obj (PieVectTableFile)

EmuKeyVar 
*          1    00000d00    00000001     UNINITIALIZED
                  00000d00    00000001     F2806x_GlobalVariableDefs.obj (EmuKeyVar)

EmuBModeVar 
*          1    00000d01    00000001     UNINITIALIZED
                  00000d01    00000001     F2806x_GlobalVariableDefs.obj (EmuBModeVar)

FlashCallbackVar 
*          1    00000d02    00000002     UNINITIALIZED
                  00000d02    00000002     F2806x_GlobalVariableDefs.obj (FlashCallbackVar)

FlashScalingVar 
*          1    00000d04    00000002     UNINITIALIZED
                  00000d04    00000002     F2806x_GlobalVariableDefs.obj (FlashScalingVar)

DmaRegsFile 
*          1    00001000    000000e0     UNINITIALIZED
                  00001000    000000e0     F2806x_GlobalVariableDefs.obj (DmaRegsFile)

Cla1RegsFile 
*          1    00001400    00000040     UNINITIALIZED
                  00001400    00000040     F2806x_GlobalVariableDefs.obj (Cla1RegsFile)

Usb0RegsFile 
*          1    00004000    00000454     UNINITIALIZED
                  00004000    00000454     F2806x_GlobalVariableDefs.obj (Usb0RegsFile)

McbspaRegsFile 
*          1    00005000    00000024     UNINITIALIZED
                  00005000    00000024     F2806x_GlobalVariableDefs.obj (McbspaRegsFile)

ECanaRegsFile 
*          1    00006000    00000034     UNINITIALIZED
                  00006000    00000034     F2806x_GlobalVariableDefs.obj (ECanaRegsFile)

ECanaLAMRegsFile 
*          1    00006040    00000040     UNINITIALIZED
                  00006040    00000040     F2806x_GlobalVariableDefs.obj (ECanaLAMRegsFile)

ECanaMOTSRegsFile 
*          1    00006080    00000040     UNINITIALIZED
                  00006080    00000040     F2806x_GlobalVariableDefs.obj (ECanaMOTSRegsFile)

ECanaMOTORegsFile 
*          1    000060c0    00000040     UNINITIALIZED
                  000060c0    00000040     F2806x_GlobalVariableDefs.obj (ECanaMOTORegsFile)

ECanaMboxesFile 
*          1    00006100    00000100     UNINITIALIZED
                  00006100    00000100     F2806x_GlobalVariableDefs.obj (ECanaMboxesFile)

Comp1RegsFile 
*          1    00006400    00000014     UNINITIALIZED
                  00006400    00000014     F2806x_GlobalVariableDefs.obj (Comp1RegsFile)

Comp2RegsFile 
*          1    00006420    00000014     UNINITIALIZED
                  00006420    00000014     F2806x_GlobalVariableDefs.obj (Comp2RegsFile)

Comp3RegsFile 
*          1    00006440    00000014     UNINITIALIZED
                  00006440    00000014     F2806x_GlobalVariableDefs.obj (Comp3RegsFile)

EPwm1RegsFile 
*          1    00006800    00000040     UNINITIALIZED
                  00006800    00000040     F2806x_GlobalVariableDefs.obj (EPwm1RegsFile)

EPwm2RegsFile 
*          1    00006840    00000040     UNINITIALIZED
                  00006840    00000040     F2806x_GlobalVariableDefs.obj (EPwm2RegsFile)

EPwm3RegsFile 
*          1    00006880    00000040     UNINITIALIZED
                  00006880    00000040     F2806x_GlobalVariableDefs.obj (EPwm3RegsFile)

EPwm4RegsFile 
*          1    000068c0    00000040     UNINITIALIZED
                  000068c0    00000040     F2806x_GlobalVariableDefs.obj (EPwm4RegsFile)

EPwm5RegsFile 
*          1    00006900    00000040     UNINITIALIZED
                  00006900    00000040     F2806x_GlobalVariableDefs.obj (EPwm5RegsFile)

EPwm6RegsFile 
*          1    00006940    00000040     UNINITIALIZED
                  00006940    00000040     F2806x_GlobalVariableDefs.obj (EPwm6RegsFile)

EPwm7RegsFile 
*          1    00006980    00000040     UNINITIALIZED
                  00006980    00000040     F2806x_GlobalVariableDefs.obj (EPwm7RegsFile)

EPwm8RegsFile 
*          1    000069c0    00000040     UNINITIALIZED
                  000069c0    00000040     F2806x_GlobalVariableDefs.obj (EPwm8RegsFile)

ECap1RegsFile 
*          1    00006a00    00000020     UNINITIALIZED
                  00006a00    00000020     F2806x_GlobalVariableDefs.obj (ECap1RegsFile)

ECap2RegsFile 
*          1    00006a20    00000020     UNINITIALIZED
                  00006a20    00000020     F2806x_GlobalVariableDefs.obj (ECap2RegsFile)

ECap3RegsFile 
*          1    00006a40    00000020     UNINITIALIZED
                  00006a40    00000020     F2806x_GlobalVariableDefs.obj (ECap3RegsFile)

HRCap1RegsFile 
*          1    00006ac0    00000020     UNINITIALIZED
                  00006ac0    00000020     F2806x_GlobalVariableDefs.obj (HRCap1RegsFile)

HRCap2RegsFile 
*          1    00006ae0    00000020     UNINITIALIZED
                  00006ae0    00000020     F2806x_GlobalVariableDefs.obj (HRCap2RegsFile)

EQep1RegsFile 
*          1    00006b00    00000022     UNINITIALIZED
                  00006b00    00000022     F2806x_GlobalVariableDefs.obj (EQep1RegsFile)

EQep2RegsFile 
*          1    00006b40    00000022     UNINITIALIZED
                  00006b40    00000022     F2806x_GlobalVariableDefs.obj (EQep2RegsFile)

HRCap3RegsFile 
*          1    00006c80    00000020     UNINITIALIZED
                  00006c80    00000020     F2806x_GlobalVariableDefs.obj (HRCap3RegsFile)

HRCap4RegsFile 
*          1    00006ca0    00000020     UNINITIALIZED
                  00006ca0    00000020     F2806x_GlobalVariableDefs.obj (HRCap4RegsFile)

GpioCtrlRegsFile 
*          1    00006f80    00000040     UNINITIALIZED
                  00006f80    00000040     F2806x_GlobalVariableDefs.obj (GpioCtrlRegsFile)

GpioDataRegsFile 
*          1    00006fc0    00000020     UNINITIALIZED
                  00006fc0    00000020     F2806x_GlobalVariableDefs.obj (GpioDataRegsFile)

GpioIntRegsFile 
*          1    00006fe0    00000020     UNINITIALIZED
                  00006fe0    00000020     F2806x_GlobalVariableDefs.obj (GpioIntRegsFile)

SysCtrlRegsFile 
*          1    00007010    00000030     UNINITIALIZED
                  00007010    00000030     F2806x_GlobalVariableDefs.obj (SysCtrlRegsFile)

SpiaRegsFile 
*          1    00007040    00000010     UNINITIALIZED
                  00007040    00000010     F2806x_GlobalVariableDefs.obj (SpiaRegsFile)

SciaRegsFile 
*          1    00007050    00000010     UNINITIALIZED
                  00007050    00000010     F2806x_GlobalVariableDefs.obj (SciaRegsFile)

NmiIntruptRegsFile 
*          1    00007060    00000010     UNINITIALIZED
                  00007060    00000010     F2806x_GlobalVariableDefs.obj (NmiIntruptRegsFile)

XIntruptRegsFile 
*          1    00007070    00000010     UNINITIALIZED
                  00007070    00000010     F2806x_GlobalVariableDefs.obj (XIntruptRegsFile)

AdcRegsFile 
*          1    00007100    00000050     UNINITIALIZED
                  00007100    00000050     F2806x_GlobalVariableDefs.obj (AdcRegsFile)

SpibRegsFile 
*          1    00007740    00000010     UNINITIALIZED
                  00007740    00000010     F2806x_GlobalVariableDefs.obj (SpibRegsFile)

ScibRegsFile 
*          1    00007750    00000010     UNINITIALIZED
                  00007750    00000010     F2806x_GlobalVariableDefs.obj (ScibRegsFile)

I2caRegsFile 
*          1    00007900    00000022     UNINITIALIZED
                  00007900    00000022     F2806x_GlobalVariableDefs.obj (I2caRegsFile)

.ebss      1    0000a000    000000d2     UNINITIALIZED
                  0000a000    00000068     Main.obj (.ebss)
                  0000a068    00000018     F2806x_CpuTimers.obj (.ebss)
                  0000a080    00000048     PFC_Control1.obj (.ebss)
                  0000a0c8    00000006     rts2800_fpu32.lib : exit.obj (.ebss)
                  0000a0ce    00000002                       : _lock.obj (.ebss:__lock)
                  0000a0d0    00000002                       : _lock.obj (.ebss:__unlock)

.reset     0    003fffc0    00000002     DSECT
                  003fffc0    00000002     rts2800_fpu32.lib : boot28.obj (.reset)

vectors    0    003fffc2    00000000     DSECT

PartIdRegsFile 
*          1    003d7e80    00000001     UNINITIALIZED
                  003d7e80    00000001     F2806x_GlobalVariableDefs.obj (PartIdRegsFile)

CsmPwlFile 
*          1    003f7ff8    00000008     UNINITIALIZED
                  003f7ff8    00000008     F2806x_GlobalVariableDefs.obj (CsmPwlFile)

MODULE SUMMARY

       Module                          code   initialized data   uninitialized data
       ------                          ----   ----------------   ------------------
    .\
       F2806x_GlobalVariableDefs.obj   0      0                  3550              
       F2806x_DefaultIsr.obj           923    0                  0                 
       F2806x_SysCtrl.obj              423    0                  0                 
       F2806x_PieVect.obj              38     256                0                 
       Main.obj                        161    4                  104               
       F2806x_CpuTimers.obj            118    0                  24                
       F2806x_PieCtrl.obj              40     0                  0                 
       F2806x_CodeStartBranch.obj      10     0                  0                 
       F2806x_usDelay.obj              4      0                  0                 
    +--+-------------------------------+------+------------------+--------------------+
       Total:                          1717   260                3678              
                                                                                   
    .\app\PFC_Control\
       IO_Setting.obj                  644    0                  0                 
       PFC_Control1.obj                399    102                72                
    +--+-------------------------------+------+------------------+--------------------+
       Total:                          1043   102                72                
                                                                                   
    .\driverlib\inc\
       sysctl.obj                      8      0                  0                 
    +--+-------------------------------+------+------------------+--------------------+
       Total:                          8      0                  0                 
                                                                                   
    C:/ti/c2000/C2000Ware_1_00_00_00/libraries/math/FPUfastRTS/c28/lib/rts2800_fpu32_fast_supplement.lib
       div_f32.obj                     25     0                  0                 
    +--+-------------------------------+------+------------------+--------------------+
       Total:                          25     0                  0                 
                                                                                   
    C:/ti/ccs710/ccsv7/tools/compiler/ti-cgt-c2000_16.9.1.LTS/lib/rts2800_fpu32.lib
       boot28.obj                      86     0                  0                 
       exit.obj                        41     14                 6                 
       cpy_tbl.obj                     36     0                  0                 
       memcpy.obj                      30     0                  0                 
       args_main.obj                   25     0                  0                 
       _lock.obj                       9      10                 4                 
       pre_init.obj                    2      0                  0                 
       startup.obj                     1      0                  0                 
    +--+-------------------------------+------+------------------+--------------------+
       Total:                          230    24                 10                
                                                                                   
       Stack:                          0      0                  512               
    +--+-------------------------------+------+------------------+--------------------+
       Grand Total:                    3023   386                4272              


GLOBAL DATA SYMBOLS: SORTED BY DATA PAGE

address     data page           name
--------    ----------------    ----
00000050       1 (00000040)     __stack

00000880      22 (00000880)     _DevEmuRegs

00000985      26 (00000980)     _SysPwrCtrlRegs

00000a80      2a (00000a80)     _FlashRegs

00000ae0      2b (00000ac0)     _CsmRegs

00000b00      2c (00000b00)     _AdcResult

00000c00      30 (00000c00)     _CpuTimer0Regs
00000c08      30 (00000c00)     _CpuTimer1Regs
00000c10      30 (00000c00)     _CpuTimer2Regs

00000ce0      33 (00000cc0)     _PieCtrlRegs

00000d00      34 (00000d00)     _EmuKey
00000d00      34 (00000d00)     _PieVectTable
00000d01      34 (00000d00)     _EmuBMode
00000d02      34 (00000d00)     _Flash_CallbackPtr
00000d04      34 (00000d00)     _Flash_CPUScaleFactor

00001000      40 (00001000)     _DmaRegs

00001400      50 (00001400)     _Cla1Regs

00004000     100 (00004000)     _Usb0Regs

00005000     140 (00005000)     _McbspaRegs

00006000     180 (00006000)     _ECanaRegs

00006040     181 (00006040)     _ECanaLAMRegs

00006080     182 (00006080)     _ECanaMOTSRegs

000060c0     183 (000060c0)     _ECanaMOTORegs

00006100     184 (00006100)     _ECanaMboxes

00006400     190 (00006400)     _Comp1Regs
00006420     190 (00006400)     _Comp2Regs

00006440     191 (00006440)     _Comp3Regs

00006800     1a0 (00006800)     _EPwm1Regs

00006840     1a1 (00006840)     _EPwm2Regs

00006880     1a2 (00006880)     _EPwm3Regs

000068c0     1a3 (000068c0)     _EPwm4Regs

00006900     1a4 (00006900)     _EPwm5Regs

00006940     1a5 (00006940)     _EPwm6Regs

00006980     1a6 (00006980)     _EPwm7Regs

000069c0     1a7 (000069c0)     _EPwm8Regs

00006a00     1a8 (00006a00)     _ECap1Regs
00006a20     1a8 (00006a00)     _ECap2Regs

00006a40     1a9 (00006a40)     _ECap3Regs

00006ac0     1ab (00006ac0)     _HRCap1Regs
00006ae0     1ab (00006ac0)     _HRCap2Regs

00006b00     1ac (00006b00)     _EQep1Regs

00006b40     1ad (00006b40)     _EQep2Regs

00006c80     1b2 (00006c80)     _HRCap3Regs
00006ca0     1b2 (00006c80)     _HRCap4Regs

00006f80     1be (00006f80)     _GpioCtrlRegs

00006fc0     1bf (00006fc0)     _GpioDataRegs
00006fe0     1bf (00006fc0)     _GpioIntRegs

00007010     1c0 (00007000)     _SysCtrlRegs

00007040     1c1 (00007040)     _SpiaRegs
00007050     1c1 (00007040)     _SciaRegs
00007060     1c1 (00007040)     _NmiIntruptRegs
00007070     1c1 (00007040)     _XIntruptRegs

00007100     1c4 (00007100)     _AdcRegs

00007740     1dd (00007740)     _SpibRegs
00007750     1dd (00007740)     _ScibRegs

00007900     1e4 (00007900)     _I2caRegs

0000a000     280 (0000a000)     _LoopCount
0000a001     280 (0000a000)     _ConversionCount
0000a002     280 (0000a000)     _pwm_cnt
0000a003     280 (0000a000)     _Voltage4
0000a00d     280 (0000a000)     _Voltage2
0000a017     280 (0000a000)     _Voltage1
0000a021     280 (0000a000)     _Voltage3
0000a02b     280 (0000a000)     _Voltage9
0000a035     280 (0000a000)     _Voltage10

0000a040     281 (0000a040)     _Voltage8
0000a04a     281 (0000a040)     _Voltage6
0000a054     281 (0000a040)     _Voltage7
0000a05e     281 (0000a040)     _Voltage5
0000a068     281 (0000a040)     _CpuTimer1
0000a070     281 (0000a040)     _CpuTimer2
0000a078     281 (0000a040)     _CpuTimer0

0000a080     282 (0000a080)     _RMS_Cnt
0000a081     282 (0000a080)     _RMS_Cnt_Max
0000a082     282 (0000a080)     _Vdc_ADC
0000a083     282 (0000a080)     _Vac_ADC
0000a084     282 (0000a080)     _Iac_ADC
0000a085     282 (0000a080)     _PFC_PWM_Period
0000a086     282 (0000a080)     _OV_flag
0000a087     282 (0000a080)     _flag_NL_Vloop
0000a088     282 (0000a080)     _Soft_Start_Phase
0000a089     282 (0000a080)     _start_flag
0000a08a     282 (0000a080)     _pfc_on_flag
0000a08b     282 (0000a080)     _init_boost
0000a08c     282 (0000a080)     _KpVdc
0000a08e     282 (0000a080)     _KiVdc
0000a090     282 (0000a080)     _Pac_avg
0000a092     282 (0000a080)     _RMS_Cnt_Max_Invserve
0000a094     282 (0000a080)     _Iac_RMS
0000a096     282 (0000a080)     _Vac_RMS
0000a098     282 (0000a080)     _Sum_Iac
0000a09a     282 (0000a080)     _Iac_ref
0000a09c     282 (0000a080)     _Vac_peak
0000a09e     282 (0000a080)     _Vdc_ref
0000a0a0     282 (0000a080)     _IS_ref
0000a0a2     282 (0000a080)     _Vdc_LPF
0000a0a4     282 (0000a080)     _Sum_Vac
0000a0a6     282 (0000a080)     _temp_zero
0000a0a8     282 (0000a080)     _PFC_Vdc1
0000a0aa     282 (0000a080)     _Limit
0000a0ac     282 (0000a080)     _Err_Vdc1
0000a0ae     282 (0000a080)     _KiIac
0000a0b0     282 (0000a080)     _Err_Vdc
0000a0b2     282 (0000a080)     _Err_Isa1
0000a0b4     282 (0000a080)     _Err_Isa
0000a0b6     282 (0000a080)     _VloopCtr
0000a0b8     282 (0000a080)     _Vac_offset
0000a0ba     282 (0000a080)     _PFC_Vdc_fb
0000a0bc     282 (0000a080)     _Vdc_offset
0000a0be     282 (0000a080)     _Iac_offset

0000a0c0     283 (0000a0c0)     _KpIac
0000a0c2     283 (0000a0c0)     _PFC_Pwm
0000a0c4     283 (0000a0c0)     _PFC_Iac_fb
0000a0c6     283 (0000a0c0)     _PFC_Vac_fb
0000a0c8     283 (0000a0c0)     ___TI_enable_exit_profile_output
0000a0ca     283 (0000a0c0)     ___TI_cleanup_ptr
0000a0cc     283 (0000a0c0)     ___TI_dtors_ptr
0000a0ce     283 (0000a0c0)     __lock
0000a0d0     283 (0000a0c0)     __unlock

003d7e80    f5fa (003d7e80)     _PartIdRegs

003f4b58    fd2d (003f4b40)     _PieVectTableInit

003f7ff8    fdff (003f7fc0)     _CsmPwl


GLOBAL SYMBOLS: SORTED ALPHABETICALLY BY Name 

page  address   name                            
----  -------   ----                            
0     003f4000  .text                           
0     003f4a3a  C$$EXIT                         
0     003f4b2b  FS$$DIV                         
0     003f40be  _ADCINT1_ISR                    
0     003f40c8  _ADCINT2_ISR                    
0     003f42d0  _ADCINT3_ISR                    
0     003f42da  _ADCINT4_ISR                    
0     003f42e4  _ADCINT5_ISR                    
0     003f42ee  _ADCINT6_ISR                    
0     003f42f8  _ADCINT7_ISR                    
0     003f4302  _ADCINT8_ISR                    
0     003f40e6  _ADCINT9_ISR                    
0     003f442b  _ADC_init                       
0     003f461f  _ADC_result                     
1     00007100  _AdcRegs                        
1     00000b00  _AdcResult                      
0     003f430c  _CLA1_INT1_ISR                  
0     003f4316  _CLA1_INT2_ISR                  
0     003f4320  _CLA1_INT3_ISR                  
0     003f432a  _CLA1_INT4_ISR                  
0     003f4334  _CLA1_INT5_ISR                  
0     003f433e  _CLA1_INT6_ISR                  
0     003f4348  _CLA1_INT7_ISR                  
0     003f4352  _CLA1_INT8_ISR                  
1     00001400  _Cla1Regs                       
1     00006400  _Comp1Regs                      
1     00006420  _Comp2Regs                      
1     00006440  _Comp3Regs                      
0     003f4975  _ConfigCpuTimer                 
1     0000a001  _ConversionCount                
1     0000a078  _CpuTimer0                      
1     00000c00  _CpuTimer0Regs                  
1     0000a068  _CpuTimer1                      
1     00000c08  _CpuTimer1Regs                  
1     0000a070  _CpuTimer2                      
1     00000c10  _CpuTimer2Regs                  
1     003f7ff8  _CsmPwl                         
1     00000ae0  _CsmRegs                        
0     003f48b3  _CsmUnlock                      
0     003f4014  _DATALOG_ISR                    
0     003f46ca  _DC_Voltage_Control             
0     003f4244  _DINTCH1_ISR                    
0     003f424e  _DINTCH2_ISR                    
0     003f4258  _DINTCH3_ISR                    
0     003f4262  _DINTCH4_ISR                    
0     003f426c  _DINTCH5_ISR                    
0     003f4276  _DINTCH6_ISR                    
0     0000806d  _DSP28x_usDelay                 
1     00000880  _DevEmuRegs                     
0     003f47d2  _DisableDog                     
1     00001000  _DmaRegs                        
0     003f42bc  _ECAN0INTA_ISR                  
0     003f42c6  _ECAN1INTA_ISR                  
0     003f41a4  _ECAP1_INT_ISR                  
0     003f41ae  _ECAP2_INT_ISR                  
0     003f41b8  _ECAP3_INT_ISR                  
1     00006040  _ECanaLAMRegs                   
1     000060c0  _ECanaMOTORegs                  
1     00006080  _ECanaMOTSRegs                  
1     00006100  _ECanaMboxes                    
1     00006000  _ECanaRegs                      
1     00006a00  _ECap1Regs                      
1     00006a20  _ECap2Regs                      
1     00006a40  _ECap3Regs                      
0     003f437a  _EMPTY_ISR                      
0     003f4028  _EMUINT_ISR                     
0     003f4154  _EPWM1_INT_ISR                  
0     003f4104  _EPWM1_TZINT_ISR                
0     003f415e  _EPWM2_INT_ISR                  
0     003f410e  _EPWM2_TZINT_ISR                
0     003f4168  _EPWM3_INT_ISR                  
0     003f4118  _EPWM3_TZINT_ISR                
0     003f4172  _EPWM4_INT_ISR                  
0     003f4122  _EPWM4_TZINT_ISR                
0     003f417c  _EPWM5_INT_ISR                  
0     003f412c  _EPWM5_TZINT_ISR                
0     003f4186  _EPWM6_INT_ISR                  
0     003f4136  _EPWM6_TZINT_ISR                
0     003f4190  _EPWM7_INT_ISR                  
0     003f4140  _EPWM7_TZINT_ISR                
0     003f419a  _EPWM8_INT_ISR                  
0     003f414a  _EPWM8_TZINT_ISR                
0     003f44f5  _EPWM_init                      
1     00006800  _EPwm1Regs                      
1     00006840  _EPwm2Regs                      
1     00006880  _EPwm3Regs                      
1     000068c0  _EPwm4Regs                      
1     00006900  _EPwm5Regs                      
1     00006940  _EPwm6Regs                      
1     00006980  _EPwm7Regs                      
1     000069c0  _EPwm8Regs                      
0     003f41d6  _EQEP1_INT_ISR                  
0     003f41e0  _EQEP2_INT_ISR                  
1     00006b00  _EQep1Regs                      
1     00006b40  _EQep2Regs                      
1     00000d01  _EmuBMode                       
1     00000d00  _EmuKey                         
0     003f4a82  _EnableInterrupts               
1     0000a0b4  _Err_Isa                        
1     0000a0b2  _Err_Isa1                       
1     0000a0b0  _Err_Vdc                        
1     0000a0ac  _Err_Vdc1                       
0     003f4924  _ExtOscSel                      
1     00000a80  _FlashRegs                      
1     00000d04  _Flash_CPUScaleFactor           
1     00000d02  _Flash_CallbackPtr              
0     003f439b  _GPIO_init                      
1     00006f80  _GpioCtrlRegs                   
1     00006fc0  _GpioDataRegs                   
1     00006fe0  _GpioIntRegs                    
0     003f41c2  _HRCAP1_INT_ISR                 
0     003f41cc  _HRCAP2_INT_ISR                 
0     003f41ea  _HRCAP3_INT_ISR                 
0     003f41f4  _HRCAP4_INT_ISR                 
1     00006ac0  _HRCap1Regs                     
1     00006ae0  _HRCap2Regs                     
1     00006c80  _HRCap3Regs                     
1     00006ca0  _HRCap4Regs                     
0     003f4280  _I2CINT1A_ISR                   
0     003f428a  _I2CINT2A_ISR                   
1     00007900  _I2caRegs                       
0     003f403c  _ILLEGAL_ISR                    
0     003f4000  _INT13_ISR                      
0     003f400a  _INT14_ISR                      
1     0000a0a0  _IS_ref                         
1     0000a084  _Iac_ADC                        
1     0000a094  _Iac_RMS                        
1     0000a0be  _Iac_offset                     
1     0000a09a  _Iac_ref                        
0     003f493a  _InitCpuTimers                  
0     00008052  _InitFlash                      
0     003f485d  _InitPeripheralClocks           
0     003f4a63  _InitPieCtrl                    
0     003f4a8b  _InitPieVectTable               
0     003f47da  _InitPll                        
0     003f482f  _InitPll2                       
0     003f47ae  _InitSysCtrl                    
0     003f48e4  _IntOsc1Sel                     
0     003f48f4  _IntOsc2Sel                     
0     003f45f6  _Interrupt_Setting              
1     0000a0ae  _KiIac                          
1     0000a08e  _KiVdc                          
1     0000a0c0  _KpIac                          
1     0000a08c  _KpVdc                          
0     003f4370  _LUF_ISR                        
0     003f4366  _LVF_ISR                        
1     0000a0aa  _Limit                          
1     0000a000  _LoopCount                      
0     003f4230  _MRINTA_ISR                     
0     003f423a  _MXINTA_ISR                     
1     00005000  _McbspaRegs                     
0     003f4032  _NMI_ISR                        
1     00007060  _NmiIntruptRegs                 
1     0000a086  _OV_flag                        
0     003f470b  _PFC_Current_Control            
1     0000a0c4  _PFC_Iac_fb                     
0     003f46c0  _PFC_Init                       
1     0000a085  _PFC_PWM_Period                 
1     0000a0c2  _PFC_Pwm                        
1     0000a0c6  _PFC_Vac_fb                     
1     0000a0a8  _PFC_Vdc1                       
1     0000a0ba  _PFC_Vdc_fb                     
0     003f4387  _PIE_RESERVED                   
1     0000a090  _Pac_avg                        
1     003d7e80  _PartIdRegs                     
1     00000ce0  _PieCtrlRegs                    
1     00000d00  _PieVectTable                   
0     003f4b58  _PieVectTableInit               
0     003f4681  _RMS_Calculation                
1     0000a080  _RMS_Cnt                        
1     0000a081  _RMS_Cnt_Max                    
1     0000a092  _RMS_Cnt_Max_Invserve           
0     003f401e  _RTOSINT_ISR                    
0     003e8004  _RamfuncsLoadEnd                
0     003e8000  _RamfuncsLoadStart              
0     00008000  _RamfuncsRunStart               
0     003f4294  _SCIRXINTA_ISR                  
0     003f42a8  _SCIRXINTB_ISR                  
0     003f429e  _SCITXINTA_ISR                  
0     003f42b2  _SCITXINTB_ISR                  
0     003f4208  _SPIRXINTA_ISR                  
0     003f421c  _SPIRXINTB_ISR                  
0     003f4212  _SPITXINTA_ISR                  
0     003f4226  _SPITXINTB_ISR                  
1     00007050  _SciaRegs                       
1     00007750  _ScibRegs                       
0     003f47c8  _ServiceDog                     
1     0000a088  _Soft_Start_Phase               
1     00007040  _SpiaRegs                       
1     00007740  _SpibRegs                       
1     0000a098  _Sum_Iac                        
1     0000a0a4  _Sum_Vac                        
0     00008000  _SysCtl_delay                   
1     00007010  _SysCtrlRegs                    
1     00000985  _SysPwrCtrlRegs                 
0     003f40f0  _TINT0_ISR                      
0     003f41fe  _USB0_INT_ISR                   
0     003f40a0  _USER10_ISR                     
0     003f40aa  _USER11_ISR                     
0     003f40b4  _USER12_ISR                     
0     003f4046  _USER1_ISR                      
0     003f4050  _USER2_ISR                      
0     003f405a  _USER3_ISR                      
0     003f4064  _USER4_ISR                      
0     003f406e  _USER5_ISR                      
0     003f4078  _USER6_ISR                      
0     003f4082  _USER7_ISR                      
0     003f408c  _USER8_ISR                      
0     003f4096  _USER9_ISR                      
1     00004000  _Usb0Regs                       
1     0000a083  _Vac_ADC                        
1     0000a096  _Vac_RMS                        
1     0000a0b8  _Vac_offset                     
1     0000a09c  _Vac_peak                       
1     0000a082  _Vdc_ADC                        
1     0000a0a2  _Vdc_LPF                        
1     0000a0bc  _Vdc_offset                     
1     0000a09e  _Vdc_ref                        
1     0000a0b6  _VloopCtr                       
1     0000a017  _Voltage1                       
1     0000a035  _Voltage10                      
1     0000a00d  _Voltage2                       
1     0000a021  _Voltage3                       
1     0000a003  _Voltage4                       
1     0000a05e  _Voltage5                       
1     0000a04a  _Voltage6                       
1     0000a054  _Voltage7                       
1     0000a040  _Voltage8                       
1     0000a02b  _Voltage9                       
0     003f40fa  _WAKEINT_ISR                    
0     003f40d2  _XINT1_ISR                      
0     003f40dc  _XINT2_ISR                      
0     003f435c  _XINT3_ISR                      
1     00007070  _XIntruptRegs                   
0     003f4908  _XtalOscSel                     
1     00000250  __STACK_END                     
abs   00000200  __STACK_SIZE                    
1     0000a0ca  ___TI_cleanup_ptr               
1     0000a0cc  ___TI_dtors_ptr                 
1     0000a0c8  ___TI_enable_exit_profile_output
abs   ffffffff  ___TI_pprof_out_hndl            
abs   ffffffff  ___TI_prof_data_size            
abs   ffffffff  ___TI_prof_data_start           
abs   ffffffff  ___binit__                      
abs   ffffffff  ___c_args__                     
0     003f4c58  ___cinit__                      
0     003f4b58  ___etext__                      
abs   ffffffff  ___pinit__                      
0     003f4000  ___text__                       
0     003f4b12  __args_main                     
1     0000a0ce  __lock                          
0     003f4b4c  __nop                           
0     003f4b48  __register_lock                 
0     003f4b44  __register_unlock               
1     00000050  __stack                         
0     003f4b57  __system_post_cinit             
0     003f4b55  __system_pre_init               
1     0000a0d0  __unlock                        
0     003f4a3a  _abort                          
0     00008019  _adc_isr                        
0     003f49b0  _c_int00                        
0     003f4ab1  _copy_in                        
0     003f4a06  _cpu_timer0_isr                 
0     00008004  _epwm7_isr                      
0     003f4a3c  _exit                           
1     0000a087  _flag_NL_Vloop                  
1     0000a08b  _init_boost                     
0     003f4ad5  _main                           
0     003f4af4  _memcpy                         
1     0000a08a  _pfc_on_flag                    
1     0000a002  _pwm_cnt                        
0     003f4391  _rsvd_ISR                       
1     0000a089  _start_flag                     
1     0000a0a6  _temp_zero                      
abs   ffffffff  binit                           
0     003f4c58  cinit                           
0     003f7ff6  code_start                      
0     003f4b58  etext                           
abs   ffffffff  pinit                           


GLOBAL SYMBOLS: SORTED BY Symbol Address 

page  address   name                            
----  -------   ----                            
0     00008000  _RamfuncsRunStart               
0     00008000  _SysCtl_delay                   
0     00008004  _epwm7_isr                      
0     00008019  _adc_isr                        
0     00008052  _InitFlash                      
0     0000806d  _DSP28x_usDelay                 
0     003e8000  _RamfuncsLoadStart              
0     003e8004  _RamfuncsLoadEnd                
0     003f4000  .text                           
0     003f4000  _INT13_ISR                      
0     003f4000  ___text__                       
0     003f400a  _INT14_ISR                      
0     003f4014  _DATALOG_ISR                    
0     003f401e  _RTOSINT_ISR                    
0     003f4028  _EMUINT_ISR                     
0     003f4032  _NMI_ISR                        
0     003f403c  _ILLEGAL_ISR                    
0     003f4046  _USER1_ISR                      
0     003f4050  _USER2_ISR                      
0     003f405a  _USER3_ISR                      
0     003f4064  _USER4_ISR                      
0     003f406e  _USER5_ISR                      
0     003f4078  _USER6_ISR                      
0     003f4082  _USER7_ISR                      
0     003f408c  _USER8_ISR                      
0     003f4096  _USER9_ISR                      
0     003f40a0  _USER10_ISR                     
0     003f40aa  _USER11_ISR                     
0     003f40b4  _USER12_ISR                     
0     003f40be  _ADCINT1_ISR                    
0     003f40c8  _ADCINT2_ISR                    
0     003f40d2  _XINT1_ISR                      
0     003f40dc  _XINT2_ISR                      
0     003f40e6  _ADCINT9_ISR                    
0     003f40f0  _TINT0_ISR                      
0     003f40fa  _WAKEINT_ISR                    
0     003f4104  _EPWM1_TZINT_ISR                
0     003f410e  _EPWM2_TZINT_ISR                
0     003f4118  _EPWM3_TZINT_ISR                
0     003f4122  _EPWM4_TZINT_ISR                
0     003f412c  _EPWM5_TZINT_ISR                
0     003f4136  _EPWM6_TZINT_ISR                
0     003f4140  _EPWM7_TZINT_ISR                
0     003f414a  _EPWM8_TZINT_ISR                
0     003f4154  _EPWM1_INT_ISR                  
0     003f415e  _EPWM2_INT_ISR                  
0     003f4168  _EPWM3_INT_ISR                  
0     003f4172  _EPWM4_INT_ISR                  
0     003f417c  _EPWM5_INT_ISR                  
0     003f4186  _EPWM6_INT_ISR                  
0     003f4190  _EPWM7_INT_ISR                  
0     003f419a  _EPWM8_INT_ISR                  
0     003f41a4  _ECAP1_INT_ISR                  
0     003f41ae  _ECAP2_INT_ISR                  
0     003f41b8  _ECAP3_INT_ISR                  
0     003f41c2  _HRCAP1_INT_ISR                 
0     003f41cc  _HRCAP2_INT_ISR                 
0     003f41d6  _EQEP1_INT_ISR                  
0     003f41e0  _EQEP2_INT_ISR                  
0     003f41ea  _HRCAP3_INT_ISR                 
0     003f41f4  _HRCAP4_INT_ISR                 
0     003f41fe  _USB0_INT_ISR                   
0     003f4208  _SPIRXINTA_ISR                  
0     003f4212  _SPITXINTA_ISR                  
0     003f421c  _SPIRXINTB_ISR                  
0     003f4226  _SPITXINTB_ISR                  
0     003f4230  _MRINTA_ISR                     
0     003f423a  _MXINTA_ISR                     
0     003f4244  _DINTCH1_ISR                    
0     003f424e  _DINTCH2_ISR                    
0     003f4258  _DINTCH3_ISR                    
0     003f4262  _DINTCH4_ISR                    
0     003f426c  _DINTCH5_ISR                    
0     003f4276  _DINTCH6_ISR                    
0     003f4280  _I2CINT1A_ISR                   
0     003f428a  _I2CINT2A_ISR                   
0     003f4294  _SCIRXINTA_ISR                  
0     003f429e  _SCITXINTA_ISR                  
0     003f42a8  _SCIRXINTB_ISR                  
0     003f42b2  _SCITXINTB_ISR                  
0     003f42bc  _ECAN0INTA_ISR                  
0     003f42c6  _ECAN1INTA_ISR                  
0     003f42d0  _ADCINT3_ISR                    
0     003f42da  _ADCINT4_ISR                    
0     003f42e4  _ADCINT5_ISR                    
0     003f42ee  _ADCINT6_ISR                    
0     003f42f8  _ADCINT7_ISR                    
0     003f4302  _ADCINT8_ISR                    
0     003f430c  _CLA1_INT1_ISR                  
0     003f4316  _CLA1_INT2_ISR                  
0     003f4320  _CLA1_INT3_ISR                  
0     003f432a  _CLA1_INT4_ISR                  
0     003f4334  _CLA1_INT5_ISR                  
0     003f433e  _CLA1_INT6_ISR                  
0     003f4348  _CLA1_INT7_ISR                  
0     003f4352  _CLA1_INT8_ISR                  
0     003f435c  _XINT3_ISR                      
0     003f4366  _LVF_ISR                        
0     003f4370  _LUF_ISR                        
0     003f437a  _EMPTY_ISR                      
0     003f4387  _PIE_RESERVED                   
0     003f4391  _rsvd_ISR                       
0     003f439b  _GPIO_init                      
0     003f442b  _ADC_init                       
0     003f44f5  _EPWM_init                      
0     003f45f6  _Interrupt_Setting              
0     003f461f  _ADC_result                     
0     003f4681  _RMS_Calculation                
0     003f46c0  _PFC_Init                       
0     003f46ca  _DC_Voltage_Control             
0     003f470b  _PFC_Current_Control            
0     003f47ae  _InitSysCtrl                    
0     003f47c8  _ServiceDog                     
0     003f47d2  _DisableDog                     
0     003f47da  _InitPll                        
0     003f482f  _InitPll2                       
0     003f485d  _InitPeripheralClocks           
0     003f48b3  _CsmUnlock                      
0     003f48e4  _IntOsc1Sel                     
0     003f48f4  _IntOsc2Sel                     
0     003f4908  _XtalOscSel                     
0     003f4924  _ExtOscSel                      
0     003f493a  _InitCpuTimers                  
0     003f4975  _ConfigCpuTimer                 
0     003f49b0  _c_int00                        
0     003f4a06  _cpu_timer0_isr                 
0     003f4a3a  C$$EXIT                         
0     003f4a3a  _abort                          
0     003f4a3c  _exit                           
0     003f4a63  _InitPieCtrl                    
0     003f4a82  _EnableInterrupts               
0     003f4a8b  _InitPieVectTable               
0     003f4ab1  _copy_in                        
0     003f4ad5  _main                           
0     003f4af4  _memcpy                         
0     003f4b12  __args_main                     
0     003f4b2b  FS$$DIV                         
0     003f4b44  __register_unlock               
0     003f4b48  __register_lock                 
0     003f4b4c  __nop                           
0     003f4b55  __system_pre_init               
0     003f4b57  __system_post_cinit             
0     003f4b58  _PieVectTableInit               
0     003f4b58  ___etext__                      
0     003f4b58  etext                           
0     003f4c58  ___cinit__                      
0     003f4c58  cinit                           
0     003f7ff6  code_start                      
1     00000050  __stack                         
1     00000250  __STACK_END                     
1     00000880  _DevEmuRegs                     
1     00000985  _SysPwrCtrlRegs                 
1     00000a80  _FlashRegs                      
1     00000ae0  _CsmRegs                        
1     00000b00  _AdcResult                      
1     00000c00  _CpuTimer0Regs                  
1     00000c08  _CpuTimer1Regs                  
1     00000c10  _CpuTimer2Regs                  
1     00000ce0  _PieCtrlRegs                    
1     00000d00  _EmuKey                         
1     00000d00  _PieVectTable                   
1     00000d01  _EmuBMode                       
1     00000d02  _Flash_CallbackPtr              
1     00000d04  _Flash_CPUScaleFactor           
1     00001000  _DmaRegs                        
1     00001400  _Cla1Regs                       
1     00004000  _Usb0Regs                       
1     00005000  _McbspaRegs                     
1     00006000  _ECanaRegs                      
1     00006040  _ECanaLAMRegs                   
1     00006080  _ECanaMOTSRegs                  
1     000060c0  _ECanaMOTORegs                  
1     00006100  _ECanaMboxes                    
1     00006400  _Comp1Regs                      
1     00006420  _Comp2Regs                      
1     00006440  _Comp3Regs                      
1     00006800  _EPwm1Regs                      
1     00006840  _EPwm2Regs                      
1     00006880  _EPwm3Regs                      
1     000068c0  _EPwm4Regs                      
1     00006900  _EPwm5Regs                      
1     00006940  _EPwm6Regs                      
1     00006980  _EPwm7Regs                      
1     000069c0  _EPwm8Regs                      
1     00006a00  _ECap1Regs                      
1     00006a20  _ECap2Regs                      
1     00006a40  _ECap3Regs                      
1     00006ac0  _HRCap1Regs                     
1     00006ae0  _HRCap2Regs                     
1     00006b00  _EQep1Regs                      
1     00006b40  _EQep2Regs                      
1     00006c80  _HRCap3Regs                     
1     00006ca0  _HRCap4Regs                     
1     00006f80  _GpioCtrlRegs                   
1     00006fc0  _GpioDataRegs                   
1     00006fe0  _GpioIntRegs                    
1     00007010  _SysCtrlRegs                    
1     00007040  _SpiaRegs                       
1     00007050  _SciaRegs                       
1     00007060  _NmiIntruptRegs                 
1     00007070  _XIntruptRegs                   
1     00007100  _AdcRegs                        
1     00007740  _SpibRegs                       
1     00007750  _ScibRegs                       
1     00007900  _I2caRegs                       
1     0000a000  _LoopCount                      
1     0000a001  _ConversionCount                
1     0000a002  _pwm_cnt                        
1     0000a003  _Voltage4                       
1     0000a00d  _Voltage2                       
1     0000a017  _Voltage1                       
1     0000a021  _Voltage3                       
1     0000a02b  _Voltage9                       
1     0000a035  _Voltage10                      
1     0000a040  _Voltage8                       
1     0000a04a  _Voltage6                       
1     0000a054  _Voltage7                       
1     0000a05e  _Voltage5                       
1     0000a068  _CpuTimer1                      
1     0000a070  _CpuTimer2                      
1     0000a078  _CpuTimer0                      
1     0000a080  _RMS_Cnt                        
1     0000a081  _RMS_Cnt_Max                    
1     0000a082  _Vdc_ADC                        
1     0000a083  _Vac_ADC                        
1     0000a084  _Iac_ADC                        
1     0000a085  _PFC_PWM_Period                 
1     0000a086  _OV_flag                        
1     0000a087  _flag_NL_Vloop                  
1     0000a088  _Soft_Start_Phase               
1     0000a089  _start_flag                     
1     0000a08a  _pfc_on_flag                    
1     0000a08b  _init_boost                     
1     0000a08c  _KpVdc                          
1     0000a08e  _KiVdc                          
1     0000a090  _Pac_avg                        
1     0000a092  _RMS_Cnt_Max_Invserve           
1     0000a094  _Iac_RMS                        
1     0000a096  _Vac_RMS                        
1     0000a098  _Sum_Iac                        
1     0000a09a  _Iac_ref                        
1     0000a09c  _Vac_peak                       
1     0000a09e  _Vdc_ref                        
1     0000a0a0  _IS_ref                         
1     0000a0a2  _Vdc_LPF                        
1     0000a0a4  _Sum_Vac                        
1     0000a0a6  _temp_zero                      
1     0000a0a8  _PFC_Vdc1                       
1     0000a0aa  _Limit                          
1     0000a0ac  _Err_Vdc1                       
1     0000a0ae  _KiIac                          
1     0000a0b0  _Err_Vdc                        
1     0000a0b2  _Err_Isa1                       
1     0000a0b4  _Err_Isa                        
1     0000a0b6  _VloopCtr                       
1     0000a0b8  _Vac_offset                     
1     0000a0ba  _PFC_Vdc_fb                     
1     0000a0bc  _Vdc_offset                     
1     0000a0be  _Iac_offset                     
1     0000a0c0  _KpIac                          
1     0000a0c2  _PFC_Pwm                        
1     0000a0c4  _PFC_Iac_fb                     
1     0000a0c6  _PFC_Vac_fb                     
1     0000a0c8  ___TI_enable_exit_profile_output
1     0000a0ca  ___TI_cleanup_ptr               
1     0000a0cc  ___TI_dtors_ptr                 
1     0000a0ce  __lock                          
1     0000a0d0  __unlock                        
1     003d7e80  _PartIdRegs                     
1     003f7ff8  _CsmPwl                         
abs   00000200  __STACK_SIZE                    
abs   ffffffff  ___TI_pprof_out_hndl            
abs   ffffffff  ___TI_prof_data_size            
abs   ffffffff  ___TI_prof_data_start           
abs   ffffffff  ___binit__                      
abs   ffffffff  ___c_args__                     
abs   ffffffff  ___pinit__                      
abs   ffffffff  binit                           
abs   ffffffff  pinit                           

[279 symbols]
